== Core Bitcoin Core RPC client version v29.4.0 chain=main blocks 0 peers=0
29.4 kofn-nums import_ok=True [] ['Range not given, using default keypool range'] wallet_addrs=MATCH
   wallet: bc1peatq4w73xp52a7rpj958727j8flmtq2yzecglqc0y9n3l5mycc5shzqtmx bc1p2wt6gyetdz5rk9p2h489f5y2qye05w3q26mjypc4jlr787f7s8rqe8mdxp bc1puz6ucwyhdln3h6s02lysd9q00jt5t25kspvq4xq5vuus59lha3uszyp9kv bc1p8ztlg22t66mvll7h7nsgafmfpqqcfpfgmanf3tl4uvkdyqcs80dq6c4rw6 
   device: bc1peatq4w73xp52a7rpj958727j8flmtq2yzecglqc0y9n3l5mycc5shzqtmx bc1p2wt6gyetdz5rk9p2h489f5y2qye05w3q26mjypc4jlr787f7s8rqe8mdxp bc1puz6ucwyhdln3h6s02lysd9q00jt5t25kspvq4xq5vuus59lha3uszyp9kv bc1p8ztlg22t66mvll7h7nsgafmfpqqcfpfgmanf3tl4uvkdyqcs80dq6c4rw6 
   deriveaddresses(multipath,[0,1]): [["bc1peatq4w73xp52a7rpj958727j8flmtq2yzecglqc0y9n3l5mycc5shzqtmx","bc1p2wt6gyetdz5rk9p2h489f5y2qye05w3q26mjypc4jlr787f7s8rqe8mdxp"],["bc1puz6ucwyhdln3h6s02lysd9q00jt5t25kspvq4xq5vuus59lha3uszyp9kv","bc1p8ztlg22t66mvll7h7nsgafmfpqqcfpfgmanf3tl4uvkdyqcs80dq6c4rw6"]]
29.4 kofn-liana import_ok=True [] ['Range not given, using default keypool range'] wallet_addrs=MATCH
   wallet: bc1pzea594xzjqa8uk3u20m3vcncx5n9dxsqrjhgp2dj84ppny2xzl3sh8xxuy bc1phwrznegy03skxd6c8w6ndf7pnm64m9phgrn00gz96rdmnakpdxhqjfqs2r bc1pccqzdtxd427dxmyh4e49uljrk4ldzanuy90nx55ceynl9gelju9sfsrn7y bc1p6nsd4p8tqjarw34lkqlp76hqce2gz5zscu3xcmstk0c72llky7tqp5wm6j 
   device: bc1pzea594xzjqa8uk3u20m3vcncx5n9dxsqrjhgp2dj84ppny2xzl3sh8xxuy bc1phwrznegy03skxd6c8w6ndf7pnm64m9phgrn00gz96rdmnakpdxhqjfqs2r bc1pccqzdtxd427dxmyh4e49uljrk4ldzanuy90nx55ceynl9gelju9sfsrn7y bc1p6nsd4p8tqjarw34lkqlp76hqce2gz5zscu3xcmstk0c72llky7tqp5wm6j 
   deriveaddresses(multipath,[0,1]): [["bc1pzea594xzjqa8uk3u20m3vcncx5n9dxsqrjhgp2dj84ppny2xzl3sh8xxuy","bc1phwrznegy03skxd6c8w6ndf7pnm64m9phgrn00gz96rdmnakpdxhqjfqs2r"],["bc1pccqzdtxd427dxmyh4e49uljrk4ldzanuy90nx55ceynl9gelju9sfsrn7y","bc1p6nsd4p8tqjarw34lkqlp76hqce2gz5zscu3xcmstk0c72llky7tqp5wm6j"]]
29.4 tiered-nums import_ok=True [] ['Range not given, using default keypool range'] wallet_addrs=MATCH
   wallet: bc1pp5khptg4r6a5v2jhu9yt87pz4fx0g02tp9xy5raze6cn5g8fwudshk3rpu bc1pw4hvpfjdcx5vrtm0lfltrp0rrhg8ktdmuszwmsa3zdv5vd8zv85q7l6uvd bc1pq9krawz3kqgns45laleew482hfq6ump3w5stgcws2haaghnpp35qpsxlc0 bc1pjchsrscpf9maemz6cv5ug5s7h2fpcnm6nngqzsjafykuzecj49wq2dk9zw 
   device: bc1pp5khptg4r6a5v2jhu9yt87pz4fx0g02tp9xy5raze6cn5g8fwudshk3rpu bc1pw4hvpfjdcx5vrtm0lfltrp0rrhg8ktdmuszwmsa3zdv5vd8zv85q7l6uvd bc1pq9krawz3kqgns45laleew482hfq6ump3w5stgcws2haaghnpp35qpsxlc0 bc1pjchsrscpf9maemz6cv5ug5s7h2fpcnm6nngqzsjafykuzecj49wq2dk9zw 
   deriveaddresses(multipath,[0,1]): [["bc1pp5khptg4r6a5v2jhu9yt87pz4fx0g02tp9xy5raze6cn5g8fwudshk3rpu","bc1pw4hvpfjdcx5vrtm0lfltrp0rrhg8ktdmuszwmsa3zdv5vd8zv85q7l6uvd"],["bc1pq9krawz3kqgns45laleew482hfq6ump3w5stgcws2haaghnpp35qpsxlc0","bc1pjchsrscpf9maemz6cv5ug5s7h2fpcnm6nngqzsjafykuzecj49wq2dk9zw"]]
29.4 tiered-liana import_ok=True [] ['Range not given, using default keypool range'] wallet_addrs=MATCH
   wallet: bc1puvnkt9fvm7ckmrg2un5j9phwhgqks53sc8cymxde5haadleqykzsc5azg4 bc1pvmxkvzudcrd8tzzvy3xaz7j90hgjn47kc2g2cvtc8hl5fe0tu8vs8yqyc0 bc1ptl4tdunpp0wvx8uy0vudsphn43lnuvn58d8pve0vqc35pkur4rhqxst8wy bc1pjvenxklt4zd30c0ycfz60u5yvwqj2xnhryj7lvef7amq58adk97sceu473 
   device: bc1puvnkt9fvm7ckmrg2un5j9phwhgqks53sc8cymxde5haadleqykzsc5azg4 bc1pvmxkvzudcrd8tzzvy3xaz7j90hgjn47kc2g2cvtc8hl5fe0tu8vs8yqyc0 bc1ptl4tdunpp0wvx8uy0vudsphn43lnuvn58d8pve0vqc35pkur4rhqxst8wy bc1pjvenxklt4zd30c0ycfz60u5yvwqj2xnhryj7lvef7amq58adk97sceu473 
   deriveaddresses(multipath,[0,1]): [["bc1puvnkt9fvm7ckmrg2un5j9phwhgqks53sc8cymxde5haadleqykzsc5azg4","bc1pvmxkvzudcrd8tzzvy3xaz7j90hgjn47kc2g2cvtc8hl5fe0tu8vs8yqyc0"],["bc1ptl4tdunpp0wvx8uy0vudsphn43lnuvn58d8pve0vqc35pkur4rhqxst8wy","bc1pjvenxklt4zd30c0ycfz60u5yvwqj2xnhryj7lvef7amq58adk97sceu473"]]
29.4 kofn-nums-distinct import_ok=True [] ['Range not given, using default keypool range'] wallet_addrs=MATCH
   wallet: bc1pjj05wkesvf9qluah325uz9cmk0ctjxgx0kug4ht84ukummqlg0kqhgp8rl bc1p229c7z46n382pdvjqy4z38h6kd0nyvy5r7rx3kgdv7k0uahaujlqjdt4xp bc1p65xe69x0uuvsyl92yq2cmd9sgklvk5swd3f03zev7gkfy0rxdq7qnp5mwq bc1p5z3a5k8esyky3n08gvk0h539ff7n762rngs5hu2rch3falgvyceqm72kdz 
   device: bc1pjj05wkesvf9qluah325uz9cmk0ctjxgx0kug4ht84ukummqlg0kqhgp8rl bc1p229c7z46n382pdvjqy4z38h6kd0nyvy5r7rx3kgdv7k0uahaujlqjdt4xp bc1p65xe69x0uuvsyl92yq2cmd9sgklvk5swd3f03zev7gkfy0rxdq7qnp5mwq bc1p5z3a5k8esyky3n08gvk0h539ff7n762rngs5hu2rch3falgvyceqm72kdz 
   deriveaddresses(multipath,[0,1]): [["bc1pjj05wkesvf9qluah325uz9cmk0ctjxgx0kug4ht84ukummqlg0kqhgp8rl","bc1p229c7z46n382pdvjqy4z38h6kd0nyvy5r7rx3kgdv7k0uahaujlqjdt4xp"],["bc1p65xe69x0uuvsyl92yq2cmd9sgklvk5swd3f03zev7gkfy0rxdq7qnp5mwq","bc1p5z3a5k8esyky3n08gvk0h539ff7n762rngs5hu2rch3falgvyceqm72kdz"]]
29.4 kofn-liana-distinct import_ok=True [] ['Range not given, using default keypool range'] wallet_addrs=MATCH
   wallet: bc1pl0qghel2uqxp3q6kah6c4fga7xp6pcmtsa7w6kg32kn7q9pl95eq6sq55n bc1p56newhfjx9s2zftqyplqvprxln7vl6053086gnlxgsd9nxgs8g4s3te62x bc1psdclg57x2f0pasj6dyjnmn9f5talky9f635fl54fefkp4ldzfeqsm5t8kz bc1p2056u8e8hm8wf7388yat26cs66hmnuuzqqe9lg268ts53pzxdgtsgm6xv7 
   device: bc1pl0qghel2uqxp3q6kah6c4fga7xp6pcmtsa7w6kg32kn7q9pl95eq6sq55n bc1p56newhfjx9s2zftqyplqvprxln7vl6053086gnlxgsd9nxgs8g4s3te62x bc1psdclg57x2f0pasj6dyjnmn9f5talky9f635fl54fefkp4ldzfeqsm5t8kz bc1p2056u8e8hm8wf7388yat26cs66hmnuuzqqe9lg268ts53pzxdgtsgm6xv7 
   deriveaddresses(multipath,[0,1]): [["bc1pl0qghel2uqxp3q6kah6c4fga7xp6pcmtsa7w6kg32kn7q9pl95eq6sq55n","bc1p56newhfjx9s2zftqyplqvprxln7vl6053086gnlxgsd9nxgs8g4s3te62x"],["bc1psdclg57x2f0pasj6dyjnmn9f5talky9f635fl54fefkp4ldzfeqsm5t8kz","bc1p2056u8e8hm8wf7388yat26cs66hmnuuzqqe9lg268ts53pzxdgtsgm6xv7"]]
29.4 tiered-nums-distinct import_ok=True [] ['Range not given, using default keypool range'] wallet_addrs=MATCH
   wallet: bc1pcsh98yd6d7fqc6t9pa2jehnnpns94z2996a9rwdcjupd9kuyq5yst35f02 bc1pmr6ukktjz40vcg4y36kkshtjnvdjvt03mx44nzhwqk6ktswzszgswzzyms bc1pqpxaswxm9k52ut74j9n0m7d76cauprhsyrkyzk7z4az0m376y7zq5dsly8 bc1plp3qvh6vjtmax2ys7t6t4wjxdmz8pvpary4l4g8zh8k60c7gr6zs3k9ml2 
   device: bc1pcsh98yd6d7fqc6t9pa2jehnnpns94z2996a9rwdcjupd9kuyq5yst35f02 bc1pmr6ukktjz40vcg4y36kkshtjnvdjvt03mx44nzhwqk6ktswzszgswzzyms bc1pqpxaswxm9k52ut74j9n0m7d76cauprhsyrkyzk7z4az0m376y7zq5dsly8 bc1plp3qvh6vjtmax2ys7t6t4wjxdmz8pvpary4l4g8zh8k60c7gr6zs3k9ml2 
   deriveaddresses(multipath,[0,1]): [["bc1pcsh98yd6d7fqc6t9pa2jehnnpns94z2996a9rwdcjupd9kuyq5yst35f02","bc1pmr6ukktjz40vcg4y36kkshtjnvdjvt03mx44nzhwqk6ktswzszgswzzyms"],["bc1pqpxaswxm9k52ut74j9n0m7d76cauprhsyrkyzk7z4az0m376y7zq5dsly8","bc1plp3qvh6vjtmax2ys7t6t4wjxdmz8pvpary4l4g8zh8k60c7gr6zs3k9ml2"]]
29.4 tiered-liana-distinct import_ok=True [] ['Range not given, using default keypool range'] wallet_addrs=MATCH
   wallet: bc1pwtcsr8l4sr9df9h96dgj6jyw9yy3dwwtjcckrn6lwcxrw7d6ua4qa05h0g bc1prmvj8g0drrrak0dy692e0yc5y7hpp8vdlva6lwzjzqyuuckdq4dqrmtpwk bc1p5n8rwy7hqu9vt3v7nz3jhgw6ae5ta5p4cy27pyncj7a382fqgddsnjmlsj bc1pffdjy2an8cpt4467wukazwme0neqvm7e3w5ahudt8c9cvkeq5g8sfcjtl6 
   device: bc1pwtcsr8l4sr9df9h96dgj6jyw9yy3dwwtjcckrn6lwcxrw7d6ua4qa05h0g bc1prmvj8g0drrrak0dy692e0yc5y7hpp8vdlva6lwzjzqyuuckdq4dqrmtpwk bc1p5n8rwy7hqu9vt3v7nz3jhgw6ae5ta5p4cy27pyncj7a382fqgddsnjmlsj bc1pffdjy2an8cpt4467wukazwme0neqvm7e3w5ahudt8c9cvkeq5g8sfcjtl6 
   deriveaddresses(multipath,[0,1]): [["bc1pwtcsr8l4sr9df9h96dgj6jyw9yy3dwwtjcckrn6lwcxrw7d6ua4qa05h0g","bc1prmvj8g0drrrak0dy692e0yc5y7hpp8vdlva6lwzjzqyuuckdq4dqrmtpwk"],["bc1p5n8rwy7hqu9vt3v7nz3jhgw6ae5ta5p4cy27pyncj7a382fqgddsnjmlsj","bc1pffdjy2an8cpt4467wukazwme0neqvm7e3w5ahudt8c9cvkeq5g8sfcjtl6"]]
== Core Bitcoin Core RPC client version v31.1.0 chain=main blocks 0 peers=0
31.1 kofn-nums import_ok=True [] ['Range not given, using default keypool range'] wallet_addrs=MATCH
   wallet: bc1peatq4w73xp52a7rpj958727j8flmtq2yzecglqc0y9n3l5mycc5shzqtmx bc1p2wt6gyetdz5rk9p2h489f5y2qye05w3q26mjypc4jlr787f7s8rqe8mdxp bc1puz6ucwyhdln3h6s02lysd9q00jt5t25kspvq4xq5vuus59lha3uszyp9kv bc1p8ztlg22t66mvll7h7nsgafmfpqqcfpfgmanf3tl4uvkdyqcs80dq6c4rw6 
   device: bc1peatq4w73xp52a7rpj958727j8flmtq2yzecglqc0y9n3l5mycc5shzqtmx bc1p2wt6gyetdz5rk9p2h489f5y2qye05w3q26mjypc4jlr787f7s8rqe8mdxp bc1puz6ucwyhdln3h6s02lysd9q00jt5t25kspvq4xq5vuus59lha3uszyp9kv bc1p8ztlg22t66mvll7h7nsgafmfpqqcfpfgmanf3tl4uvkdyqcs80dq6c4rw6 
   deriveaddresses(multipath,[0,1]): [["bc1peatq4w73xp52a7rpj958727j8flmtq2yzecglqc0y9n3l5mycc5shzqtmx","bc1p2wt6gyetdz5rk9p2h489f5y2qye05w3q26mjypc4jlr787f7s8rqe8mdxp"],["bc1puz6ucwyhdln3h6s02lysd9q00jt5t25kspvq4xq5vuus59lha3uszyp9kv","bc1p8ztlg22t66mvll7h7nsgafmfpqqcfpfgmanf3tl4uvkdyqcs80dq6c4rw6"]]
31.1 kofn-liana import_ok=True [] ['Range not given, using default keypool range'] wallet_addrs=MATCH
   wallet: bc1pzea594xzjqa8uk3u20m3vcncx5n9dxsqrjhgp2dj84ppny2xzl3sh8xxuy bc1phwrznegy03skxd6c8w6ndf7pnm64m9phgrn00gz96rdmnakpdxhqjfqs2r bc1pccqzdtxd427dxmyh4e49uljrk4ldzanuy90nx55ceynl9gelju9sfsrn7y bc1p6nsd4p8tqjarw34lkqlp76hqce2gz5zscu3xcmstk0c72llky7tqp5wm6j 
   device: bc1pzea594xzjqa8uk3u20m3vcncx5n9dxsqrjhgp2dj84ppny2xzl3sh8xxuy bc1phwrznegy03skxd6c8w6ndf7pnm64m9phgrn00gz96rdmnakpdxhqjfqs2r bc1pccqzdtxd427dxmyh4e49uljrk4ldzanuy90nx55ceynl9gelju9sfsrn7y bc1p6nsd4p8tqjarw34lkqlp76hqce2gz5zscu3xcmstk0c72llky7tqp5wm6j 
   deriveaddresses(multipath,[0,1]): [["bc1pzea594xzjqa8uk3u20m3vcncx5n9dxsqrjhgp2dj84ppny2xzl3sh8xxuy","bc1phwrznegy03skxd6c8w6ndf7pnm64m9phgrn00gz96rdmnakpdxhqjfqs2r"],["bc1pccqzdtxd427dxmyh4e49uljrk4ldzanuy90nx55ceynl9gelju9sfsrn7y","bc1p6nsd4p8tqjarw34lkqlp76hqce2gz5zscu3xcmstk0c72llky7tqp5wm6j"]]
31.1 tiered-nums import_ok=True [] ['Range not given, using default keypool range'] wallet_addrs=MATCH
   wallet: bc1pp5khptg4r6a5v2jhu9yt87pz4fx0g02tp9xy5raze6cn5g8fwudshk3rpu bc1pw4hvpfjdcx5vrtm0lfltrp0rrhg8ktdmuszwmsa3zdv5vd8zv85q7l6uvd bc1pq9krawz3kqgns45laleew482hfq6ump3w5stgcws2haaghnpp35qpsxlc0 bc1pjchsrscpf9maemz6cv5ug5s7h2fpcnm6nngqzsjafykuzecj49wq2dk9zw 
   device: bc1pp5khptg4r6a5v2jhu9yt87pz4fx0g02tp9xy5raze6cn5g8fwudshk3rpu bc1pw4hvpfjdcx5vrtm0lfltrp0rrhg8ktdmuszwmsa3zdv5vd8zv85q7l6uvd bc1pq9krawz3kqgns45laleew482hfq6ump3w5stgcws2haaghnpp35qpsxlc0 bc1pjchsrscpf9maemz6cv5ug5s7h2fpcnm6nngqzsjafykuzecj49wq2dk9zw 
   deriveaddresses(multipath,[0,1]): [["bc1pp5khptg4r6a5v2jhu9yt87pz4fx0g02tp9xy5raze6cn5g8fwudshk3rpu","bc1pw4hvpfjdcx5vrtm0lfltrp0rrhg8ktdmuszwmsa3zdv5vd8zv85q7l6uvd"],["bc1pq9krawz3kqgns45laleew482hfq6ump3w5stgcws2haaghnpp35qpsxlc0","bc1pjchsrscpf9maemz6cv5ug5s7h2fpcnm6nngqzsjafykuzecj49wq2dk9zw"]]
31.1 tiered-liana import_ok=True [] ['Range not given, using default keypool range'] wallet_addrs=MATCH
   wallet: bc1puvnkt9fvm7ckmrg2un5j9phwhgqks53sc8cymxde5haadleqykzsc5azg4 bc1pvmxkvzudcrd8tzzvy3xaz7j90hgjn47kc2g2cvtc8hl5fe0tu8vs8yqyc0 bc1ptl4tdunpp0wvx8uy0vudsphn43lnuvn58d8pve0vqc35pkur4rhqxst8wy bc1pjvenxklt4zd30c0ycfz60u5yvwqj2xnhryj7lvef7amq58adk97sceu473 
   device: bc1puvnkt9fvm7ckmrg2un5j9phwhgqks53sc8cymxde5haadleqykzsc5azg4 bc1pvmxkvzudcrd8tzzvy3xaz7j90hgjn47kc2g2cvtc8hl5fe0tu8vs8yqyc0 bc1ptl4tdunpp0wvx8uy0vudsphn43lnuvn58d8pve0vqc35pkur4rhqxst8wy bc1pjvenxklt4zd30c0ycfz60u5yvwqj2xnhryj7lvef7amq58adk97sceu473 
   deriveaddresses(multipath,[0,1]): [["bc1puvnkt9fvm7ckmrg2un5j9phwhgqks53sc8cymxde5haadleqykzsc5azg4","bc1pvmxkvzudcrd8tzzvy3xaz7j90hgjn47kc2g2cvtc8hl5fe0tu8vs8yqyc0"],["bc1ptl4tdunpp0wvx8uy0vudsphn43lnuvn58d8pve0vqc35pkur4rhqxst8wy","bc1pjvenxklt4zd30c0ycfz60u5yvwqj2xnhryj7lvef7amq58adk97sceu473"]]
31.1 kofn-nums-distinct import_ok=True [] ['Range not given, using default keypool range'] wallet_addrs=MATCH
   wallet: bc1pjj05wkesvf9qluah325uz9cmk0ctjxgx0kug4ht84ukummqlg0kqhgp8rl bc1p229c7z46n382pdvjqy4z38h6kd0nyvy5r7rx3kgdv7k0uahaujlqjdt4xp bc1p65xe69x0uuvsyl92yq2cmd9sgklvk5swd3f03zev7gkfy0rxdq7qnp5mwq bc1p5z3a5k8esyky3n08gvk0h539ff7n762rngs5hu2rch3falgvyceqm72kdz 
   device: bc1pjj05wkesvf9qluah325uz9cmk0ctjxgx0kug4ht84ukummqlg0kqhgp8rl bc1p229c7z46n382pdvjqy4z38h6kd0nyvy5r7rx3kgdv7k0uahaujlqjdt4xp bc1p65xe69x0uuvsyl92yq2cmd9sgklvk5swd3f03zev7gkfy0rxdq7qnp5mwq bc1p5z3a5k8esyky3n08gvk0h539ff7n762rngs5hu2rch3falgvyceqm72kdz 
   deriveaddresses(multipath,[0,1]): [["bc1pjj05wkesvf9qluah325uz9cmk0ctjxgx0kug4ht84ukummqlg0kqhgp8rl","bc1p229c7z46n382pdvjqy4z38h6kd0nyvy5r7rx3kgdv7k0uahaujlqjdt4xp"],["bc1p65xe69x0uuvsyl92yq2cmd9sgklvk5swd3f03zev7gkfy0rxdq7qnp5mwq","bc1p5z3a5k8esyky3n08gvk0h539ff7n762rngs5hu2rch3falgvyceqm72kdz"]]
31.1 kofn-liana-distinct import_ok=True [] ['Range not given, using default keypool range'] wallet_addrs=MATCH
   wallet: bc1pl0qghel2uqxp3q6kah6c4fga7xp6pcmtsa7w6kg32kn7q9pl95eq6sq55n bc1p56newhfjx9s2zftqyplqvprxln7vl6053086gnlxgsd9nxgs8g4s3te62x bc1psdclg57x2f0pasj6dyjnmn9f5talky9f635fl54fefkp4ldzfeqsm5t8kz bc1p2056u8e8hm8wf7388yat26cs66hmnuuzqqe9lg268ts53pzxdgtsgm6xv7 
   device: bc1pl0qghel2uqxp3q6kah6c4fga7xp6pcmtsa7w6kg32kn7q9pl95eq6sq55n bc1p56newhfjx9s2zftqyplqvprxln7vl6053086gnlxgsd9nxgs8g4s3te62x bc1psdclg57x2f0pasj6dyjnmn9f5talky9f635fl54fefkp4ldzfeqsm5t8kz bc1p2056u8e8hm8wf7388yat26cs66hmnuuzqqe9lg268ts53pzxdgtsgm6xv7 
   deriveaddresses(multipath,[0,1]): [["bc1pl0qghel2uqxp3q6kah6c4fga7xp6pcmtsa7w6kg32kn7q9pl95eq6sq55n","bc1p56newhfjx9s2zftqyplqvprxln7vl6053086gnlxgsd9nxgs8g4s3te62x"],["bc1psdclg57x2f0pasj6dyjnmn9f5talky9f635fl54fefkp4ldzfeqsm5t8kz","bc1p2056u8e8hm8wf7388yat26cs66hmnuuzqqe9lg268ts53pzxdgtsgm6xv7"]]
31.1 tiered-nums-distinct import_ok=True [] ['Range not given, using default keypool range'] wallet_addrs=MATCH
   wallet: bc1pcsh98yd6d7fqc6t9pa2jehnnpns94z2996a9rwdcjupd9kuyq5yst35f02 bc1pmr6ukktjz40vcg4y36kkshtjnvdjvt03mx44nzhwqk6ktswzszgswzzyms bc1pqpxaswxm9k52ut74j9n0m7d76cauprhsyrkyzk7z4az0m376y7zq5dsly8 bc1plp3qvh6vjtmax2ys7t6t4wjxdmz8pvpary4l4g8zh8k60c7gr6zs3k9ml2 
   device: bc1pcsh98yd6d7fqc6t9pa2jehnnpns94z2996a9rwdcjupd9kuyq5yst35f02 bc1pmr6ukktjz40vcg4y36kkshtjnvdjvt03mx44nzhwqk6ktswzszgswzzyms bc1pqpxaswxm9k52ut74j9n0m7d76cauprhsyrkyzk7z4az0m376y7zq5dsly8 bc1plp3qvh6vjtmax2ys7t6t4wjxdmz8pvpary4l4g8zh8k60c7gr6zs3k9ml2 
   deriveaddresses(multipath,[0,1]): [["bc1pcsh98yd6d7fqc6t9pa2jehnnpns94z2996a9rwdcjupd9kuyq5yst35f02","bc1pmr6ukktjz40vcg4y36kkshtjnvdjvt03mx44nzhwqk6ktswzszgswzzyms"],["bc1pqpxaswxm9k52ut74j9n0m7d76cauprhsyrkyzk7z4az0m376y7zq5dsly8","bc1plp3qvh6vjtmax2ys7t6t4wjxdmz8pvpary4l4g8zh8k60c7gr6zs3k9ml2"]]
31.1 tiered-liana-distinct import_ok=True [] ['Range not given, using default keypool range'] wallet_addrs=MATCH
   wallet: bc1pwtcsr8l4sr9df9h96dgj6jyw9yy3dwwtjcckrn6lwcxrw7d6ua4qa05h0g bc1prmvj8g0drrrak0dy692e0yc5y7hpp8vdlva6lwzjzqyuuckdq4dqrmtpwk bc1p5n8rwy7hqu9vt3v7nz3jhgw6ae5ta5p4cy27pyncj7a382fqgddsnjmlsj bc1pffdjy2an8cpt4467wukazwme0neqvm7e3w5ahudt8c9cvkeq5g8sfcjtl6 
   device: bc1pwtcsr8l4sr9df9h96dgj6jyw9yy3dwwtjcckrn6lwcxrw7d6ua4qa05h0g bc1prmvj8g0drrrak0dy692e0yc5y7hpp8vdlva6lwzjzqyuuckdq4dqrmtpwk bc1p5n8rwy7hqu9vt3v7nz3jhgw6ae5ta5p4cy27pyncj7a382fqgddsnjmlsj bc1pffdjy2an8cpt4467wukazwme0neqvm7e3w5ahudt8c9cvkeq5g8sfcjtl6 
   deriveaddresses(multipath,[0,1]): [["bc1pwtcsr8l4sr9df9h96dgj6jyw9yy3dwwtjcckrn6lwcxrw7d6ua4qa05h0g","bc1prmvj8g0drrrak0dy692e0yc5y7hpp8vdlva6lwzjzqyuuckdq4dqrmtpwk"],["bc1p5n8rwy7hqu9vt3v7nz3jhgw6ae5ta5p4cy27pyncj7a382fqgddsnjmlsj","bc1pffdjy2an8cpt4467wukazwme0neqvm7e3w5ahudt8c9cvkeq5g8sfcjtl6"]]
