  [S1 plain-2of3-wsh-DEMO @0@1] {"note": "demo 2of3, keys @0 @1, default sequence", "seq": null, "locktime": 0, "preimage": false, "funded": true, "walletcreatefundedpsbt": "ok", "changepos": 1, "change_address": "bcrt1q3gy9fcmr3zfwujcrj7paehw627qye7kxemmny3k3w0ft9pt3pexs8fy5tz", "walletprocesspsbt": {"complete": true}, "finalizepsbt_complete": true, "witness_sizes": [0, 71, 71, 105], "scriptsig_len": 0, "sendrawtransaction": "2
  [S1 change == md chain1 idx0] {"change": "bcrt1q3gy9fcmr3zfwujcrj7paehw627qye7kxemmny3k3w0ft9pt3pexs8fy5tz", "md_chain1_0": "bc1q3gy9fcmr3zfwujcrj7paehw627qye7kxemmny3k3w0ft9pt3pexsaccayh", "eq": true}
  [S1b plain-2of3-wsh-DEMO @0 only] {"note": "one key of 2-of-3 (must not complete)", "seq": null, "locktime": 0, "preimage": false, "funded": true, "walletcreatefundedpsbt": "ok", "changepos": 1, "change_address": "bcrt1qhqvklrt6q87uqsjxu88te4xstuvf8g7gtj5flarchdu23tlg2w5sz069l5", "walletprocesspsbt": {"complete": false}, "finalizepsbt_complete": false, "analyzepsbt_input0": {"has_utxo": true, "is_final": false, "next": "signer", "
  [S2 X16-wsh-kofn-older5 primary @0@1] {"note": "primary 2-of-3", "seq": null, "locktime": 0, "preimage": false, "funded": true, "walletcreatefundedpsbt": "ok", "changepos": 1, "change_address": "bcrt1qcj9u8f9939jyjx2w8pzz2u0kretyh6n5cds8p876aeykqvrzs90slndur6", "walletprocesspsbt": {"complete": true}, "finalizepsbt_complete": true, "witness_sizes": [0, 71, 70, 135], "scriptsig_len": 0, "sendrawtransaction": "165529f6118c2dce8b68ebcfa4
  [S2 X16-wsh-kofn-older5 recovery @3 no sequence (tip=h)] {"note": "recovery key, sequence left default", "seq": null, "locktime": 0, "preimage": false, "funded": true, "walletcreatefundedpsbt": "ok", "changepos": 0, "change_address": "bcrt1qcm88xphqk9hd0dzv9s8psg4hn8428wlerlml47w9yq2rg86eyaes0djhwl", "walletprocesspsbt": {"complete": false}, "finalizepsbt_complete": false, "analyzepsbt_input0": {"has_utxo": true, "is_final": false, "next": "signer", "mi
  [S2 X16-wsh-kofn-older5 recovery @3 seq=5 tip=h] {"note": "immature: coin height h=27120", "seq": 5, "locktime": 0, "preimage": false, "funded": true, "walletcreatefundedpsbt": "ok", "changepos": 1, "change_address": "bcrt1q65nagsztautsgl4slqc4vf06mdr4722jlj8suu5c7azgllyt3h4qf5f5yf", "walletprocesspsbt": {"complete": true}, "finalizepsbt_complete": true, "witness_sizes": [71, 33, 0, 0, 0, 135], "scriptsig_len": 0, "sendrawtransaction": {"error":
  [S2 X16-wsh-kofn-older5 recovery @3 seq=5 tip=h+3] {"note": "still immature", "seq": 5, "locktime": 0, "preimage": false, "funded": true, "walletcreatefundedpsbt": "ok", "changepos": 0, "change_address": "bcrt1qh527tl004y7wlxv9ar6fc0n5rpcedh8wys5lugfn0tws5gp5yqtsv89l2g", "walletprocesspsbt": {"complete": true}, "finalizepsbt_complete": true, "witness_sizes": [71, 33, 0, 0, 0, 135], "scriptsig_len": 0, "sendrawtransaction": {"error": "error code: -
  [S2 X16-wsh-kofn-older5 recovery @3 seq=5 tip=h+4] {"note": "matured", "seq": 5, "locktime": 0, "preimage": false, "funded": true, "walletcreatefundedpsbt": "ok", "changepos": 0, "change_address": "bcrt1qktjqyj9lh480rvrxtmt40zucthdw8f4tn0d0793p30wx2yjk4umsekntst", "walletprocesspsbt": {"complete": true}, "finalizepsbt_complete": true, "witness_sizes": [71, 33, 0, 0, 0, 135], "scriptsig_len": 0, "sendrawtransaction": "d939df0c9600776fdaa1a28173319e
  [S3 X15-wsh-hashlock-known @0 funded, no preimage] {"note": "hash path key only", "seq": null, "locktime": 0, "preimage": false, "funded": true, "walletcreatefundedpsbt": "ok", "changepos": 1, "change_address": "bcrt1q9gvkuvgaufjq5gpq48k3ffp90909dwsf6ur3emnvxctrw93e4tyqh8ur4k", "walletprocesspsbt": {"complete": false}, "finalizepsbt_complete": false, "analyzepsbt_input0": {"has_utxo": true, "is_final": false, "next": "signer", "missing": {"signatu
  [S3 X15-wsh-hashlock-known @0 funded + PSBT_IN_SHA256] {"note": "preimage spliced into PSBT by hand", "seq": null, "locktime": 0, "preimage": true, "funded": true, "walletcreatefundedpsbt": "ok", "changepos": 0, "change_address": "bcrt1qa38ypshkd0ksl0vxynxwjscm2xl4jx67w29gjz6q2awl36agmtdq3wks00", "walletprocesspsbt": {"complete": true}, "finalizepsbt_complete": true, "witness_sizes": [32, 71, 33, 1, 94], "scriptsig_len": 0, "sendrawtransaction": "1447
  [S3 X15-wsh-hashlock-known recovery @1 seq=5 matured] {"note": "hashlock preset's timelocked path", "seq": 5, "locktime": 0, "preimage": false, "funded": true, "walletcreatefundedpsbt": "ok", "changepos": 1, "change_address": "bcrt1qfdhetx34z30l9dzzpnd5craarasyx22042jvuwj7n0txxjc4pkwswelwhv", "walletprocesspsbt": {"complete": true}, "finalizepsbt_complete": true, "witness_sizes": [71, 33, 0, 94], "scriptsig_len": 0, "sendrawtransaction": "eb53ee87ca2
  [S4 X17-wsh-decaying-small tier1 @0@1 seq=3 tip=h] {"note": "immature", "seq": 3, "locktime": 0, "preimage": false, "funded": true, "walletcreatefundedpsbt": "ok", "changepos": 0, "change_address": "bcrt1qmmes89ntwng8ccpg6rzms8hu7d8wwpml0lqynltqc0hkxadfpvrspe7tsx", "walletprocesspsbt": {"complete": true}, "finalizepsbt_complete": true, "witness_sizes": [0, 71, 71, 1, 103], "scriptsig_len": 0, "sendrawtransaction": {"error": "error code: -26\nerror
  [S4 X17-wsh-decaying-small tier1 @0@1 seq=3 tip=h+2] {"note": "matured", "seq": 3, "locktime": 0, "preimage": false, "funded": true, "walletcreatefundedpsbt": "ok", "changepos": 1, "change_address": "bcrt1q3t7jkc6sluj8n5qfrvf9alw3w5j47rwm8ny88hk0w2nhjfhmpeeqafcadk", "walletprocesspsbt": {"complete": true}, "finalizepsbt_complete": true, "witness_sizes": [0, 71, 71, 1, 103], "scriptsig_len": 0, "sendrawtransaction": "f016754111562f5e244e20cb523d5ab75
  [S4 X17-wsh-decaying-small tier2 @2 seq=6 tip=h+5] {"note": "matured", "seq": 6, "locktime": 0, "preimage": false, "funded": true, "walletcreatefundedpsbt": "ok", "changepos": 1, "change_address": "bcrt1qa36f343xtqyhngfx0l6jzkkjmrpzkg7zl946hk562vtu6y4a2w8s88jzlf", "walletprocesspsbt": {"complete": true}, "finalizepsbt_complete": true, "witness_sizes": [71, 33, 0, 103], "scriptsig_len": 0, "sendrawtransaction": "b413f0dfffa646dc9422aed0115459e9ff53
  [S5 X18-tr-inherit-older5 key path @0] {"note": "internal key held -> key path", "seq": null, "locktime": 0, "preimage": false, "funded": true, "walletcreatefundedpsbt": "ok", "changepos": 0, "change_address": "bcrt1p8jgax597y8upfp4m9g6m7jgxavghw7skx0943rs3zpgxandlu3nq3acgnv", "walletprocesspsbt": {"complete": true}, "finalizepsbt_complete": true, "witness_sizes": [64], "scriptsig_len": 0, "sendrawtransaction": "52304f0052b28e211b624de
  [S5 X18-tr-inherit-older5 script path @1 seq=5] {"note": "leaf and_v(v:pk,older(5))", "seq": 5, "locktime": 0, "preimage": false, "funded": true, "walletcreatefundedpsbt": "ok", "changepos": 1, "change_address": "bcrt1pwat3cx069qgpnu5c75n66tktse7cgqx8xwplsvz2n3mhv3dxqf7sy400ek", "walletprocesspsbt": {"complete": true}, "finalizepsbt_complete": true, "witness_sizes": [64, 36, 33], "scriptsig_len": 0, "sendrawtransaction": "716e8544a91917f33b9538
  [S6 X19-tr-kofn-nums-older5 NUMS multi_a @0@1] {"note": "NUMS internal key; script path only", "seq": null, "locktime": 0, "preimage": false, "funded": true, "walletcreatefundedpsbt": "ok", "changepos": 1, "change_address": "bcrt1p3dfkwn5l336kdtl3gq2g454xjktehe02luwunhv45ltw3qp7k74sley8r6", "walletprocesspsbt": {"complete": true}, "finalizepsbt_complete": true, "witness_sizes": [0, 64, 64, 104, 65], "scriptsig_len": 0, "sendrawtransaction": "0
  [S6 getaddressinfo] {"desc": "tr([7c461e5d]50929b74c1a04954b78b4b6035e97a5e078a5a0f28ec96d547bfee9ace803ac0,{multi_a(2,[73c5da0a/48h/0h/0h/3h/0/0]025128c0bcadea78ad4d7f490e480959aee9ccb55fd200190d8e5e86e5016e05,[3f635a63/48h/0h/1h/3h/0/0]1a18aa3ae93f84d6a946b67800d8a4df438c6015854b7431566a82d35cb01203,[66d455ea/48h/0h/2h/3h/0/0]10c2a28ec2d0cb644efc84bf9c6d99da732f3777a1031f771a0cb4e212f85041),and_v(v:pk([73c5da0a/48h
  [S6 X19-tr-kofn-nums-older5 NUMS recovery @3 seq=5] {"note": "older leaf under NUMS", "seq": 5, "locktime": 0, "preimage": false, "funded": true, "walletcreatefundedpsbt": "ok", "changepos": 0, "change_address": "bcrt1pzzxuxtuzhmxt9tfg92dpsgsk5v8fwk8zj696c0gcqgzdw6lkqjwq6atgu3", "walletprocesspsbt": {"complete": true}, "finalizepsbt_complete": true, "witness_sizes": [64, 36, 65], "scriptsig_len": 0, "sendrawtransaction": "111ec054cde5babd9886ebef12
  [S7 X20-tr-hashlock-known @0 no preimage] {"note": "tr hash leaf without preimage", "seq": null, "locktime": 0, "preimage": false, "funded": true, "walletcreatefundedpsbt": "ok", "changepos": 0, "change_address": "bcrt1pt97kp3plky87p46udsfh6zuhpvfxudn398k0qa2jwz39k47g7z3sf5m06c", "walletprocesspsbt": {"complete": false}, "finalizepsbt_complete": false, "analyzepsbt_input0": {"has_utxo": true, "is_final": false, "next": "updater"}, "analyz
  [S7 X20-tr-hashlock-known @0 + PSBT_IN_SHA256] {"note": "tr hash leaf with spliced preimage", "seq": null, "locktime": 0, "preimage": true, "funded": true, "walletcreatefundedpsbt": "ok", "changepos": 1, "change_address": "bcrt1pyma2vklr0rhtwqxrt0a38za4cclfrxsa2fvrz8mgpsjf69le0umsy03m0x", "walletprocesspsbt": {"complete": true}, "finalizepsbt_complete": true, "witness_sizes": [32, 64, 73, 65], "scriptsig_len": 0, "sendrawtransaction": "10d0e7c
Traceback (most recent call last):
  File "/scratch/code/shibboleth/.tmp/fable-liana-core.py", line 317, in <module>
    if MODE in ("spend", "all"): spend_journey()
                                 ~~~~~~~~~~~~~^^
  File "/scratch/code/shibboleth/.tmp/fable-liana-core.py", line 307, in spend_journey
    w = signing_wallet(n, (3,), "k3"); addr, txid, vout, h = fund(w, "bech32")
  File "/scratch/code/shibboleth/.tmp/fable-liana-core.py", line 205, in signing_wallet
    imports = [{"desc": checksummed(regtest_desc(r["desc_md"], priv_slots)), "active": True, "timestamp": "now", "range": [0, 50]}]
                                    ~~~~~~~~~~~~^^^^^^^^^^^^^^^^^^^^^^^^^^
  File "/scratch/code/shibboleth/.tmp/fable-liana-core.py", line 65, in regtest_desc
    return KEYRE.sub(sub, desc.split("#")[0])
           ~~~~~~~~~^^^^^^^^^^^^^^^^^^^^^^^^^
  File "/scratch/code/shibboleth/.tmp/fable-liana-core.py", line 63, in sub
    return "[%s/%s]%s" % (fp, path, rever(key_for(fp, path)["xprv"], "tprv"))
                                          ~~~~~~~^^^^^^^^^^
  File "/scratch/code/shibboleth/.tmp/fable-liana-core.py", line 54, in key_for
    if e["seed"] == FP2SEED[fp] and e["origin"] == "m/" + path: return e
                    ~~~~~~~^^^^
KeyError: 'b8688df1'
spend exit=1
