### k1-liana-unsorted
  ParseDescriptors=REFUSE error='Failed to verify wallet descriptor'
  IsValidTapscriptTemplate=true error=''
  ParseWalletDescriptor=REFUSE code=-1017 what='Could not parse descriptor'
### pr1746-nunchuk-form
  ParseDescriptors=ACCEPT error=''
  IsValidTapscriptTemplate=true error=''
  ParseWalletDescriptor=ACCEPT
  wallet_type=MINISCRIPT address_type=TAPROOT template=DISABLE_KEY_PATH m=0 n=4 id=gpkneq8e
  signer[0] xfp=3f635a63 path=m/48h/0h/0h/3h eii=0;1 xpub=xpub6DXuQW1Q2Jpa1hNtFUcghdx7Q8kTDsqo7b54YAqZBNCH8EuSvmNSAKbAvkZ4HspgftJ1aqSMeFiZ4sr2QNEGm9geaEre3zDwiJD7C5gx5VH
  signer[1] xfp=66d455ea path=m/48h/0h/0h/3h eii=0;1 xpub=xpub6DXuQW1Q2JpZyteDRGW1pD34uhumfnZJfTsmjDkgd4xcq3L5XX2KUE1n4rmvcDT3RmdchfhbD9DkvSyVhUMBjUYi691iFszgKtf4Bfqe2nL
  signer[2] xfp=73c5da0a path=m/48h/0h/0h/3h eii=0;1 xpub=xpub6DXuQW1Q2JpZyweiMewTZuMPvjG8hKhV2qoF6wL9VFxsMBExtbfqAAoR4oMG4GyxFzVdfas1v2eAdfLxyjc4Ceo5B6w6zTpf7F2BuXCJ52i
  signer[3] xfp=73c5da0a path=m/48h/0h/1h/3h eii=0;1 xpub=xpub6DXuQW1Q2JpZzLV9igdwdnmCSoaPVd4ZNZnvfgUsGvQ8AbNAhEmfBEMCMHctwZBuxWK8HkjqUW5F72MCSJCFfisVwRY62Kb1FuDZ66nNQe1
  desc.EXTERNAL_ALL=tr(xpub661MyMwAqRbcG5Y3GXCTmZQQCpDkPFVrefw28EXsvLehUP2Njytibjzgn2BRPgh32F36dpDLaSnReqgPDX3Ya31wrnAGxpswbZRs29QXuBG/0/*,{multi_a(2,[73c5da0a/48'/0'/0'/3']xpub6DXuQW1Q2JpZyweiMewTZuMPvjG8hKhV2qoF6wL9VFxsMBExtbfqAAoR4oMG4GyxFzVdfas1v2eAdfLxyjc4Ceo5B6w6zTpf7F2BuXCJ52i/0/*,[3f635a63/48'/0'/0'/3']xpub6DXuQW1Q2Jpa1hNtFUcghdx7Q8kTDsqo7b54YAqZBNCH8EuSvmNSAKbAvkZ4HspgftJ1aqSMeFiZ4sr2QNEGm9geaEre3zDwiJD7C5gx5VH/0/*,[66d455ea/48'/0'/0'/3']xpub6DXuQW1Q2JpZyteDRGW1pD34uhumfnZJfTsmjDkgd4xcq3L5XX2KUE1n4rmvcDT3RmdchfhbD9DkvSyVhUMBjUYi691iFszgKtf4Bfqe2nL/0/*),and_v(v:pk([73c5da0a/48'/0'/1'/3']xpub6DXuQW1Q2JpZzLV9igdwdnmCSoaPVd4ZNZnvfgUsGvQ8AbNAhEmfBEMCMHctwZBuxWK8HkjqUW5F72MCSJCFfisVwRY62Kb1FuDZ66nNQe1/0/*),older(26280))})#gpkneq8e
  desc.INTERNAL_ALL=tr(xpub661MyMwAqRbcG5Y3GXCTmZQQCpDkPFVrefw28EXsvLehUP2Njytibjzgn2BRPgh32F36dpDLaSnReqgPDX3Ya31wrnAGxpswbZRs29QXuBG/1/*,{multi_a(2,[73c5da0a/48'/0'/0'/3']xpub6DXuQW1Q2JpZyweiMewTZuMPvjG8hKhV2qoF6wL9VFxsMBExtbfqAAoR4oMG4GyxFzVdfas1v2eAdfLxyjc4Ceo5B6w6zTpf7F2BuXCJ52i/1/*,[3f635a63/48'/0'/0'/3']xpub6DXuQW1Q2Jpa1hNtFUcghdx7Q8kTDsqo7b54YAqZBNCH8EuSvmNSAKbAvkZ4HspgftJ1aqSMeFiZ4sr2QNEGm9geaEre3zDwiJD7C5gx5VH/1/*,[66d455ea/48'/0'/0'/3']xpub6DXuQW1Q2JpZyteDRGW1pD34uhumfnZJfTsmjDkgd4xcq3L5XX2KUE1n4rmvcDT3RmdchfhbD9DkvSyVhUMBjUYi691iFszgKtf4Bfqe2nL/1/*),and_v(v:pk([73c5da0a/48'/0'/1'/3']xpub6DXuQW1Q2JpZzLV9igdwdnmCSoaPVd4ZNZnvfgUsGvQ8AbNAhEmfBEMCMHctwZBuxWK8HkjqUW5F72MCSJCFfisVwRY62Kb1FuDZ66nNQe1/1/*),older(26280))})#m54ae5tt
  desc.EXTERNAL_INTERNAL=tr(xpub661MyMwAqRbcG5Y3GXCTmZQQCpDkPFVrefw28EXsvLehUP2Njytibjzgn2BRPgh32F36dpDLaSnReqgPDX3Ya31wrnAGxpswbZRs29QXuBG/<0;1>/*,{multi_a(2,[73c5da0a/48'/0'/0'/3']xpub6DXuQW1Q2JpZyweiMewTZuMPvjG8hKhV2qoF6wL9VFxsMBExtbfqAAoR4oMG4GyxFzVdfas1v2eAdfLxyjc4Ceo5B6w6zTpf7F2BuXCJ52i/<0;1>/*,[3f635a63/48'/0'/0'/3']xpub6DXuQW1Q2Jpa1hNtFUcghdx7Q8kTDsqo7b54YAqZBNCH8EuSvmNSAKbAvkZ4HspgftJ1aqSMeFiZ4sr2QNEGm9geaEre3zDwiJD7C5gx5VH/<0;1>/*,[66d455ea/48'/0'/0'/3']xpub6DXuQW1Q2JpZyteDRGW1pD34uhumfnZJfTsmjDkgd4xcq3L5XX2KUE1n4rmvcDT3RmdchfhbD9DkvSyVhUMBjUYi691iFszgKtf4Bfqe2nL/<0;1>/*),and_v(v:pk([73c5da0a/48'/0'/1'/3']xpub6DXuQW1Q2JpZzLV9igdwdnmCSoaPVd4ZNZnvfgUsGvQ8AbNAhEmfBEMCMHctwZBuxWK8HkjqUW5F72MCSJCFfisVwRY62Kb1FuDZ66nNQe1/<0;1>/*),older(26280))})#sspex3jx
  desc.TEMPLATE=tr(xpub661MyMwAqRbcG5Y3GXCTmZQQCpDkPFVrefw28EXsvLehUP2Njytibjzgn2BRPgh32F36dpDLaSnReqgPDX3Ya31wrnAGxpswbZRs29QXuBG/**,{multi_a(2,[73c5da0a/48'/0'/0'/3']xpub6DXuQW1Q2JpZyweiMewTZuMPvjG8hKhV2qoF6wL9VFxsMBExtbfqAAoR4oMG4GyxFzVdfas1v2eAdfLxyjc4Ceo5B6w6zTpf7F2BuXCJ52i/**,[3f635a63/48'/0'/0'/3']xpub6DXuQW1Q2Jpa1hNtFUcghdx7Q8kTDsqo7b54YAqZBNCH8EuSvmNSAKbAvkZ4HspgftJ1aqSMeFiZ4sr2QNEGm9geaEre3zDwiJD7C5gx5VH/**,[66d455ea/48'/0'/0'/3']xpub6DXuQW1Q2JpZyteDRGW1pD34uhumfnZJfTsmjDkgd4xcq3L5XX2KUE1n4rmvcDT3RmdchfhbD9DkvSyVhUMBjUYi691iFszgKtf4Bfqe2nL/**),and_v(v:pk([73c5da0a/48'/0'/1'/3']xpub6DXuQW1Q2JpZzLV9igdwdnmCSoaPVd4ZNZnvfgUsGvQ8AbNAhEmfBEMCMHctwZBuxWK8HkjqUW5F72MCSJCFfisVwRY62Kb1FuDZ66nNQe1/**),older(26280))})
  miniscript={multi_a(2,[73c5da0a/48'/0'/0'/3']xpub6DXuQW1Q2JpZyweiMewTZuMPvjG8hKhV2qoF6wL9VFxsMBExtbfqAAoR4oMG4GyxFzVdfas1v2eAdfLxyjc4Ceo5B6w6zTpf7F2BuXCJ52i/*,[3f635a63/48'/0'/0'/3']xpub6DXuQW1Q2Jpa1hNtFUcghdx7Q8kTDsqo7b54YAqZBNCH8EuSvmNSAKbAvkZ4HspgftJ1aqSMeFiZ4sr2QNEGm9geaEre3zDwiJD7C5gx5VH/*,[66d455ea/48'/0'/0'/3']xpub6DXuQW1Q2JpZyteDRGW1pD34uhumfnZJfTsmjDkgd4xcq3L5XX2KUE1n4rmvcDT3RmdchfhbD9DkvSyVhUMBjUYi691iFszgKtf4Bfqe2nL/*),and_v(v:pk([73c5da0a/48'/0'/1'/3']xpub6DXuQW1Q2JpZzLV9igdwdnmCSoaPVd4ZNZnvfgUsGvQ8AbNAhEmfBEMCMHctwZBuxWK8HkjqUW5F72MCSJCFfisVwRY62Kb1FuDZ66nNQe1/*),older(26280))}
  scriptnode={multi(2,[73c5da0a/48'/0'/0'/3']xpub6DXuQW1Q2JpZyweiMewTZuMPvjG8hKhV2qoF6wL9VFxsMBExtbfqAAoR4oMG4GyxFzVdfas1v2eAdfLxyjc4Ceo5B6w6zTpf7F2BuXCJ52i/*,[3f635a63/48'/0'/0'/3']xpub6DXuQW1Q2Jpa1hNtFUcghdx7Q8kTDsqo7b54YAqZBNCH8EuSvmNSAKbAvkZ4HspgftJ1aqSMeFiZ4sr2QNEGm9geaEre3zDwiJD7C5gx5VH/*,[66d455ea/48'/0'/0'/3']xpub6DXuQW1Q2JpZyteDRGW1pD34uhumfnZJfTsmjDkgd4xcq3L5XX2KUE1n4rmvcDT3RmdchfhbD9DkvSyVhUMBjUYi691iFszgKtf4Bfqe2nL/*),and(pk([73c5da0a/48'/0'/1'/3']xpub6DXuQW1Q2JpZzLV9igdwdnmCSoaPVd4ZNZnvfgUsGvQ8AbNAhEmfBEMCMHctwZBuxWK8HkjqUW5F72MCSJCFfisVwRY62Kb1FuDZ66nNQe1/*),older(26280))}
type=13 k=0 keys=0 id=1.
  type=12 k=2 keys=3 id=1.1.
  type=8 k=0 keys=0 id=1.2.
    type=1 k=0 keys=1 id=1.2.1.
    type=2 k=26280 keys=0 id=1.2.2.
  signing_paths=2: [1.1.,] [1.2.1.,1.2.2.,]
  check_valid=ok
  sanitize_signers=4
  receive=bc1pm0udr8a92du44f098j49pv8cnjq63nm68tudld57fqth9ee9udyqa2j0wx bc1p44v9smdm5kpwrjgvdvr4hylry7f8cc8fv85ehp2uktn8hefssf8q83krk8 bc1px3vdjc5nc8vl7dgd9lpft4kh7n5c3c7wmfwdkyvakvxakys7phxqqjp6yh 
  change=bc1pcx5e0fknx2lfjevgtchu8w7m6hdr2exx50d7tjcxfnu6cwr2y20qrv9df6 bc1p4g3mf03fz3lvhje9gv7qw62zxl9hs3jx803wperxt46mk3526jnsvx0pa0 bc1pqvjdl428lrm8fak9yvr06hj5k992h4hs8euwmq4cj8w7flz3qfjsz52pzr 
### k1-liana-sorted
  ParseDescriptors=ACCEPT error=''
  IsValidTapscriptTemplate=true error=''
  ParseWalletDescriptor=ACCEPT
  wallet_type=MINISCRIPT address_type=TAPROOT template=DISABLE_KEY_PATH m=0 n=4 id=jcsf0e93
  signer[0] xfp=3f635a63 path=m/48h/0h/0h/3h eii=0;1 xpub=xpub6DXuQW1Q2Jpa1hNtFUcghdx7Q8kTDsqo7b54YAqZBNCH8EuSvmNSAKbAvkZ4HspgftJ1aqSMeFiZ4sr2QNEGm9geaEre3zDwiJD7C5gx5VH
  signer[1] xfp=66d455ea path=m/48h/0h/0h/3h eii=0;1 xpub=xpub6DXuQW1Q2JpZyteDRGW1pD34uhumfnZJfTsmjDkgd4xcq3L5XX2KUE1n4rmvcDT3RmdchfhbD9DkvSyVhUMBjUYi691iFszgKtf4Bfqe2nL
  signer[2] xfp=73c5da0a path=m/48h/0h/1h/3h eii=0;1 xpub=xpub6DXuQW1Q2JpZzLV9igdwdnmCSoaPVd4ZNZnvfgUsGvQ8AbNAhEmfBEMCMHctwZBuxWK8HkjqUW5F72MCSJCFfisVwRY62Kb1FuDZ66nNQe1
  signer[3] xfp=73c5da0a path=m/48h/0h/0h/3h eii=0;1 xpub=xpub6DXuQW1Q2JpZyweiMewTZuMPvjG8hKhV2qoF6wL9VFxsMBExtbfqAAoR4oMG4GyxFzVdfas1v2eAdfLxyjc4Ceo5B6w6zTpf7F2BuXCJ52i
  desc.EXTERNAL_ALL=tr(xpub661MyMwAqRbcG5Y3GXCTmZQQCpDkPFVrefw28EXsvLehUP2Njytibjzgn2BRPgh32F36dpDLaSnReqgPDX3Ya31wrnAGxpswbZRs29QXuBG/0/*,{multi_a(2,[66d455ea/48'/0'/0'/3']xpub6DXuQW1Q2JpZyteDRGW1pD34uhumfnZJfTsmjDkgd4xcq3L5XX2KUE1n4rmvcDT3RmdchfhbD9DkvSyVhUMBjUYi691iFszgKtf4Bfqe2nL/0/*,[3f635a63/48'/0'/0'/3']xpub6DXuQW1Q2Jpa1hNtFUcghdx7Q8kTDsqo7b54YAqZBNCH8EuSvmNSAKbAvkZ4HspgftJ1aqSMeFiZ4sr2QNEGm9geaEre3zDwiJD7C5gx5VH/0/*,[73c5da0a/48'/0'/1'/3']xpub6DXuQW1Q2JpZzLV9igdwdnmCSoaPVd4ZNZnvfgUsGvQ8AbNAhEmfBEMCMHctwZBuxWK8HkjqUW5F72MCSJCFfisVwRY62Kb1FuDZ66nNQe1/0/*),and_v(v:pk([73c5da0a/48'/0'/0'/3']xpub6DXuQW1Q2JpZyweiMewTZuMPvjG8hKhV2qoF6wL9VFxsMBExtbfqAAoR4oMG4GyxFzVdfas1v2eAdfLxyjc4Ceo5B6w6zTpf7F2BuXCJ52i/0/*),older(26280))})#jcsf0e93
  desc.INTERNAL_ALL=tr(xpub661MyMwAqRbcG5Y3GXCTmZQQCpDkPFVrefw28EXsvLehUP2Njytibjzgn2BRPgh32F36dpDLaSnReqgPDX3Ya31wrnAGxpswbZRs29QXuBG/1/*,{multi_a(2,[66d455ea/48'/0'/0'/3']xpub6DXuQW1Q2JpZyteDRGW1pD34uhumfnZJfTsmjDkgd4xcq3L5XX2KUE1n4rmvcDT3RmdchfhbD9DkvSyVhUMBjUYi691iFszgKtf4Bfqe2nL/1/*,[3f635a63/48'/0'/0'/3']xpub6DXuQW1Q2Jpa1hNtFUcghdx7Q8kTDsqo7b54YAqZBNCH8EuSvmNSAKbAvkZ4HspgftJ1aqSMeFiZ4sr2QNEGm9geaEre3zDwiJD7C5gx5VH/1/*,[73c5da0a/48'/0'/1'/3']xpub6DXuQW1Q2JpZzLV9igdwdnmCSoaPVd4ZNZnvfgUsGvQ8AbNAhEmfBEMCMHctwZBuxWK8HkjqUW5F72MCSJCFfisVwRY62Kb1FuDZ66nNQe1/1/*),and_v(v:pk([73c5da0a/48'/0'/0'/3']xpub6DXuQW1Q2JpZyweiMewTZuMPvjG8hKhV2qoF6wL9VFxsMBExtbfqAAoR4oMG4GyxFzVdfas1v2eAdfLxyjc4Ceo5B6w6zTpf7F2BuXCJ52i/1/*),older(26280))})#pdn80dfr
  desc.EXTERNAL_INTERNAL=tr(xpub661MyMwAqRbcG5Y3GXCTmZQQCpDkPFVrefw28EXsvLehUP2Njytibjzgn2BRPgh32F36dpDLaSnReqgPDX3Ya31wrnAGxpswbZRs29QXuBG/<0;1>/*,{multi_a(2,[66d455ea/48'/0'/0'/3']xpub6DXuQW1Q2JpZyteDRGW1pD34uhumfnZJfTsmjDkgd4xcq3L5XX2KUE1n4rmvcDT3RmdchfhbD9DkvSyVhUMBjUYi691iFszgKtf4Bfqe2nL/<0;1>/*,[3f635a63/48'/0'/0'/3']xpub6DXuQW1Q2Jpa1hNtFUcghdx7Q8kTDsqo7b54YAqZBNCH8EuSvmNSAKbAvkZ4HspgftJ1aqSMeFiZ4sr2QNEGm9geaEre3zDwiJD7C5gx5VH/<0;1>/*,[73c5da0a/48'/0'/1'/3']xpub6DXuQW1Q2JpZzLV9igdwdnmCSoaPVd4ZNZnvfgUsGvQ8AbNAhEmfBEMCMHctwZBuxWK8HkjqUW5F72MCSJCFfisVwRY62Kb1FuDZ66nNQe1/<0;1>/*),and_v(v:pk([73c5da0a/48'/0'/0'/3']xpub6DXuQW1Q2JpZyweiMewTZuMPvjG8hKhV2qoF6wL9VFxsMBExtbfqAAoR4oMG4GyxFzVdfas1v2eAdfLxyjc4Ceo5B6w6zTpf7F2BuXCJ52i/<0;1>/*),older(26280))})#eeg7qvnk
  desc.TEMPLATE=tr(xpub661MyMwAqRbcG5Y3GXCTmZQQCpDkPFVrefw28EXsvLehUP2Njytibjzgn2BRPgh32F36dpDLaSnReqgPDX3Ya31wrnAGxpswbZRs29QXuBG/**,{multi_a(2,[66d455ea/48'/0'/0'/3']xpub6DXuQW1Q2JpZyteDRGW1pD34uhumfnZJfTsmjDkgd4xcq3L5XX2KUE1n4rmvcDT3RmdchfhbD9DkvSyVhUMBjUYi691iFszgKtf4Bfqe2nL/**,[3f635a63/48'/0'/0'/3']xpub6DXuQW1Q2Jpa1hNtFUcghdx7Q8kTDsqo7b54YAqZBNCH8EuSvmNSAKbAvkZ4HspgftJ1aqSMeFiZ4sr2QNEGm9geaEre3zDwiJD7C5gx5VH/**,[73c5da0a/48'/0'/1'/3']xpub6DXuQW1Q2JpZzLV9igdwdnmCSoaPVd4ZNZnvfgUsGvQ8AbNAhEmfBEMCMHctwZBuxWK8HkjqUW5F72MCSJCFfisVwRY62Kb1FuDZ66nNQe1/**),and_v(v:pk([73c5da0a/48'/0'/0'/3']xpub6DXuQW1Q2JpZyweiMewTZuMPvjG8hKhV2qoF6wL9VFxsMBExtbfqAAoR4oMG4GyxFzVdfas1v2eAdfLxyjc4Ceo5B6w6zTpf7F2BuXCJ52i/**),older(26280))})
  miniscript={multi_a(2,[66d455ea/48'/0'/0'/3']xpub6DXuQW1Q2JpZyteDRGW1pD34uhumfnZJfTsmjDkgd4xcq3L5XX2KUE1n4rmvcDT3RmdchfhbD9DkvSyVhUMBjUYi691iFszgKtf4Bfqe2nL/*,[3f635a63/48'/0'/0'/3']xpub6DXuQW1Q2Jpa1hNtFUcghdx7Q8kTDsqo7b54YAqZBNCH8EuSvmNSAKbAvkZ4HspgftJ1aqSMeFiZ4sr2QNEGm9geaEre3zDwiJD7C5gx5VH/*,[73c5da0a/48'/0'/1'/3']xpub6DXuQW1Q2JpZzLV9igdwdnmCSoaPVd4ZNZnvfgUsGvQ8AbNAhEmfBEMCMHctwZBuxWK8HkjqUW5F72MCSJCFfisVwRY62Kb1FuDZ66nNQe1/*),and_v(v:pk([73c5da0a/48'/0'/0'/3']xpub6DXuQW1Q2JpZyweiMewTZuMPvjG8hKhV2qoF6wL9VFxsMBExtbfqAAoR4oMG4GyxFzVdfas1v2eAdfLxyjc4Ceo5B6w6zTpf7F2BuXCJ52i/*),older(26280))}
  scriptnode={multi(2,[66d455ea/48'/0'/0'/3']xpub6DXuQW1Q2JpZyteDRGW1pD34uhumfnZJfTsmjDkgd4xcq3L5XX2KUE1n4rmvcDT3RmdchfhbD9DkvSyVhUMBjUYi691iFszgKtf4Bfqe2nL/*,[3f635a63/48'/0'/0'/3']xpub6DXuQW1Q2Jpa1hNtFUcghdx7Q8kTDsqo7b54YAqZBNCH8EuSvmNSAKbAvkZ4HspgftJ1aqSMeFiZ4sr2QNEGm9geaEre3zDwiJD7C5gx5VH/*,[73c5da0a/48'/0'/1'/3']xpub6DXuQW1Q2JpZzLV9igdwdnmCSoaPVd4ZNZnvfgUsGvQ8AbNAhEmfBEMCMHctwZBuxWK8HkjqUW5F72MCSJCFfisVwRY62Kb1FuDZ66nNQe1/*),and(pk([73c5da0a/48'/0'/0'/3']xpub6DXuQW1Q2JpZyweiMewTZuMPvjG8hKhV2qoF6wL9VFxsMBExtbfqAAoR4oMG4GyxFzVdfas1v2eAdfLxyjc4Ceo5B6w6zTpf7F2BuXCJ52i/*),older(26280))}
type=13 k=0 keys=0 id=1.
  type=12 k=2 keys=3 id=1.1.
  type=8 k=0 keys=0 id=1.2.
    type=1 k=0 keys=1 id=1.2.1.
    type=2 k=26280 keys=0 id=1.2.2.
  signing_paths=2: [1.1.,] [1.2.1.,1.2.2.,]
  check_valid=ok
  sanitize_signers=4
  receive=bc1pwr6f4596h229qyx2p7x9wdzpcnlugssusqmzuzer6hurugaxqnjqmd57gf bc1p7spzddduucm8t822576hwrukvpghppzjt90t7sehem9c6j7rwluqr0zlnl bc1p9yw9k55kjcxq6ppp50f0g6rln2tj8k6p5vpp9yk04nf0yng5eh6s6vvyy3 
  change=bc1p4g29s7mzyly4rcyg05nsjqq27u6qcekhy79hqfayqm423j2vfa6qm5yqpt bc1prypyyrk4mj69ewmcle8c5df0z79l5x3zfks92nrnfdk52vgfhgfq09yl9a bc1p57gmem6empzc0xrxj2a2ng6en74k0d460d6qmrpyznh8p7te6lpq2ahgj0 
