### kofn-allB
  ParseDescriptors=REFUSE error='Failed to verify wallet descriptor'
  IsValidTapscriptTemplate=true error=''
  ParseWalletDescriptor=REFUSE code=-1017 what='Could not parse descriptor'
### kofn-allB+pr1746
  ParseDescriptors=ACCEPT error=''
  IsValidTapscriptTemplate=true error=''
  ParseWalletDescriptor=ACCEPT
  wallet_type=MINISCRIPT address_type=TAPROOT template=DISABLE_KEY_PATH m=0 n=4 id=e6pngw9s
  signer[0] xfp=b8688df1 path=m/48h/0h/0h/3h eii=0;1 xpub=xpub6DXuQW1Q2JpZzhem9yahH4CASHRvtGBvt4qzHi4Y1CziQ4pWbhKapCQNMND9csxg3rsoCxPtyXMQmvFhmwg3Kzhm6m6DQMbiFL1tnH4fhbA
  signer[1] xfp=b8688df1 path=m/48h/0h/1h/3h eii=0;1 xpub=xpub6DXuQW1Q2Jpa24MCYbGC2JWeaRjh5SxrpEDd8mG44CxoSVNa56XwxXREUmLQf5keJ654KrQpdoSNLvqMbyBGQvFye7GeYhaDaG5orPogipx
  signer[2] xfp=b8688df1 path=m/48h/0h/2h/3h eii=0;1 xpub=xpub6DXuQW1Q2Jpa1o2QCG7M1xRa5SbAkbF5B1jrKwiHRwYwkAHhdMd6U4QiH9icmuVV6XooTsaahooEqo2vPbq46TTXg3VW2sNKjtsj7tr9ZNs
  signer[3] xfp=b8688df1 path=m/48h/0h/3h/3h eii=0;1 xpub=xpub6DXuQW1Q2Jpa19cRZ68KkDjexvRyJVprCinYQLkoum63NLC2YC1EQvQHnNHRnM35aq3qViUAUCTS7Fu4AnuGRzfmeyZujx7KBqJdfsCyLtn
  desc.EXTERNAL_ALL=tr(xpub661MyMwAqRbcGFyjdJRoDaghUMXt7dfxpZ9KDL92K2JSYJAd6TCbVAt1YzE2iU1Ju1yMBNU9mA5wqLREAfXaMag4TB6wxZhBxHaThjGi6vK/0/*,{multi_a(2,[b8688df1/48'/0'/0'/3']xpub6DXuQW1Q2JpZzhem9yahH4CASHRvtGBvt4qzHi4Y1CziQ4pWbhKapCQNMND9csxg3rsoCxPtyXMQmvFhmwg3Kzhm6m6DQMbiFL1tnH4fhbA/0/*,[b8688df1/48'/0'/1'/3']xpub6DXuQW1Q2Jpa24MCYbGC2JWeaRjh5SxrpEDd8mG44CxoSVNa56XwxXREUmLQf5keJ654KrQpdoSNLvqMbyBGQvFye7GeYhaDaG5orPogipx/0/*,[b8688df1/48'/0'/2'/3']xpub6DXuQW1Q2Jpa1o2QCG7M1xRa5SbAkbF5B1jrKwiHRwYwkAHhdMd6U4QiH9icmuVV6XooTsaahooEqo2vPbq46TTXg3VW2sNKjtsj7tr9ZNs/0/*),and_v(v:pk([b8688df1/48'/0'/3'/3']xpub6DXuQW1Q2Jpa19cRZ68KkDjexvRyJVprCinYQLkoum63NLC2YC1EQvQHnNHRnM35aq3qViUAUCTS7Fu4AnuGRzfmeyZujx7KBqJdfsCyLtn/0/*),older(26280))})#e6pngw9s
  desc.INTERNAL_ALL=tr(xpub661MyMwAqRbcGFyjdJRoDaghUMXt7dfxpZ9KDL92K2JSYJAd6TCbVAt1YzE2iU1Ju1yMBNU9mA5wqLREAfXaMag4TB6wxZhBxHaThjGi6vK/1/*,{multi_a(2,[b8688df1/48'/0'/0'/3']xpub6DXuQW1Q2JpZzhem9yahH4CASHRvtGBvt4qzHi4Y1CziQ4pWbhKapCQNMND9csxg3rsoCxPtyXMQmvFhmwg3Kzhm6m6DQMbiFL1tnH4fhbA/1/*,[b8688df1/48'/0'/1'/3']xpub6DXuQW1Q2Jpa24MCYbGC2JWeaRjh5SxrpEDd8mG44CxoSVNa56XwxXREUmLQf5keJ654KrQpdoSNLvqMbyBGQvFye7GeYhaDaG5orPogipx/1/*,[b8688df1/48'/0'/2'/3']xpub6DXuQW1Q2Jpa1o2QCG7M1xRa5SbAkbF5B1jrKwiHRwYwkAHhdMd6U4QiH9icmuVV6XooTsaahooEqo2vPbq46TTXg3VW2sNKjtsj7tr9ZNs/1/*),and_v(v:pk([b8688df1/48'/0'/3'/3']xpub6DXuQW1Q2Jpa19cRZ68KkDjexvRyJVprCinYQLkoum63NLC2YC1EQvQHnNHRnM35aq3qViUAUCTS7Fu4AnuGRzfmeyZujx7KBqJdfsCyLtn/1/*),older(26280))})#20zag6fz
  desc.EXTERNAL_INTERNAL=tr(xpub661MyMwAqRbcGFyjdJRoDaghUMXt7dfxpZ9KDL92K2JSYJAd6TCbVAt1YzE2iU1Ju1yMBNU9mA5wqLREAfXaMag4TB6wxZhBxHaThjGi6vK/<0;1>/*,{multi_a(2,[b8688df1/48'/0'/0'/3']xpub6DXuQW1Q2JpZzhem9yahH4CASHRvtGBvt4qzHi4Y1CziQ4pWbhKapCQNMND9csxg3rsoCxPtyXMQmvFhmwg3Kzhm6m6DQMbiFL1tnH4fhbA/<0;1>/*,[b8688df1/48'/0'/1'/3']xpub6DXuQW1Q2Jpa24MCYbGC2JWeaRjh5SxrpEDd8mG44CxoSVNa56XwxXREUmLQf5keJ654KrQpdoSNLvqMbyBGQvFye7GeYhaDaG5orPogipx/<0;1>/*,[b8688df1/48'/0'/2'/3']xpub6DXuQW1Q2Jpa1o2QCG7M1xRa5SbAkbF5B1jrKwiHRwYwkAHhdMd6U4QiH9icmuVV6XooTsaahooEqo2vPbq46TTXg3VW2sNKjtsj7tr9ZNs/<0;1>/*),and_v(v:pk([b8688df1/48'/0'/3'/3']xpub6DXuQW1Q2Jpa19cRZ68KkDjexvRyJVprCinYQLkoum63NLC2YC1EQvQHnNHRnM35aq3qViUAUCTS7Fu4AnuGRzfmeyZujx7KBqJdfsCyLtn/<0;1>/*),older(26280))})#k4v9xr3z
  desc.TEMPLATE=tr(xpub661MyMwAqRbcGFyjdJRoDaghUMXt7dfxpZ9KDL92K2JSYJAd6TCbVAt1YzE2iU1Ju1yMBNU9mA5wqLREAfXaMag4TB6wxZhBxHaThjGi6vK/**,{multi_a(2,[b8688df1/48'/0'/0'/3']xpub6DXuQW1Q2JpZzhem9yahH4CASHRvtGBvt4qzHi4Y1CziQ4pWbhKapCQNMND9csxg3rsoCxPtyXMQmvFhmwg3Kzhm6m6DQMbiFL1tnH4fhbA/**,[b8688df1/48'/0'/1'/3']xpub6DXuQW1Q2Jpa24MCYbGC2JWeaRjh5SxrpEDd8mG44CxoSVNa56XwxXREUmLQf5keJ654KrQpdoSNLvqMbyBGQvFye7GeYhaDaG5orPogipx/**,[b8688df1/48'/0'/2'/3']xpub6DXuQW1Q2Jpa1o2QCG7M1xRa5SbAkbF5B1jrKwiHRwYwkAHhdMd6U4QiH9icmuVV6XooTsaahooEqo2vPbq46TTXg3VW2sNKjtsj7tr9ZNs/**),and_v(v:pk([b8688df1/48'/0'/3'/3']xpub6DXuQW1Q2Jpa19cRZ68KkDjexvRyJVprCinYQLkoum63NLC2YC1EQvQHnNHRnM35aq3qViUAUCTS7Fu4AnuGRzfmeyZujx7KBqJdfsCyLtn/**),older(26280))})
  miniscript={multi_a(2,[b8688df1/48'/0'/0'/3']xpub6DXuQW1Q2JpZzhem9yahH4CASHRvtGBvt4qzHi4Y1CziQ4pWbhKapCQNMND9csxg3rsoCxPtyXMQmvFhmwg3Kzhm6m6DQMbiFL1tnH4fhbA/*,[b8688df1/48'/0'/1'/3']xpub6DXuQW1Q2Jpa24MCYbGC2JWeaRjh5SxrpEDd8mG44CxoSVNa56XwxXREUmLQf5keJ654KrQpdoSNLvqMbyBGQvFye7GeYhaDaG5orPogipx/*,[b8688df1/48'/0'/2'/3']xpub6DXuQW1Q2Jpa1o2QCG7M1xRa5SbAkbF5B1jrKwiHRwYwkAHhdMd6U4QiH9icmuVV6XooTsaahooEqo2vPbq46TTXg3VW2sNKjtsj7tr9ZNs/*),and_v(v:pk([b8688df1/48'/0'/3'/3']xpub6DXuQW1Q2Jpa19cRZ68KkDjexvRyJVprCinYQLkoum63NLC2YC1EQvQHnNHRnM35aq3qViUAUCTS7Fu4AnuGRzfmeyZujx7KBqJdfsCyLtn/*),older(26280))}
  scriptnode={multi(2,[b8688df1/48'/0'/0'/3']xpub6DXuQW1Q2JpZzhem9yahH4CASHRvtGBvt4qzHi4Y1CziQ4pWbhKapCQNMND9csxg3rsoCxPtyXMQmvFhmwg3Kzhm6m6DQMbiFL1tnH4fhbA/*,[b8688df1/48'/0'/1'/3']xpub6DXuQW1Q2Jpa24MCYbGC2JWeaRjh5SxrpEDd8mG44CxoSVNa56XwxXREUmLQf5keJ654KrQpdoSNLvqMbyBGQvFye7GeYhaDaG5orPogipx/*,[b8688df1/48'/0'/2'/3']xpub6DXuQW1Q2Jpa1o2QCG7M1xRa5SbAkbF5B1jrKwiHRwYwkAHhdMd6U4QiH9icmuVV6XooTsaahooEqo2vPbq46TTXg3VW2sNKjtsj7tr9ZNs/*),and(pk([b8688df1/48'/0'/3'/3']xpub6DXuQW1Q2Jpa19cRZ68KkDjexvRyJVprCinYQLkoum63NLC2YC1EQvQHnNHRnM35aq3qViUAUCTS7Fu4AnuGRzfmeyZujx7KBqJdfsCyLtn/*),older(26280))}
type=13 k=0 keys=0 id=1.
  type=12 k=2 keys=3 id=1.1.
  type=8 k=0 keys=0 id=1.2.
    type=1 k=0 keys=1 id=1.2.1.
    type=2 k=26280 keys=0 id=1.2.2.
  signing_paths=2: [1.1.,] [1.2.1.,1.2.2.,]
  check_valid=ok
  sanitize_signers=4
  receive=bc1pxltu2770mlyz6c8pftlyvdaw8xyvmj57gleufvqfupvfgkcpfqgs9eey8r bc1pyakmfvuelclf5stt3mefles3rv598f42tyq684ugkgjcl29v6nasa7eu6t bc1pqvk3sltkv2z2azm0qpdh5ppeuq008svq2l3puqgzhqslsuzukejsm8ew2r 
  change=bc1pnrh8cnmrvnpzdjmccd27qysr69zexkaksp3am4eg35pq2cjt0eksjrxw7y bc1ppy5txf8qsz3pcxqhdqskez3s5l3u7jx3l0uu7rd3csg866ulghrsgfz6vc bc1pafyapvu7allpna6sda4xs36s4s7uacq7tn247522v5y9xhq7axqqausy95 
### kofn-2B
  ParseDescriptors=REFUSE error='Failed to verify wallet descriptor'
  IsValidTapscriptTemplate=true error=''
  ParseWalletDescriptor=REFUSE code=-1017 what='Could not parse descriptor'
### kofn-2B+pr1746
  ParseDescriptors=ACCEPT error=''
  IsValidTapscriptTemplate=true error=''
  ParseWalletDescriptor=ACCEPT
  wallet_type=MINISCRIPT address_type=TAPROOT template=DISABLE_KEY_PATH m=0 n=4 id=nvkgfevs
  signer[0] xfp=73c5da0a path=m/48h/0h/0h/3h eii=0;1 xpub=xpub6DXuQW1Q2JpZyweiMewTZuMPvjG8hKhV2qoF6wL9VFxsMBExtbfqAAoR4oMG4GyxFzVdfas1v2eAdfLxyjc4Ceo5B6w6zTpf7F2BuXCJ52i
  signer[1] xfp=b8688df1 path=m/48h/0h/0h/3h eii=0;1 xpub=xpub6DXuQW1Q2JpZzhem9yahH4CASHRvtGBvt4qzHi4Y1CziQ4pWbhKapCQNMND9csxg3rsoCxPtyXMQmvFhmwg3Kzhm6m6DQMbiFL1tnH4fhbA
  signer[2] xfp=b8688df1 path=m/48h/0h/1h/3h eii=0;1 xpub=xpub6DXuQW1Q2Jpa24MCYbGC2JWeaRjh5SxrpEDd8mG44CxoSVNa56XwxXREUmLQf5keJ654KrQpdoSNLvqMbyBGQvFye7GeYhaDaG5orPogipx
  signer[3] xfp=3f635a63 path=m/48h/0h/0h/3h eii=0;1 xpub=xpub6DXuQW1Q2Jpa1hNtFUcghdx7Q8kTDsqo7b54YAqZBNCH8EuSvmNSAKbAvkZ4HspgftJ1aqSMeFiZ4sr2QNEGm9geaEre3zDwiJD7C5gx5VH
  desc.EXTERNAL_ALL=tr(xpub661MyMwAqRbcGVVX3ddUQx9zJBKP2Xej8QRRH2oRr8fDuv8PrA64x72gy5Qp7unruLw3haPCAEUpanxvSy47EQanYywhAs1DMBo6AwsGMqS/0/*,{multi_a(2,[b8688df1/48'/0'/0'/3']xpub6DXuQW1Q2JpZzhem9yahH4CASHRvtGBvt4qzHi4Y1CziQ4pWbhKapCQNMND9csxg3rsoCxPtyXMQmvFhmwg3Kzhm6m6DQMbiFL1tnH4fhbA/0/*,[b8688df1/48'/0'/1'/3']xpub6DXuQW1Q2Jpa24MCYbGC2JWeaRjh5SxrpEDd8mG44CxoSVNa56XwxXREUmLQf5keJ654KrQpdoSNLvqMbyBGQvFye7GeYhaDaG5orPogipx/0/*,[73c5da0a/48'/0'/0'/3']xpub6DXuQW1Q2JpZyweiMewTZuMPvjG8hKhV2qoF6wL9VFxsMBExtbfqAAoR4oMG4GyxFzVdfas1v2eAdfLxyjc4Ceo5B6w6zTpf7F2BuXCJ52i/0/*),and_v(v:pk([3f635a63/48'/0'/0'/3']xpub6DXuQW1Q2Jpa1hNtFUcghdx7Q8kTDsqo7b54YAqZBNCH8EuSvmNSAKbAvkZ4HspgftJ1aqSMeFiZ4sr2QNEGm9geaEre3zDwiJD7C5gx5VH/0/*),older(26280))})#nvkgfevs
  desc.INTERNAL_ALL=tr(xpub661MyMwAqRbcGVVX3ddUQx9zJBKP2Xej8QRRH2oRr8fDuv8PrA64x72gy5Qp7unruLw3haPCAEUpanxvSy47EQanYywhAs1DMBo6AwsGMqS/1/*,{multi_a(2,[b8688df1/48'/0'/0'/3']xpub6DXuQW1Q2JpZzhem9yahH4CASHRvtGBvt4qzHi4Y1CziQ4pWbhKapCQNMND9csxg3rsoCxPtyXMQmvFhmwg3Kzhm6m6DQMbiFL1tnH4fhbA/1/*,[b8688df1/48'/0'/1'/3']xpub6DXuQW1Q2Jpa24MCYbGC2JWeaRjh5SxrpEDd8mG44CxoSVNa56XwxXREUmLQf5keJ654KrQpdoSNLvqMbyBGQvFye7GeYhaDaG5orPogipx/1/*,[73c5da0a/48'/0'/0'/3']xpub6DXuQW1Q2JpZyweiMewTZuMPvjG8hKhV2qoF6wL9VFxsMBExtbfqAAoR4oMG4GyxFzVdfas1v2eAdfLxyjc4Ceo5B6w6zTpf7F2BuXCJ52i/1/*),and_v(v:pk([3f635a63/48'/0'/0'/3']xpub6DXuQW1Q2Jpa1hNtFUcghdx7Q8kTDsqo7b54YAqZBNCH8EuSvmNSAKbAvkZ4HspgftJ1aqSMeFiZ4sr2QNEGm9geaEre3zDwiJD7C5gx5VH/1/*),older(26280))})#qe4xfdqz
  desc.EXTERNAL_INTERNAL=tr(xpub661MyMwAqRbcGVVX3ddUQx9zJBKP2Xej8QRRH2oRr8fDuv8PrA64x72gy5Qp7unruLw3haPCAEUpanxvSy47EQanYywhAs1DMBo6AwsGMqS/<0;1>/*,{multi_a(2,[b8688df1/48'/0'/0'/3']xpub6DXuQW1Q2JpZzhem9yahH4CASHRvtGBvt4qzHi4Y1CziQ4pWbhKapCQNMND9csxg3rsoCxPtyXMQmvFhmwg3Kzhm6m6DQMbiFL1tnH4fhbA/<0;1>/*,[b8688df1/48'/0'/1'/3']xpub6DXuQW1Q2Jpa24MCYbGC2JWeaRjh5SxrpEDd8mG44CxoSVNa56XwxXREUmLQf5keJ654KrQpdoSNLvqMbyBGQvFye7GeYhaDaG5orPogipx/<0;1>/*,[73c5da0a/48'/0'/0'/3']xpub6DXuQW1Q2JpZyweiMewTZuMPvjG8hKhV2qoF6wL9VFxsMBExtbfqAAoR4oMG4GyxFzVdfas1v2eAdfLxyjc4Ceo5B6w6zTpf7F2BuXCJ52i/<0;1>/*),and_v(v:pk([3f635a63/48'/0'/0'/3']xpub6DXuQW1Q2Jpa1hNtFUcghdx7Q8kTDsqo7b54YAqZBNCH8EuSvmNSAKbAvkZ4HspgftJ1aqSMeFiZ4sr2QNEGm9geaEre3zDwiJD7C5gx5VH/<0;1>/*),older(26280))})#y3d9jaak
  desc.TEMPLATE=tr(xpub661MyMwAqRbcGVVX3ddUQx9zJBKP2Xej8QRRH2oRr8fDuv8PrA64x72gy5Qp7unruLw3haPCAEUpanxvSy47EQanYywhAs1DMBo6AwsGMqS/**,{multi_a(2,[b8688df1/48'/0'/0'/3']xpub6DXuQW1Q2JpZzhem9yahH4CASHRvtGBvt4qzHi4Y1CziQ4pWbhKapCQNMND9csxg3rsoCxPtyXMQmvFhmwg3Kzhm6m6DQMbiFL1tnH4fhbA/**,[b8688df1/48'/0'/1'/3']xpub6DXuQW1Q2Jpa24MCYbGC2JWeaRjh5SxrpEDd8mG44CxoSVNa56XwxXREUmLQf5keJ654KrQpdoSNLvqMbyBGQvFye7GeYhaDaG5orPogipx/**,[73c5da0a/48'/0'/0'/3']xpub6DXuQW1Q2JpZyweiMewTZuMPvjG8hKhV2qoF6wL9VFxsMBExtbfqAAoR4oMG4GyxFzVdfas1v2eAdfLxyjc4Ceo5B6w6zTpf7F2BuXCJ52i/**),and_v(v:pk([3f635a63/48'/0'/0'/3']xpub6DXuQW1Q2Jpa1hNtFUcghdx7Q8kTDsqo7b54YAqZBNCH8EuSvmNSAKbAvkZ4HspgftJ1aqSMeFiZ4sr2QNEGm9geaEre3zDwiJD7C5gx5VH/**),older(26280))})
  miniscript={multi_a(2,[b8688df1/48'/0'/0'/3']xpub6DXuQW1Q2JpZzhem9yahH4CASHRvtGBvt4qzHi4Y1CziQ4pWbhKapCQNMND9csxg3rsoCxPtyXMQmvFhmwg3Kzhm6m6DQMbiFL1tnH4fhbA/*,[b8688df1/48'/0'/1'/3']xpub6DXuQW1Q2Jpa24MCYbGC2JWeaRjh5SxrpEDd8mG44CxoSVNa56XwxXREUmLQf5keJ654KrQpdoSNLvqMbyBGQvFye7GeYhaDaG5orPogipx/*,[73c5da0a/48'/0'/0'/3']xpub6DXuQW1Q2JpZyweiMewTZuMPvjG8hKhV2qoF6wL9VFxsMBExtbfqAAoR4oMG4GyxFzVdfas1v2eAdfLxyjc4Ceo5B6w6zTpf7F2BuXCJ52i/*),and_v(v:pk([3f635a63/48'/0'/0'/3']xpub6DXuQW1Q2Jpa1hNtFUcghdx7Q8kTDsqo7b54YAqZBNCH8EuSvmNSAKbAvkZ4HspgftJ1aqSMeFiZ4sr2QNEGm9geaEre3zDwiJD7C5gx5VH/*),older(26280))}
  scriptnode={multi(2,[b8688df1/48'/0'/0'/3']xpub6DXuQW1Q2JpZzhem9yahH4CASHRvtGBvt4qzHi4Y1CziQ4pWbhKapCQNMND9csxg3rsoCxPtyXMQmvFhmwg3Kzhm6m6DQMbiFL1tnH4fhbA/*,[b8688df1/48'/0'/1'/3']xpub6DXuQW1Q2Jpa24MCYbGC2JWeaRjh5SxrpEDd8mG44CxoSVNa56XwxXREUmLQf5keJ654KrQpdoSNLvqMbyBGQvFye7GeYhaDaG5orPogipx/*,[73c5da0a/48'/0'/0'/3']xpub6DXuQW1Q2JpZyweiMewTZuMPvjG8hKhV2qoF6wL9VFxsMBExtbfqAAoR4oMG4GyxFzVdfas1v2eAdfLxyjc4Ceo5B6w6zTpf7F2BuXCJ52i/*),and(pk([3f635a63/48'/0'/0'/3']xpub6DXuQW1Q2Jpa1hNtFUcghdx7Q8kTDsqo7b54YAqZBNCH8EuSvmNSAKbAvkZ4HspgftJ1aqSMeFiZ4sr2QNEGm9geaEre3zDwiJD7C5gx5VH/*),older(26280))}
type=13 k=0 keys=0 id=1.
  type=12 k=2 keys=3 id=1.1.
  type=8 k=0 keys=0 id=1.2.
    type=1 k=0 keys=1 id=1.2.1.
    type=2 k=26280 keys=0 id=1.2.2.
  signing_paths=2: [1.1.,] [1.2.1.,1.2.2.,]
  check_valid=ok
  sanitize_signers=4
  receive=bc1pla7v347vs396veq4eevzgec0dds2z8aeazhk6ql0045agy7gs5ls2rzqqv bc1pg6d89jwrjwy8eq2xv3y0lszwjyjd69h5cn740uggwae5guhzaygslh3p4a bc1pnqu3twslks78c9dq8sajkfxdvhkny5cc8ej45sayk5x4vmxarydsdt9sav 
  change=bc1pjvdfv8l2usa387gtqw2kvar5hpculjjdylk00f94crw2dv3n5fkqy9vu45 bc1p8fe2t56qrmurnnzyqgqam3jt690449pd9w5f76l0m023tlq59nwqg7wr6g bc1pnfjy7qr4jdquh6s09tjlvrxzlh5332lpd5s0lusf4t7f3eltqc2qz7t573 
### tiered-2B
  ParseDescriptors=REFUSE error='Failed to verify wallet descriptor'
  IsValidTapscriptTemplate=true error=''
  ParseWalletDescriptor=REFUSE code=-1017 what='Could not parse descriptor'
### tiered-2B+pr1746
  ParseDescriptors=ACCEPT error=''
  IsValidTapscriptTemplate=true error=''
  ParseWalletDescriptor=ACCEPT
  wallet_type=MINISCRIPT address_type=TAPROOT template=DISABLE_KEY_PATH m=0 n=4 id=7e85lafy
  signer[0] xfp=b8688df1 path=m/48h/0h/0h/3h eii=0;1 xpub=xpub6DXuQW1Q2JpZzhem9yahH4CASHRvtGBvt4qzHi4Y1CziQ4pWbhKapCQNMND9csxg3rsoCxPtyXMQmvFhmwg3Kzhm6m6DQMbiFL1tnH4fhbA
  signer[1] xfp=b8688df1 path=m/48h/0h/1h/3h eii=0;1 xpub=xpub6DXuQW1Q2Jpa24MCYbGC2JWeaRjh5SxrpEDd8mG44CxoSVNa56XwxXREUmLQf5keJ654KrQpdoSNLvqMbyBGQvFye7GeYhaDaG5orPogipx
  signer[2] xfp=3f635a63 path=m/48h/0h/0h/3h eii=0;1 xpub=xpub6DXuQW1Q2Jpa1hNtFUcghdx7Q8kTDsqo7b54YAqZBNCH8EuSvmNSAKbAvkZ4HspgftJ1aqSMeFiZ4sr2QNEGm9geaEre3zDwiJD7C5gx5VH
  signer[3] xfp=73c5da0a path=m/48h/0h/0h/3h eii=0;1 xpub=xpub6DXuQW1Q2JpZyweiMewTZuMPvjG8hKhV2qoF6wL9VFxsMBExtbfqAAoR4oMG4GyxFzVdfas1v2eAdfLxyjc4Ceo5B6w6zTpf7F2BuXCJ52i
  desc.EXTERNAL_ALL=tr(xpub661MyMwAqRbcGVVX3ddUQx9zJBKP2Xej8QRRH2oRr8fDuv8PrA64x72gy5Qp7unruLw3haPCAEUpanxvSy47EQanYywhAs1DMBo6AwsGMqS/0/*,{multi_a(2,[b8688df1/48'/0'/0'/3']xpub6DXuQW1Q2JpZzhem9yahH4CASHRvtGBvt4qzHi4Y1CziQ4pWbhKapCQNMND9csxg3rsoCxPtyXMQmvFhmwg3Kzhm6m6DQMbiFL1tnH4fhbA/0/*,[b8688df1/48'/0'/1'/3']xpub6DXuQW1Q2Jpa24MCYbGC2JWeaRjh5SxrpEDd8mG44CxoSVNa56XwxXREUmLQf5keJ654KrQpdoSNLvqMbyBGQvFye7GeYhaDaG5orPogipx/0/*),and_v(v:multi_a(1,[73c5da0a/48'/0'/0'/3']xpub6DXuQW1Q2JpZyweiMewTZuMPvjG8hKhV2qoF6wL9VFxsMBExtbfqAAoR4oMG4GyxFzVdfas1v2eAdfLxyjc4Ceo5B6w6zTpf7F2BuXCJ52i/0/*,[3f635a63/48'/0'/0'/3']xpub6DXuQW1Q2Jpa1hNtFUcghdx7Q8kTDsqo7b54YAqZBNCH8EuSvmNSAKbAvkZ4HspgftJ1aqSMeFiZ4sr2QNEGm9geaEre3zDwiJD7C5gx5VH/0/*),older(26280))})#7e85lafy
  desc.INTERNAL_ALL=tr(xpub661MyMwAqRbcGVVX3ddUQx9zJBKP2Xej8QRRH2oRr8fDuv8PrA64x72gy5Qp7unruLw3haPCAEUpanxvSy47EQanYywhAs1DMBo6AwsGMqS/1/*,{multi_a(2,[b8688df1/48'/0'/0'/3']xpub6DXuQW1Q2JpZzhem9yahH4CASHRvtGBvt4qzHi4Y1CziQ4pWbhKapCQNMND9csxg3rsoCxPtyXMQmvFhmwg3Kzhm6m6DQMbiFL1tnH4fhbA/1/*,[b8688df1/48'/0'/1'/3']xpub6DXuQW1Q2Jpa24MCYbGC2JWeaRjh5SxrpEDd8mG44CxoSVNa56XwxXREUmLQf5keJ654KrQpdoSNLvqMbyBGQvFye7GeYhaDaG5orPogipx/1/*),and_v(v:multi_a(1,[73c5da0a/48'/0'/0'/3']xpub6DXuQW1Q2JpZyweiMewTZuMPvjG8hKhV2qoF6wL9VFxsMBExtbfqAAoR4oMG4GyxFzVdfas1v2eAdfLxyjc4Ceo5B6w6zTpf7F2BuXCJ52i/1/*,[3f635a63/48'/0'/0'/3']xpub6DXuQW1Q2Jpa1hNtFUcghdx7Q8kTDsqo7b54YAqZBNCH8EuSvmNSAKbAvkZ4HspgftJ1aqSMeFiZ4sr2QNEGm9geaEre3zDwiJD7C5gx5VH/1/*),older(26280))})#ns8rx5nu
  desc.EXTERNAL_INTERNAL=tr(xpub661MyMwAqRbcGVVX3ddUQx9zJBKP2Xej8QRRH2oRr8fDuv8PrA64x72gy5Qp7unruLw3haPCAEUpanxvSy47EQanYywhAs1DMBo6AwsGMqS/<0;1>/*,{multi_a(2,[b8688df1/48'/0'/0'/3']xpub6DXuQW1Q2JpZzhem9yahH4CASHRvtGBvt4qzHi4Y1CziQ4pWbhKapCQNMND9csxg3rsoCxPtyXMQmvFhmwg3Kzhm6m6DQMbiFL1tnH4fhbA/<0;1>/*,[b8688df1/48'/0'/1'/3']xpub6DXuQW1Q2Jpa24MCYbGC2JWeaRjh5SxrpEDd8mG44CxoSVNa56XwxXREUmLQf5keJ654KrQpdoSNLvqMbyBGQvFye7GeYhaDaG5orPogipx/<0;1>/*),and_v(v:multi_a(1,[73c5da0a/48'/0'/0'/3']xpub6DXuQW1Q2JpZyweiMewTZuMPvjG8hKhV2qoF6wL9VFxsMBExtbfqAAoR4oMG4GyxFzVdfas1v2eAdfLxyjc4Ceo5B6w6zTpf7F2BuXCJ52i/<0;1>/*,[3f635a63/48'/0'/0'/3']xpub6DXuQW1Q2Jpa1hNtFUcghdx7Q8kTDsqo7b54YAqZBNCH8EuSvmNSAKbAvkZ4HspgftJ1aqSMeFiZ4sr2QNEGm9geaEre3zDwiJD7C5gx5VH/<0;1>/*),older(26280))})#k5ltwhaf
  desc.TEMPLATE=tr(xpub661MyMwAqRbcGVVX3ddUQx9zJBKP2Xej8QRRH2oRr8fDuv8PrA64x72gy5Qp7unruLw3haPCAEUpanxvSy47EQanYywhAs1DMBo6AwsGMqS/**,{multi_a(2,[b8688df1/48'/0'/0'/3']xpub6DXuQW1Q2JpZzhem9yahH4CASHRvtGBvt4qzHi4Y1CziQ4pWbhKapCQNMND9csxg3rsoCxPtyXMQmvFhmwg3Kzhm6m6DQMbiFL1tnH4fhbA/**,[b8688df1/48'/0'/1'/3']xpub6DXuQW1Q2Jpa24MCYbGC2JWeaRjh5SxrpEDd8mG44CxoSVNa56XwxXREUmLQf5keJ654KrQpdoSNLvqMbyBGQvFye7GeYhaDaG5orPogipx/**),and_v(v:multi_a(1,[73c5da0a/48'/0'/0'/3']xpub6DXuQW1Q2JpZyweiMewTZuMPvjG8hKhV2qoF6wL9VFxsMBExtbfqAAoR4oMG4GyxFzVdfas1v2eAdfLxyjc4Ceo5B6w6zTpf7F2BuXCJ52i/**,[3f635a63/48'/0'/0'/3']xpub6DXuQW1Q2Jpa1hNtFUcghdx7Q8kTDsqo7b54YAqZBNCH8EuSvmNSAKbAvkZ4HspgftJ1aqSMeFiZ4sr2QNEGm9geaEre3zDwiJD7C5gx5VH/**),older(26280))})
  miniscript={multi_a(2,[b8688df1/48'/0'/0'/3']xpub6DXuQW1Q2JpZzhem9yahH4CASHRvtGBvt4qzHi4Y1CziQ4pWbhKapCQNMND9csxg3rsoCxPtyXMQmvFhmwg3Kzhm6m6DQMbiFL1tnH4fhbA/*,[b8688df1/48'/0'/1'/3']xpub6DXuQW1Q2Jpa24MCYbGC2JWeaRjh5SxrpEDd8mG44CxoSVNa56XwxXREUmLQf5keJ654KrQpdoSNLvqMbyBGQvFye7GeYhaDaG5orPogipx/*),and_v(v:multi_a(1,[73c5da0a/48'/0'/0'/3']xpub6DXuQW1Q2JpZyweiMewTZuMPvjG8hKhV2qoF6wL9VFxsMBExtbfqAAoR4oMG4GyxFzVdfas1v2eAdfLxyjc4Ceo5B6w6zTpf7F2BuXCJ52i/*,[3f635a63/48'/0'/0'/3']xpub6DXuQW1Q2Jpa1hNtFUcghdx7Q8kTDsqo7b54YAqZBNCH8EuSvmNSAKbAvkZ4HspgftJ1aqSMeFiZ4sr2QNEGm9geaEre3zDwiJD7C5gx5VH/*),older(26280))}
  scriptnode={multi(2,[b8688df1/48'/0'/0'/3']xpub6DXuQW1Q2JpZzhem9yahH4CASHRvtGBvt4qzHi4Y1CziQ4pWbhKapCQNMND9csxg3rsoCxPtyXMQmvFhmwg3Kzhm6m6DQMbiFL1tnH4fhbA/*,[b8688df1/48'/0'/1'/3']xpub6DXuQW1Q2Jpa24MCYbGC2JWeaRjh5SxrpEDd8mG44CxoSVNa56XwxXREUmLQf5keJ654KrQpdoSNLvqMbyBGQvFye7GeYhaDaG5orPogipx/*),and(multi(1,[73c5da0a/48'/0'/0'/3']xpub6DXuQW1Q2JpZyweiMewTZuMPvjG8hKhV2qoF6wL9VFxsMBExtbfqAAoR4oMG4GyxFzVdfas1v2eAdfLxyjc4Ceo5B6w6zTpf7F2BuXCJ52i/*,[3f635a63/48'/0'/0'/3']xpub6DXuQW1Q2Jpa1hNtFUcghdx7Q8kTDsqo7b54YAqZBNCH8EuSvmNSAKbAvkZ4HspgftJ1aqSMeFiZ4sr2QNEGm9geaEre3zDwiJD7C5gx5VH/*),older(26280))}
type=13 k=0 keys=0 id=1.
  type=12 k=2 keys=2 id=1.1.
  type=8 k=0 keys=0 id=1.2.
    type=12 k=1 keys=2 id=1.2.1.
    type=2 k=26280 keys=0 id=1.2.2.
  signing_paths=2: [1.1.,] [1.2.1.,1.2.2.,]
  check_valid=ok
  sanitize_signers=4
  receive=bc1ps9cg69g4aql55m7yd7sdzhf5v2j32tv8987cktn0euywvdr40dlql8fwyp bc1phrw30u8lelr82xssdv7ezy7vlrs738uwz0evk6jmqz4vwh2wukxqskdpk3 bc1pe5em92jpdjsw9zf28mx77gs72mq63sw8dkqzvq80705ss2xd38zq5g8t90 
  change=bc1pswnv5y6uuhnk7n3qjc4l8j0we7awfpjpuyjlqr5zrq8s3w7x6n7qvcv8lz bc1pvn0x4apath97wefdf6wyh7wqah2rwntjfllvutmada5lz0jp9klqrwtm5r bc1p3uep4py2lu25uz5mvhf2ac9dg8helywj8x20h99u6hj3849xst2s7dxe3w 
### tiered-allB
  ParseDescriptors=REFUSE error='Failed to verify wallet descriptor'
  IsValidTapscriptTemplate=true error=''
  ParseWalletDescriptor=REFUSE code=-1017 what='Could not parse descriptor'
### tiered-allB+pr1746
  ParseDescriptors=ACCEPT error=''
  IsValidTapscriptTemplate=true error=''
  ParseWalletDescriptor=ACCEPT
  wallet_type=MINISCRIPT address_type=TAPROOT template=DISABLE_KEY_PATH m=0 n=4 id=m0nxj4hd
  signer[0] xfp=b8688df1 path=m/48h/0h/0h/3h eii=0;1 xpub=xpub6DXuQW1Q2JpZzhem9yahH4CASHRvtGBvt4qzHi4Y1CziQ4pWbhKapCQNMND9csxg3rsoCxPtyXMQmvFhmwg3Kzhm6m6DQMbiFL1tnH4fhbA
  signer[1] xfp=b8688df1 path=m/48h/0h/1h/3h eii=0;1 xpub=xpub6DXuQW1Q2Jpa24MCYbGC2JWeaRjh5SxrpEDd8mG44CxoSVNa56XwxXREUmLQf5keJ654KrQpdoSNLvqMbyBGQvFye7GeYhaDaG5orPogipx
  signer[2] xfp=b8688df1 path=m/48h/0h/2h/3h eii=0;1 xpub=xpub6DXuQW1Q2Jpa1o2QCG7M1xRa5SbAkbF5B1jrKwiHRwYwkAHhdMd6U4QiH9icmuVV6XooTsaahooEqo2vPbq46TTXg3VW2sNKjtsj7tr9ZNs
  signer[3] xfp=b8688df1 path=m/48h/0h/3h/3h eii=0;1 xpub=xpub6DXuQW1Q2Jpa19cRZ68KkDjexvRyJVprCinYQLkoum63NLC2YC1EQvQHnNHRnM35aq3qViUAUCTS7Fu4AnuGRzfmeyZujx7KBqJdfsCyLtn
  desc.EXTERNAL_ALL=tr(xpub661MyMwAqRbcGFyjdJRoDaghUMXt7dfxpZ9KDL92K2JSYJAd6TCbVAt1YzE2iU1Ju1yMBNU9mA5wqLREAfXaMag4TB6wxZhBxHaThjGi6vK/0/*,{multi_a(2,[b8688df1/48'/0'/0'/3']xpub6DXuQW1Q2JpZzhem9yahH4CASHRvtGBvt4qzHi4Y1CziQ4pWbhKapCQNMND9csxg3rsoCxPtyXMQmvFhmwg3Kzhm6m6DQMbiFL1tnH4fhbA/0/*,[b8688df1/48'/0'/1'/3']xpub6DXuQW1Q2Jpa24MCYbGC2JWeaRjh5SxrpEDd8mG44CxoSVNa56XwxXREUmLQf5keJ654KrQpdoSNLvqMbyBGQvFye7GeYhaDaG5orPogipx/0/*),and_v(v:multi_a(1,[b8688df1/48'/0'/2'/3']xpub6DXuQW1Q2Jpa1o2QCG7M1xRa5SbAkbF5B1jrKwiHRwYwkAHhdMd6U4QiH9icmuVV6XooTsaahooEqo2vPbq46TTXg3VW2sNKjtsj7tr9ZNs/0/*,[b8688df1/48'/0'/3'/3']xpub6DXuQW1Q2Jpa19cRZ68KkDjexvRyJVprCinYQLkoum63NLC2YC1EQvQHnNHRnM35aq3qViUAUCTS7Fu4AnuGRzfmeyZujx7KBqJdfsCyLtn/0/*),older(26280))})#m0nxj4hd
  desc.INTERNAL_ALL=tr(xpub661MyMwAqRbcGFyjdJRoDaghUMXt7dfxpZ9KDL92K2JSYJAd6TCbVAt1YzE2iU1Ju1yMBNU9mA5wqLREAfXaMag4TB6wxZhBxHaThjGi6vK/1/*,{multi_a(2,[b8688df1/48'/0'/0'/3']xpub6DXuQW1Q2JpZzhem9yahH4CASHRvtGBvt4qzHi4Y1CziQ4pWbhKapCQNMND9csxg3rsoCxPtyXMQmvFhmwg3Kzhm6m6DQMbiFL1tnH4fhbA/1/*,[b8688df1/48'/0'/1'/3']xpub6DXuQW1Q2Jpa24MCYbGC2JWeaRjh5SxrpEDd8mG44CxoSVNa56XwxXREUmLQf5keJ654KrQpdoSNLvqMbyBGQvFye7GeYhaDaG5orPogipx/1/*),and_v(v:multi_a(1,[b8688df1/48'/0'/2'/3']xpub6DXuQW1Q2Jpa1o2QCG7M1xRa5SbAkbF5B1jrKwiHRwYwkAHhdMd6U4QiH9icmuVV6XooTsaahooEqo2vPbq46TTXg3VW2sNKjtsj7tr9ZNs/1/*,[b8688df1/48'/0'/3'/3']xpub6DXuQW1Q2Jpa19cRZ68KkDjexvRyJVprCinYQLkoum63NLC2YC1EQvQHnNHRnM35aq3qViUAUCTS7Fu4AnuGRzfmeyZujx7KBqJdfsCyLtn/1/*),older(26280))})#kxn3tud4
  desc.EXTERNAL_INTERNAL=tr(xpub661MyMwAqRbcGFyjdJRoDaghUMXt7dfxpZ9KDL92K2JSYJAd6TCbVAt1YzE2iU1Ju1yMBNU9mA5wqLREAfXaMag4TB6wxZhBxHaThjGi6vK/<0;1>/*,{multi_a(2,[b8688df1/48'/0'/0'/3']xpub6DXuQW1Q2JpZzhem9yahH4CASHRvtGBvt4qzHi4Y1CziQ4pWbhKapCQNMND9csxg3rsoCxPtyXMQmvFhmwg3Kzhm6m6DQMbiFL1tnH4fhbA/<0;1>/*,[b8688df1/48'/0'/1'/3']xpub6DXuQW1Q2Jpa24MCYbGC2JWeaRjh5SxrpEDd8mG44CxoSVNa56XwxXREUmLQf5keJ654KrQpdoSNLvqMbyBGQvFye7GeYhaDaG5orPogipx/<0;1>/*),and_v(v:multi_a(1,[b8688df1/48'/0'/2'/3']xpub6DXuQW1Q2Jpa1o2QCG7M1xRa5SbAkbF5B1jrKwiHRwYwkAHhdMd6U4QiH9icmuVV6XooTsaahooEqo2vPbq46TTXg3VW2sNKjtsj7tr9ZNs/<0;1>/*,[b8688df1/48'/0'/3'/3']xpub6DXuQW1Q2Jpa19cRZ68KkDjexvRyJVprCinYQLkoum63NLC2YC1EQvQHnNHRnM35aq3qViUAUCTS7Fu4AnuGRzfmeyZujx7KBqJdfsCyLtn/<0;1>/*),older(26280))})#cf0yg5r8
  desc.TEMPLATE=tr(xpub661MyMwAqRbcGFyjdJRoDaghUMXt7dfxpZ9KDL92K2JSYJAd6TCbVAt1YzE2iU1Ju1yMBNU9mA5wqLREAfXaMag4TB6wxZhBxHaThjGi6vK/**,{multi_a(2,[b8688df1/48'/0'/0'/3']xpub6DXuQW1Q2JpZzhem9yahH4CASHRvtGBvt4qzHi4Y1CziQ4pWbhKapCQNMND9csxg3rsoCxPtyXMQmvFhmwg3Kzhm6m6DQMbiFL1tnH4fhbA/**,[b8688df1/48'/0'/1'/3']xpub6DXuQW1Q2Jpa24MCYbGC2JWeaRjh5SxrpEDd8mG44CxoSVNa56XwxXREUmLQf5keJ654KrQpdoSNLvqMbyBGQvFye7GeYhaDaG5orPogipx/**),and_v(v:multi_a(1,[b8688df1/48'/0'/2'/3']xpub6DXuQW1Q2Jpa1o2QCG7M1xRa5SbAkbF5B1jrKwiHRwYwkAHhdMd6U4QiH9icmuVV6XooTsaahooEqo2vPbq46TTXg3VW2sNKjtsj7tr9ZNs/**,[b8688df1/48'/0'/3'/3']xpub6DXuQW1Q2Jpa19cRZ68KkDjexvRyJVprCinYQLkoum63NLC2YC1EQvQHnNHRnM35aq3qViUAUCTS7Fu4AnuGRzfmeyZujx7KBqJdfsCyLtn/**),older(26280))})
  miniscript={multi_a(2,[b8688df1/48'/0'/0'/3']xpub6DXuQW1Q2JpZzhem9yahH4CASHRvtGBvt4qzHi4Y1CziQ4pWbhKapCQNMND9csxg3rsoCxPtyXMQmvFhmwg3Kzhm6m6DQMbiFL1tnH4fhbA/*,[b8688df1/48'/0'/1'/3']xpub6DXuQW1Q2Jpa24MCYbGC2JWeaRjh5SxrpEDd8mG44CxoSVNa56XwxXREUmLQf5keJ654KrQpdoSNLvqMbyBGQvFye7GeYhaDaG5orPogipx/*),and_v(v:multi_a(1,[b8688df1/48'/0'/2'/3']xpub6DXuQW1Q2Jpa1o2QCG7M1xRa5SbAkbF5B1jrKwiHRwYwkAHhdMd6U4QiH9icmuVV6XooTsaahooEqo2vPbq46TTXg3VW2sNKjtsj7tr9ZNs/*,[b8688df1/48'/0'/3'/3']xpub6DXuQW1Q2Jpa19cRZ68KkDjexvRyJVprCinYQLkoum63NLC2YC1EQvQHnNHRnM35aq3qViUAUCTS7Fu4AnuGRzfmeyZujx7KBqJdfsCyLtn/*),older(26280))}
  scriptnode={multi(2,[b8688df1/48'/0'/0'/3']xpub6DXuQW1Q2JpZzhem9yahH4CASHRvtGBvt4qzHi4Y1CziQ4pWbhKapCQNMND9csxg3rsoCxPtyXMQmvFhmwg3Kzhm6m6DQMbiFL1tnH4fhbA/*,[b8688df1/48'/0'/1'/3']xpub6DXuQW1Q2Jpa24MCYbGC2JWeaRjh5SxrpEDd8mG44CxoSVNa56XwxXREUmLQf5keJ654KrQpdoSNLvqMbyBGQvFye7GeYhaDaG5orPogipx/*),and(multi(1,[b8688df1/48'/0'/2'/3']xpub6DXuQW1Q2Jpa1o2QCG7M1xRa5SbAkbF5B1jrKwiHRwYwkAHhdMd6U4QiH9icmuVV6XooTsaahooEqo2vPbq46TTXg3VW2sNKjtsj7tr9ZNs/*,[b8688df1/48'/0'/3'/3']xpub6DXuQW1Q2Jpa19cRZ68KkDjexvRyJVprCinYQLkoum63NLC2YC1EQvQHnNHRnM35aq3qViUAUCTS7Fu4AnuGRzfmeyZujx7KBqJdfsCyLtn/*),older(26280))}
type=13 k=0 keys=0 id=1.
  type=12 k=2 keys=2 id=1.1.
  type=8 k=0 keys=0 id=1.2.
    type=12 k=1 keys=2 id=1.2.1.
    type=2 k=26280 keys=0 id=1.2.2.
  signing_paths=2: [1.1.,] [1.2.1.,1.2.2.,]
  check_valid=ok
  sanitize_signers=4
  receive=bc1pkmmcl9x9nkamr4fyfpem2qhev9we2untm3rcr3kdzyg9j8dflehq7d929q bc1p9zpn9h3n69z44d39jzve6e50hryvqqdjz7harhnd2jrdmlrnna0ss3cs4v bc1p7sv9vh79ymwllwd42grdmp8sq9r7tx82k8d3xzkqulfg98e32snqeqv0py 
  change=bc1pmwynew0et3s3qfenkkz8drhthkvemgxzqpr4fr9ulaqv6275hudqqv2txl bc1pfxc6z9uq2ag6vvn6pjdusx5hnhtrv58ep3xlwvp8t79ckyxvdnfsvvdcxp bc1pest72u00x0872262g9txyjt9mvw3gctaacm28yxluumekxv2kekq425rlc 
### kofn-3B-sorted
  ParseDescriptors=ACCEPT error=''
  IsValidTapscriptTemplate=true error=''
  ParseWalletDescriptor=ACCEPT
  wallet_type=MINISCRIPT address_type=TAPROOT template=DISABLE_KEY_PATH m=0 n=4 id=d6af66px
  signer[0] xfp=b8688df1 path=m/48h/0h/0h/3h eii=0;1 xpub=xpub6DXuQW1Q2JpZzhem9yahH4CASHRvtGBvt4qzHi4Y1CziQ4pWbhKapCQNMND9csxg3rsoCxPtyXMQmvFhmwg3Kzhm6m6DQMbiFL1tnH4fhbA
  signer[1] xfp=b8688df1 path=m/48h/0h/1h/3h eii=0;1 xpub=xpub6DXuQW1Q2Jpa24MCYbGC2JWeaRjh5SxrpEDd8mG44CxoSVNa56XwxXREUmLQf5keJ654KrQpdoSNLvqMbyBGQvFye7GeYhaDaG5orPogipx
  signer[2] xfp=b8688df1 path=m/48h/0h/2h/3h eii=0;1 xpub=xpub6DXuQW1Q2Jpa1o2QCG7M1xRa5SbAkbF5B1jrKwiHRwYwkAHhdMd6U4QiH9icmuVV6XooTsaahooEqo2vPbq46TTXg3VW2sNKjtsj7tr9ZNs
  signer[3] xfp=73c5da0a path=m/48h/0h/0h/3h eii=0;1 xpub=xpub6DXuQW1Q2JpZyweiMewTZuMPvjG8hKhV2qoF6wL9VFxsMBExtbfqAAoR4oMG4GyxFzVdfas1v2eAdfLxyjc4Ceo5B6w6zTpf7F2BuXCJ52i
  desc.EXTERNAL_ALL=tr(xpub661MyMwAqRbcFsAUqaBYQngZmAGD4fHdCwGvTBDFUdLm5gykFvfeyph5HNiWSRvF1roZqAGnTtwF2ZLRUudiXqZDvdBAg29eNp4SZ3AsNmf/0/*,{multi_a(2,[b8688df1/48'/0'/0'/3']xpub6DXuQW1Q2JpZzhem9yahH4CASHRvtGBvt4qzHi4Y1CziQ4pWbhKapCQNMND9csxg3rsoCxPtyXMQmvFhmwg3Kzhm6m6DQMbiFL1tnH4fhbA/0/*,[b8688df1/48'/0'/1'/3']xpub6DXuQW1Q2Jpa24MCYbGC2JWeaRjh5SxrpEDd8mG44CxoSVNa56XwxXREUmLQf5keJ654KrQpdoSNLvqMbyBGQvFye7GeYhaDaG5orPogipx/0/*,[b8688df1/48'/0'/2'/3']xpub6DXuQW1Q2Jpa1o2QCG7M1xRa5SbAkbF5B1jrKwiHRwYwkAHhdMd6U4QiH9icmuVV6XooTsaahooEqo2vPbq46TTXg3VW2sNKjtsj7tr9ZNs/0/*),and_v(v:pk([73c5da0a/48'/0'/0'/3']xpub6DXuQW1Q2JpZyweiMewTZuMPvjG8hKhV2qoF6wL9VFxsMBExtbfqAAoR4oMG4GyxFzVdfas1v2eAdfLxyjc4Ceo5B6w6zTpf7F2BuXCJ52i/0/*),older(26280))})#d6af66px
  desc.INTERNAL_ALL=tr(xpub661MyMwAqRbcFsAUqaBYQngZmAGD4fHdCwGvTBDFUdLm5gykFvfeyph5HNiWSRvF1roZqAGnTtwF2ZLRUudiXqZDvdBAg29eNp4SZ3AsNmf/1/*,{multi_a(2,[b8688df1/48'/0'/0'/3']xpub6DXuQW1Q2JpZzhem9yahH4CASHRvtGBvt4qzHi4Y1CziQ4pWbhKapCQNMND9csxg3rsoCxPtyXMQmvFhmwg3Kzhm6m6DQMbiFL1tnH4fhbA/1/*,[b8688df1/48'/0'/1'/3']xpub6DXuQW1Q2Jpa24MCYbGC2JWeaRjh5SxrpEDd8mG44CxoSVNa56XwxXREUmLQf5keJ654KrQpdoSNLvqMbyBGQvFye7GeYhaDaG5orPogipx/1/*,[b8688df1/48'/0'/2'/3']xpub6DXuQW1Q2Jpa1o2QCG7M1xRa5SbAkbF5B1jrKwiHRwYwkAHhdMd6U4QiH9icmuVV6XooTsaahooEqo2vPbq46TTXg3VW2sNKjtsj7tr9ZNs/1/*),and_v(v:pk([73c5da0a/48'/0'/0'/3']xpub6DXuQW1Q2JpZyweiMewTZuMPvjG8hKhV2qoF6wL9VFxsMBExtbfqAAoR4oMG4GyxFzVdfas1v2eAdfLxyjc4Ceo5B6w6zTpf7F2BuXCJ52i/1/*),older(26280))})#70786wd5
  desc.EXTERNAL_INTERNAL=tr(xpub661MyMwAqRbcFsAUqaBYQngZmAGD4fHdCwGvTBDFUdLm5gykFvfeyph5HNiWSRvF1roZqAGnTtwF2ZLRUudiXqZDvdBAg29eNp4SZ3AsNmf/<0;1>/*,{multi_a(2,[b8688df1/48'/0'/0'/3']xpub6DXuQW1Q2JpZzhem9yahH4CASHRvtGBvt4qzHi4Y1CziQ4pWbhKapCQNMND9csxg3rsoCxPtyXMQmvFhmwg3Kzhm6m6DQMbiFL1tnH4fhbA/<0;1>/*,[b8688df1/48'/0'/1'/3']xpub6DXuQW1Q2Jpa24MCYbGC2JWeaRjh5SxrpEDd8mG44CxoSVNa56XwxXREUmLQf5keJ654KrQpdoSNLvqMbyBGQvFye7GeYhaDaG5orPogipx/<0;1>/*,[b8688df1/48'/0'/2'/3']xpub6DXuQW1Q2Jpa1o2QCG7M1xRa5SbAkbF5B1jrKwiHRwYwkAHhdMd6U4QiH9icmuVV6XooTsaahooEqo2vPbq46TTXg3VW2sNKjtsj7tr9ZNs/<0;1>/*),and_v(v:pk([73c5da0a/48'/0'/0'/3']xpub6DXuQW1Q2JpZyweiMewTZuMPvjG8hKhV2qoF6wL9VFxsMBExtbfqAAoR4oMG4GyxFzVdfas1v2eAdfLxyjc4Ceo5B6w6zTpf7F2BuXCJ52i/<0;1>/*),older(26280))})#ddmc9pz4
  desc.TEMPLATE=tr(xpub661MyMwAqRbcFsAUqaBYQngZmAGD4fHdCwGvTBDFUdLm5gykFvfeyph5HNiWSRvF1roZqAGnTtwF2ZLRUudiXqZDvdBAg29eNp4SZ3AsNmf/**,{multi_a(2,[b8688df1/48'/0'/0'/3']xpub6DXuQW1Q2JpZzhem9yahH4CASHRvtGBvt4qzHi4Y1CziQ4pWbhKapCQNMND9csxg3rsoCxPtyXMQmvFhmwg3Kzhm6m6DQMbiFL1tnH4fhbA/**,[b8688df1/48'/0'/1'/3']xpub6DXuQW1Q2Jpa24MCYbGC2JWeaRjh5SxrpEDd8mG44CxoSVNa56XwxXREUmLQf5keJ654KrQpdoSNLvqMbyBGQvFye7GeYhaDaG5orPogipx/**,[b8688df1/48'/0'/2'/3']xpub6DXuQW1Q2Jpa1o2QCG7M1xRa5SbAkbF5B1jrKwiHRwYwkAHhdMd6U4QiH9icmuVV6XooTsaahooEqo2vPbq46TTXg3VW2sNKjtsj7tr9ZNs/**),and_v(v:pk([73c5da0a/48'/0'/0'/3']xpub6DXuQW1Q2JpZyweiMewTZuMPvjG8hKhV2qoF6wL9VFxsMBExtbfqAAoR4oMG4GyxFzVdfas1v2eAdfLxyjc4Ceo5B6w6zTpf7F2BuXCJ52i/**),older(26280))})
  miniscript={multi_a(2,[b8688df1/48'/0'/0'/3']xpub6DXuQW1Q2JpZzhem9yahH4CASHRvtGBvt4qzHi4Y1CziQ4pWbhKapCQNMND9csxg3rsoCxPtyXMQmvFhmwg3Kzhm6m6DQMbiFL1tnH4fhbA/*,[b8688df1/48'/0'/1'/3']xpub6DXuQW1Q2Jpa24MCYbGC2JWeaRjh5SxrpEDd8mG44CxoSVNa56XwxXREUmLQf5keJ654KrQpdoSNLvqMbyBGQvFye7GeYhaDaG5orPogipx/*,[b8688df1/48'/0'/2'/3']xpub6DXuQW1Q2Jpa1o2QCG7M1xRa5SbAkbF5B1jrKwiHRwYwkAHhdMd6U4QiH9icmuVV6XooTsaahooEqo2vPbq46TTXg3VW2sNKjtsj7tr9ZNs/*),and_v(v:pk([73c5da0a/48'/0'/0'/3']xpub6DXuQW1Q2JpZyweiMewTZuMPvjG8hKhV2qoF6wL9VFxsMBExtbfqAAoR4oMG4GyxFzVdfas1v2eAdfLxyjc4Ceo5B6w6zTpf7F2BuXCJ52i/*),older(26280))}
  scriptnode={multi(2,[b8688df1/48'/0'/0'/3']xpub6DXuQW1Q2JpZzhem9yahH4CASHRvtGBvt4qzHi4Y1CziQ4pWbhKapCQNMND9csxg3rsoCxPtyXMQmvFhmwg3Kzhm6m6DQMbiFL1tnH4fhbA/*,[b8688df1/48'/0'/1'/3']xpub6DXuQW1Q2Jpa24MCYbGC2JWeaRjh5SxrpEDd8mG44CxoSVNa56XwxXREUmLQf5keJ654KrQpdoSNLvqMbyBGQvFye7GeYhaDaG5orPogipx/*,[b8688df1/48'/0'/2'/3']xpub6DXuQW1Q2Jpa1o2QCG7M1xRa5SbAkbF5B1jrKwiHRwYwkAHhdMd6U4QiH9icmuVV6XooTsaahooEqo2vPbq46TTXg3VW2sNKjtsj7tr9ZNs/*),and(pk([73c5da0a/48'/0'/0'/3']xpub6DXuQW1Q2JpZyweiMewTZuMPvjG8hKhV2qoF6wL9VFxsMBExtbfqAAoR4oMG4GyxFzVdfas1v2eAdfLxyjc4Ceo5B6w6zTpf7F2BuXCJ52i/*),older(26280))}
type=13 k=0 keys=0 id=1.
  type=12 k=2 keys=3 id=1.1.
  type=8 k=0 keys=0 id=1.2.
    type=1 k=0 keys=1 id=1.2.1.
    type=2 k=26280 keys=0 id=1.2.2.
  signing_paths=2: [1.1.,] [1.2.1.,1.2.2.,]
  check_valid=ok
  sanitize_signers=4
  receive=bc1pzfrdsqtk8jafcerr7ejv49y29xn599zs7jt7kpz0ccy62x2jd96q5fd5h8 bc1pkt7hfgplk5qz6xz9mv0wck0gvlg9we5s7vuq4h6aahq0t2ya0vhsdkah8l bc1pxmy3yqfzs0vtnqpehc9q7g6wn3eed2fhjlsddf2dszz7l9sjjadqrq4jg4 
  change=bc1p0w9rtlq2cm7zrmdrsnu3hj6slmrh9g8l6c07vdx0ze40a9k7s2nquygrhx bc1p4etnvqyt9mcv7tkusp5qvvyn5sytfpgdz0wdeyeswckpwy0mwnvqa5j072 bc1pw0jmpty4c7m38j9jthd6ld643hlj60cl09d7w4xu34yr8um2yhus2m70ff 
### kofn-3B-sorted+pr1746
  ParseDescriptors=ACCEPT error=''
  IsValidTapscriptTemplate=true error=''
  ParseWalletDescriptor=ACCEPT
  wallet_type=MINISCRIPT address_type=TAPROOT template=DISABLE_KEY_PATH m=0 n=4 id=d6af66px
  signer[0] xfp=b8688df1 path=m/48h/0h/0h/3h eii=0;1 xpub=xpub6DXuQW1Q2JpZzhem9yahH4CASHRvtGBvt4qzHi4Y1CziQ4pWbhKapCQNMND9csxg3rsoCxPtyXMQmvFhmwg3Kzhm6m6DQMbiFL1tnH4fhbA
  signer[1] xfp=b8688df1 path=m/48h/0h/1h/3h eii=0;1 xpub=xpub6DXuQW1Q2Jpa24MCYbGC2JWeaRjh5SxrpEDd8mG44CxoSVNa56XwxXREUmLQf5keJ654KrQpdoSNLvqMbyBGQvFye7GeYhaDaG5orPogipx
  signer[2] xfp=b8688df1 path=m/48h/0h/2h/3h eii=0;1 xpub=xpub6DXuQW1Q2Jpa1o2QCG7M1xRa5SbAkbF5B1jrKwiHRwYwkAHhdMd6U4QiH9icmuVV6XooTsaahooEqo2vPbq46TTXg3VW2sNKjtsj7tr9ZNs
  signer[3] xfp=73c5da0a path=m/48h/0h/0h/3h eii=0;1 xpub=xpub6DXuQW1Q2JpZyweiMewTZuMPvjG8hKhV2qoF6wL9VFxsMBExtbfqAAoR4oMG4GyxFzVdfas1v2eAdfLxyjc4Ceo5B6w6zTpf7F2BuXCJ52i
  desc.EXTERNAL_ALL=tr(xpub661MyMwAqRbcFsAUqaBYQngZmAGD4fHdCwGvTBDFUdLm5gykFvfeyph5HNiWSRvF1roZqAGnTtwF2ZLRUudiXqZDvdBAg29eNp4SZ3AsNmf/0/*,{multi_a(2,[b8688df1/48'/0'/0'/3']xpub6DXuQW1Q2JpZzhem9yahH4CASHRvtGBvt4qzHi4Y1CziQ4pWbhKapCQNMND9csxg3rsoCxPtyXMQmvFhmwg3Kzhm6m6DQMbiFL1tnH4fhbA/0/*,[b8688df1/48'/0'/1'/3']xpub6DXuQW1Q2Jpa24MCYbGC2JWeaRjh5SxrpEDd8mG44CxoSVNa56XwxXREUmLQf5keJ654KrQpdoSNLvqMbyBGQvFye7GeYhaDaG5orPogipx/0/*,[b8688df1/48'/0'/2'/3']xpub6DXuQW1Q2Jpa1o2QCG7M1xRa5SbAkbF5B1jrKwiHRwYwkAHhdMd6U4QiH9icmuVV6XooTsaahooEqo2vPbq46TTXg3VW2sNKjtsj7tr9ZNs/0/*),and_v(v:pk([73c5da0a/48'/0'/0'/3']xpub6DXuQW1Q2JpZyweiMewTZuMPvjG8hKhV2qoF6wL9VFxsMBExtbfqAAoR4oMG4GyxFzVdfas1v2eAdfLxyjc4Ceo5B6w6zTpf7F2BuXCJ52i/0/*),older(26280))})#d6af66px
  desc.INTERNAL_ALL=tr(xpub661MyMwAqRbcFsAUqaBYQngZmAGD4fHdCwGvTBDFUdLm5gykFvfeyph5HNiWSRvF1roZqAGnTtwF2ZLRUudiXqZDvdBAg29eNp4SZ3AsNmf/1/*,{multi_a(2,[b8688df1/48'/0'/0'/3']xpub6DXuQW1Q2JpZzhem9yahH4CASHRvtGBvt4qzHi4Y1CziQ4pWbhKapCQNMND9csxg3rsoCxPtyXMQmvFhmwg3Kzhm6m6DQMbiFL1tnH4fhbA/1/*,[b8688df1/48'/0'/1'/3']xpub6DXuQW1Q2Jpa24MCYbGC2JWeaRjh5SxrpEDd8mG44CxoSVNa56XwxXREUmLQf5keJ654KrQpdoSNLvqMbyBGQvFye7GeYhaDaG5orPogipx/1/*,[b8688df1/48'/0'/2'/3']xpub6DXuQW1Q2Jpa1o2QCG7M1xRa5SbAkbF5B1jrKwiHRwYwkAHhdMd6U4QiH9icmuVV6XooTsaahooEqo2vPbq46TTXg3VW2sNKjtsj7tr9ZNs/1/*),and_v(v:pk([73c5da0a/48'/0'/0'/3']xpub6DXuQW1Q2JpZyweiMewTZuMPvjG8hKhV2qoF6wL9VFxsMBExtbfqAAoR4oMG4GyxFzVdfas1v2eAdfLxyjc4Ceo5B6w6zTpf7F2BuXCJ52i/1/*),older(26280))})#70786wd5
  desc.EXTERNAL_INTERNAL=tr(xpub661MyMwAqRbcFsAUqaBYQngZmAGD4fHdCwGvTBDFUdLm5gykFvfeyph5HNiWSRvF1roZqAGnTtwF2ZLRUudiXqZDvdBAg29eNp4SZ3AsNmf/<0;1>/*,{multi_a(2,[b8688df1/48'/0'/0'/3']xpub6DXuQW1Q2JpZzhem9yahH4CASHRvtGBvt4qzHi4Y1CziQ4pWbhKapCQNMND9csxg3rsoCxPtyXMQmvFhmwg3Kzhm6m6DQMbiFL1tnH4fhbA/<0;1>/*,[b8688df1/48'/0'/1'/3']xpub6DXuQW1Q2Jpa24MCYbGC2JWeaRjh5SxrpEDd8mG44CxoSVNa56XwxXREUmLQf5keJ654KrQpdoSNLvqMbyBGQvFye7GeYhaDaG5orPogipx/<0;1>/*,[b8688df1/48'/0'/2'/3']xpub6DXuQW1Q2Jpa1o2QCG7M1xRa5SbAkbF5B1jrKwiHRwYwkAHhdMd6U4QiH9icmuVV6XooTsaahooEqo2vPbq46TTXg3VW2sNKjtsj7tr9ZNs/<0;1>/*),and_v(v:pk([73c5da0a/48'/0'/0'/3']xpub6DXuQW1Q2JpZyweiMewTZuMPvjG8hKhV2qoF6wL9VFxsMBExtbfqAAoR4oMG4GyxFzVdfas1v2eAdfLxyjc4Ceo5B6w6zTpf7F2BuXCJ52i/<0;1>/*),older(26280))})#ddmc9pz4
  desc.TEMPLATE=tr(xpub661MyMwAqRbcFsAUqaBYQngZmAGD4fHdCwGvTBDFUdLm5gykFvfeyph5HNiWSRvF1roZqAGnTtwF2ZLRUudiXqZDvdBAg29eNp4SZ3AsNmf/**,{multi_a(2,[b8688df1/48'/0'/0'/3']xpub6DXuQW1Q2JpZzhem9yahH4CASHRvtGBvt4qzHi4Y1CziQ4pWbhKapCQNMND9csxg3rsoCxPtyXMQmvFhmwg3Kzhm6m6DQMbiFL1tnH4fhbA/**,[b8688df1/48'/0'/1'/3']xpub6DXuQW1Q2Jpa24MCYbGC2JWeaRjh5SxrpEDd8mG44CxoSVNa56XwxXREUmLQf5keJ654KrQpdoSNLvqMbyBGQvFye7GeYhaDaG5orPogipx/**,[b8688df1/48'/0'/2'/3']xpub6DXuQW1Q2Jpa1o2QCG7M1xRa5SbAkbF5B1jrKwiHRwYwkAHhdMd6U4QiH9icmuVV6XooTsaahooEqo2vPbq46TTXg3VW2sNKjtsj7tr9ZNs/**),and_v(v:pk([73c5da0a/48'/0'/0'/3']xpub6DXuQW1Q2JpZyweiMewTZuMPvjG8hKhV2qoF6wL9VFxsMBExtbfqAAoR4oMG4GyxFzVdfas1v2eAdfLxyjc4Ceo5B6w6zTpf7F2BuXCJ52i/**),older(26280))})
  miniscript={multi_a(2,[b8688df1/48'/0'/0'/3']xpub6DXuQW1Q2JpZzhem9yahH4CASHRvtGBvt4qzHi4Y1CziQ4pWbhKapCQNMND9csxg3rsoCxPtyXMQmvFhmwg3Kzhm6m6DQMbiFL1tnH4fhbA/*,[b8688df1/48'/0'/1'/3']xpub6DXuQW1Q2Jpa24MCYbGC2JWeaRjh5SxrpEDd8mG44CxoSVNa56XwxXREUmLQf5keJ654KrQpdoSNLvqMbyBGQvFye7GeYhaDaG5orPogipx/*,[b8688df1/48'/0'/2'/3']xpub6DXuQW1Q2Jpa1o2QCG7M1xRa5SbAkbF5B1jrKwiHRwYwkAHhdMd6U4QiH9icmuVV6XooTsaahooEqo2vPbq46TTXg3VW2sNKjtsj7tr9ZNs/*),and_v(v:pk([73c5da0a/48'/0'/0'/3']xpub6DXuQW1Q2JpZyweiMewTZuMPvjG8hKhV2qoF6wL9VFxsMBExtbfqAAoR4oMG4GyxFzVdfas1v2eAdfLxyjc4Ceo5B6w6zTpf7F2BuXCJ52i/*),older(26280))}
  scriptnode={multi(2,[b8688df1/48'/0'/0'/3']xpub6DXuQW1Q2JpZzhem9yahH4CASHRvtGBvt4qzHi4Y1CziQ4pWbhKapCQNMND9csxg3rsoCxPtyXMQmvFhmwg3Kzhm6m6DQMbiFL1tnH4fhbA/*,[b8688df1/48'/0'/1'/3']xpub6DXuQW1Q2Jpa24MCYbGC2JWeaRjh5SxrpEDd8mG44CxoSVNa56XwxXREUmLQf5keJ654KrQpdoSNLvqMbyBGQvFye7GeYhaDaG5orPogipx/*,[b8688df1/48'/0'/2'/3']xpub6DXuQW1Q2Jpa1o2QCG7M1xRa5SbAkbF5B1jrKwiHRwYwkAHhdMd6U4QiH9icmuVV6XooTsaahooEqo2vPbq46TTXg3VW2sNKjtsj7tr9ZNs/*),and(pk([73c5da0a/48'/0'/0'/3']xpub6DXuQW1Q2JpZyweiMewTZuMPvjG8hKhV2qoF6wL9VFxsMBExtbfqAAoR4oMG4GyxFzVdfas1v2eAdfLxyjc4Ceo5B6w6zTpf7F2BuXCJ52i/*),older(26280))}
type=13 k=0 keys=0 id=1.
  type=12 k=2 keys=3 id=1.1.
  type=8 k=0 keys=0 id=1.2.
    type=1 k=0 keys=1 id=1.2.1.
    type=2 k=26280 keys=0 id=1.2.2.
  signing_paths=2: [1.1.,] [1.2.1.,1.2.2.,]
  check_valid=ok
  sanitize_signers=4
  receive=bc1pzfrdsqtk8jafcerr7ejv49y29xn599zs7jt7kpz0ccy62x2jd96q5fd5h8 bc1pkt7hfgplk5qz6xz9mv0wck0gvlg9we5s7vuq4h6aahq0t2ya0vhsdkah8l bc1pxmy3yqfzs0vtnqpehc9q7g6wn3eed2fhjlsddf2dszz7l9sjjadqrq4jg4 
  change=bc1p0w9rtlq2cm7zrmdrsnu3hj6slmrh9g8l6c07vdx0ze40a9k7s2nquygrhx bc1p4etnvqyt9mcv7tkusp5qvvyn5sytfpgdz0wdeyeswckpwy0mwnvqa5j072 bc1pw0jmpty4c7m38j9jthd6ld643hlj60cl09d7w4xu34yr8um2yhus2m70ff 
### kofn-2B-sorted
  ParseDescriptors=ACCEPT error=''
  IsValidTapscriptTemplate=true error=''
  ParseWalletDescriptor=ACCEPT
  wallet_type=MINISCRIPT address_type=TAPROOT template=DISABLE_KEY_PATH m=0 n=4 id=u42ntx4c
  signer[0] xfp=28645006 path=m/48h/0h/0h/3h eii=0;1 xpub=xpub6DXuQW1Q2JpZzBjktn8K7bSVR737F65Z8HNqCFpV4UAnxRsNJA5zK9bTYASPue21CTqmJ55knWkoBAedX81cSXwtpTJzaUvUvjcZW8vBaJ3
  signer[1] xfp=b8688df1 path=m/48h/0h/0h/3h eii=0;1 xpub=xpub6DXuQW1Q2JpZzhem9yahH4CASHRvtGBvt4qzHi4Y1CziQ4pWbhKapCQNMND9csxg3rsoCxPtyXMQmvFhmwg3Kzhm6m6DQMbiFL1tnH4fhbA
  signer[2] xfp=b8688df1 path=m/48h/0h/1h/3h eii=0;1 xpub=xpub6DXuQW1Q2Jpa24MCYbGC2JWeaRjh5SxrpEDd8mG44CxoSVNa56XwxXREUmLQf5keJ654KrQpdoSNLvqMbyBGQvFye7GeYhaDaG5orPogipx
  signer[3] xfp=73c5da0a path=m/48h/0h/0h/3h eii=0;1 xpub=xpub6DXuQW1Q2JpZyweiMewTZuMPvjG8hKhV2qoF6wL9VFxsMBExtbfqAAoR4oMG4GyxFzVdfas1v2eAdfLxyjc4Ceo5B6w6zTpf7F2BuXCJ52i
  desc.EXTERNAL_ALL=tr(xpub661MyMwAqRbcGxczJsm3XCG5byU2fCpmAm67Nd4mzYAxwLwKJ6QFJUzWJEoYHcFY2UhmpDmyBrPJgVobvHxrX8WUjRPZEj7czc6aGU6vPRu/0/*,{multi_a(2,[28645006/48'/0'/0'/3']xpub6DXuQW1Q2JpZzBjktn8K7bSVR737F65Z8HNqCFpV4UAnxRsNJA5zK9bTYASPue21CTqmJ55knWkoBAedX81cSXwtpTJzaUvUvjcZW8vBaJ3/0/*,[b8688df1/48'/0'/0'/3']xpub6DXuQW1Q2JpZzhem9yahH4CASHRvtGBvt4qzHi4Y1CziQ4pWbhKapCQNMND9csxg3rsoCxPtyXMQmvFhmwg3Kzhm6m6DQMbiFL1tnH4fhbA/0/*,[b8688df1/48'/0'/1'/3']xpub6DXuQW1Q2Jpa24MCYbGC2JWeaRjh5SxrpEDd8mG44CxoSVNa56XwxXREUmLQf5keJ654KrQpdoSNLvqMbyBGQvFye7GeYhaDaG5orPogipx/0/*),and_v(v:pk([73c5da0a/48'/0'/0'/3']xpub6DXuQW1Q2JpZyweiMewTZuMPvjG8hKhV2qoF6wL9VFxsMBExtbfqAAoR4oMG4GyxFzVdfas1v2eAdfLxyjc4Ceo5B6w6zTpf7F2BuXCJ52i/0/*),older(26280))})#u42ntx4c
  desc.INTERNAL_ALL=tr(xpub661MyMwAqRbcGxczJsm3XCG5byU2fCpmAm67Nd4mzYAxwLwKJ6QFJUzWJEoYHcFY2UhmpDmyBrPJgVobvHxrX8WUjRPZEj7czc6aGU6vPRu/1/*,{multi_a(2,[28645006/48'/0'/0'/3']xpub6DXuQW1Q2JpZzBjktn8K7bSVR737F65Z8HNqCFpV4UAnxRsNJA5zK9bTYASPue21CTqmJ55knWkoBAedX81cSXwtpTJzaUvUvjcZW8vBaJ3/1/*,[b8688df1/48'/0'/0'/3']xpub6DXuQW1Q2JpZzhem9yahH4CASHRvtGBvt4qzHi4Y1CziQ4pWbhKapCQNMND9csxg3rsoCxPtyXMQmvFhmwg3Kzhm6m6DQMbiFL1tnH4fhbA/1/*,[b8688df1/48'/0'/1'/3']xpub6DXuQW1Q2Jpa24MCYbGC2JWeaRjh5SxrpEDd8mG44CxoSVNa56XwxXREUmLQf5keJ654KrQpdoSNLvqMbyBGQvFye7GeYhaDaG5orPogipx/1/*),and_v(v:pk([73c5da0a/48'/0'/0'/3']xpub6DXuQW1Q2JpZyweiMewTZuMPvjG8hKhV2qoF6wL9VFxsMBExtbfqAAoR4oMG4GyxFzVdfas1v2eAdfLxyjc4Ceo5B6w6zTpf7F2BuXCJ52i/1/*),older(26280))})#0qfatje2
  desc.EXTERNAL_INTERNAL=tr(xpub661MyMwAqRbcGxczJsm3XCG5byU2fCpmAm67Nd4mzYAxwLwKJ6QFJUzWJEoYHcFY2UhmpDmyBrPJgVobvHxrX8WUjRPZEj7czc6aGU6vPRu/<0;1>/*,{multi_a(2,[28645006/48'/0'/0'/3']xpub6DXuQW1Q2JpZzBjktn8K7bSVR737F65Z8HNqCFpV4UAnxRsNJA5zK9bTYASPue21CTqmJ55knWkoBAedX81cSXwtpTJzaUvUvjcZW8vBaJ3/<0;1>/*,[b8688df1/48'/0'/0'/3']xpub6DXuQW1Q2JpZzhem9yahH4CASHRvtGBvt4qzHi4Y1CziQ4pWbhKapCQNMND9csxg3rsoCxPtyXMQmvFhmwg3Kzhm6m6DQMbiFL1tnH4fhbA/<0;1>/*,[b8688df1/48'/0'/1'/3']xpub6DXuQW1Q2Jpa24MCYbGC2JWeaRjh5SxrpEDd8mG44CxoSVNa56XwxXREUmLQf5keJ654KrQpdoSNLvqMbyBGQvFye7GeYhaDaG5orPogipx/<0;1>/*),and_v(v:pk([73c5da0a/48'/0'/0'/3']xpub6DXuQW1Q2JpZyweiMewTZuMPvjG8hKhV2qoF6wL9VFxsMBExtbfqAAoR4oMG4GyxFzVdfas1v2eAdfLxyjc4Ceo5B6w6zTpf7F2BuXCJ52i/<0;1>/*),older(26280))})#wfh9snmp
  desc.TEMPLATE=tr(xpub661MyMwAqRbcGxczJsm3XCG5byU2fCpmAm67Nd4mzYAxwLwKJ6QFJUzWJEoYHcFY2UhmpDmyBrPJgVobvHxrX8WUjRPZEj7czc6aGU6vPRu/**,{multi_a(2,[28645006/48'/0'/0'/3']xpub6DXuQW1Q2JpZzBjktn8K7bSVR737F65Z8HNqCFpV4UAnxRsNJA5zK9bTYASPue21CTqmJ55knWkoBAedX81cSXwtpTJzaUvUvjcZW8vBaJ3/**,[b8688df1/48'/0'/0'/3']xpub6DXuQW1Q2JpZzhem9yahH4CASHRvtGBvt4qzHi4Y1CziQ4pWbhKapCQNMND9csxg3rsoCxPtyXMQmvFhmwg3Kzhm6m6DQMbiFL1tnH4fhbA/**,[b8688df1/48'/0'/1'/3']xpub6DXuQW1Q2Jpa24MCYbGC2JWeaRjh5SxrpEDd8mG44CxoSVNa56XwxXREUmLQf5keJ654KrQpdoSNLvqMbyBGQvFye7GeYhaDaG5orPogipx/**),and_v(v:pk([73c5da0a/48'/0'/0'/3']xpub6DXuQW1Q2JpZyweiMewTZuMPvjG8hKhV2qoF6wL9VFxsMBExtbfqAAoR4oMG4GyxFzVdfas1v2eAdfLxyjc4Ceo5B6w6zTpf7F2BuXCJ52i/**),older(26280))})
  miniscript={multi_a(2,[28645006/48'/0'/0'/3']xpub6DXuQW1Q2JpZzBjktn8K7bSVR737F65Z8HNqCFpV4UAnxRsNJA5zK9bTYASPue21CTqmJ55knWkoBAedX81cSXwtpTJzaUvUvjcZW8vBaJ3/*,[b8688df1/48'/0'/0'/3']xpub6DXuQW1Q2JpZzhem9yahH4CASHRvtGBvt4qzHi4Y1CziQ4pWbhKapCQNMND9csxg3rsoCxPtyXMQmvFhmwg3Kzhm6m6DQMbiFL1tnH4fhbA/*,[b8688df1/48'/0'/1'/3']xpub6DXuQW1Q2Jpa24MCYbGC2JWeaRjh5SxrpEDd8mG44CxoSVNa56XwxXREUmLQf5keJ654KrQpdoSNLvqMbyBGQvFye7GeYhaDaG5orPogipx/*),and_v(v:pk([73c5da0a/48'/0'/0'/3']xpub6DXuQW1Q2JpZyweiMewTZuMPvjG8hKhV2qoF6wL9VFxsMBExtbfqAAoR4oMG4GyxFzVdfas1v2eAdfLxyjc4Ceo5B6w6zTpf7F2BuXCJ52i/*),older(26280))}
  scriptnode={multi(2,[28645006/48'/0'/0'/3']xpub6DXuQW1Q2JpZzBjktn8K7bSVR737F65Z8HNqCFpV4UAnxRsNJA5zK9bTYASPue21CTqmJ55knWkoBAedX81cSXwtpTJzaUvUvjcZW8vBaJ3/*,[b8688df1/48'/0'/0'/3']xpub6DXuQW1Q2JpZzhem9yahH4CASHRvtGBvt4qzHi4Y1CziQ4pWbhKapCQNMND9csxg3rsoCxPtyXMQmvFhmwg3Kzhm6m6DQMbiFL1tnH4fhbA/*,[b8688df1/48'/0'/1'/3']xpub6DXuQW1Q2Jpa24MCYbGC2JWeaRjh5SxrpEDd8mG44CxoSVNa56XwxXREUmLQf5keJ654KrQpdoSNLvqMbyBGQvFye7GeYhaDaG5orPogipx/*),and(pk([73c5da0a/48'/0'/0'/3']xpub6DXuQW1Q2JpZyweiMewTZuMPvjG8hKhV2qoF6wL9VFxsMBExtbfqAAoR4oMG4GyxFzVdfas1v2eAdfLxyjc4Ceo5B6w6zTpf7F2BuXCJ52i/*),older(26280))}
type=13 k=0 keys=0 id=1.
  type=12 k=2 keys=3 id=1.1.
  type=8 k=0 keys=0 id=1.2.
    type=1 k=0 keys=1 id=1.2.1.
    type=2 k=26280 keys=0 id=1.2.2.
  signing_paths=2: [1.1.,] [1.2.1.,1.2.2.,]
  check_valid=ok
  sanitize_signers=4
  receive=bc1px9hh6xclw8jmm7vts2rwc38tlggavu5mclmamf7npvadac3m62wszjj3a6 bc1p40nwwdmqq869tcvmln4euyjaamn3x7ekuhltqzwvhz8xc83apdaqzyp48x bc1pgehxh44sxf9gqyq4j99gg3k55fg23622mw49kxxuw8mqpqmdl5ysy3pzrf 
  change=bc1pcewgdfa2yevr838x9h5a2pza9refggyv573spvc52qe88fyzauysyeqpkk bc1p5mmsjgmses5y2ynvhyydwa0uptmdkrh9lpze95mj48eadzevm3jq3dzzmy bc1p3slzqptak386a0fqpxvrcayx4an5fnxd4gtwyw2c33z4872n8jcq2vhku9 
### kofn-2B-sorted+pr1746
  ParseDescriptors=ACCEPT error=''
  IsValidTapscriptTemplate=true error=''
  ParseWalletDescriptor=ACCEPT
  wallet_type=MINISCRIPT address_type=TAPROOT template=DISABLE_KEY_PATH m=0 n=4 id=u42ntx4c
  signer[0] xfp=28645006 path=m/48h/0h/0h/3h eii=0;1 xpub=xpub6DXuQW1Q2JpZzBjktn8K7bSVR737F65Z8HNqCFpV4UAnxRsNJA5zK9bTYASPue21CTqmJ55knWkoBAedX81cSXwtpTJzaUvUvjcZW8vBaJ3
  signer[1] xfp=b8688df1 path=m/48h/0h/0h/3h eii=0;1 xpub=xpub6DXuQW1Q2JpZzhem9yahH4CASHRvtGBvt4qzHi4Y1CziQ4pWbhKapCQNMND9csxg3rsoCxPtyXMQmvFhmwg3Kzhm6m6DQMbiFL1tnH4fhbA
  signer[2] xfp=b8688df1 path=m/48h/0h/1h/3h eii=0;1 xpub=xpub6DXuQW1Q2Jpa24MCYbGC2JWeaRjh5SxrpEDd8mG44CxoSVNa56XwxXREUmLQf5keJ654KrQpdoSNLvqMbyBGQvFye7GeYhaDaG5orPogipx
  signer[3] xfp=73c5da0a path=m/48h/0h/0h/3h eii=0;1 xpub=xpub6DXuQW1Q2JpZyweiMewTZuMPvjG8hKhV2qoF6wL9VFxsMBExtbfqAAoR4oMG4GyxFzVdfas1v2eAdfLxyjc4Ceo5B6w6zTpf7F2BuXCJ52i
  desc.EXTERNAL_ALL=tr(xpub661MyMwAqRbcGxczJsm3XCG5byU2fCpmAm67Nd4mzYAxwLwKJ6QFJUzWJEoYHcFY2UhmpDmyBrPJgVobvHxrX8WUjRPZEj7czc6aGU6vPRu/0/*,{multi_a(2,[28645006/48'/0'/0'/3']xpub6DXuQW1Q2JpZzBjktn8K7bSVR737F65Z8HNqCFpV4UAnxRsNJA5zK9bTYASPue21CTqmJ55knWkoBAedX81cSXwtpTJzaUvUvjcZW8vBaJ3/0/*,[b8688df1/48'/0'/0'/3']xpub6DXuQW1Q2JpZzhem9yahH4CASHRvtGBvt4qzHi4Y1CziQ4pWbhKapCQNMND9csxg3rsoCxPtyXMQmvFhmwg3Kzhm6m6DQMbiFL1tnH4fhbA/0/*,[b8688df1/48'/0'/1'/3']xpub6DXuQW1Q2Jpa24MCYbGC2JWeaRjh5SxrpEDd8mG44CxoSVNa56XwxXREUmLQf5keJ654KrQpdoSNLvqMbyBGQvFye7GeYhaDaG5orPogipx/0/*),and_v(v:pk([73c5da0a/48'/0'/0'/3']xpub6DXuQW1Q2JpZyweiMewTZuMPvjG8hKhV2qoF6wL9VFxsMBExtbfqAAoR4oMG4GyxFzVdfas1v2eAdfLxyjc4Ceo5B6w6zTpf7F2BuXCJ52i/0/*),older(26280))})#u42ntx4c
  desc.INTERNAL_ALL=tr(xpub661MyMwAqRbcGxczJsm3XCG5byU2fCpmAm67Nd4mzYAxwLwKJ6QFJUzWJEoYHcFY2UhmpDmyBrPJgVobvHxrX8WUjRPZEj7czc6aGU6vPRu/1/*,{multi_a(2,[28645006/48'/0'/0'/3']xpub6DXuQW1Q2JpZzBjktn8K7bSVR737F65Z8HNqCFpV4UAnxRsNJA5zK9bTYASPue21CTqmJ55knWkoBAedX81cSXwtpTJzaUvUvjcZW8vBaJ3/1/*,[b8688df1/48'/0'/0'/3']xpub6DXuQW1Q2JpZzhem9yahH4CASHRvtGBvt4qzHi4Y1CziQ4pWbhKapCQNMND9csxg3rsoCxPtyXMQmvFhmwg3Kzhm6m6DQMbiFL1tnH4fhbA/1/*,[b8688df1/48'/0'/1'/3']xpub6DXuQW1Q2Jpa24MCYbGC2JWeaRjh5SxrpEDd8mG44CxoSVNa56XwxXREUmLQf5keJ654KrQpdoSNLvqMbyBGQvFye7GeYhaDaG5orPogipx/1/*),and_v(v:pk([73c5da0a/48'/0'/0'/3']xpub6DXuQW1Q2JpZyweiMewTZuMPvjG8hKhV2qoF6wL9VFxsMBExtbfqAAoR4oMG4GyxFzVdfas1v2eAdfLxyjc4Ceo5B6w6zTpf7F2BuXCJ52i/1/*),older(26280))})#0qfatje2
  desc.EXTERNAL_INTERNAL=tr(xpub661MyMwAqRbcGxczJsm3XCG5byU2fCpmAm67Nd4mzYAxwLwKJ6QFJUzWJEoYHcFY2UhmpDmyBrPJgVobvHxrX8WUjRPZEj7czc6aGU6vPRu/<0;1>/*,{multi_a(2,[28645006/48'/0'/0'/3']xpub6DXuQW1Q2JpZzBjktn8K7bSVR737F65Z8HNqCFpV4UAnxRsNJA5zK9bTYASPue21CTqmJ55knWkoBAedX81cSXwtpTJzaUvUvjcZW8vBaJ3/<0;1>/*,[b8688df1/48'/0'/0'/3']xpub6DXuQW1Q2JpZzhem9yahH4CASHRvtGBvt4qzHi4Y1CziQ4pWbhKapCQNMND9csxg3rsoCxPtyXMQmvFhmwg3Kzhm6m6DQMbiFL1tnH4fhbA/<0;1>/*,[b8688df1/48'/0'/1'/3']xpub6DXuQW1Q2Jpa24MCYbGC2JWeaRjh5SxrpEDd8mG44CxoSVNa56XwxXREUmLQf5keJ654KrQpdoSNLvqMbyBGQvFye7GeYhaDaG5orPogipx/<0;1>/*),and_v(v:pk([73c5da0a/48'/0'/0'/3']xpub6DXuQW1Q2JpZyweiMewTZuMPvjG8hKhV2qoF6wL9VFxsMBExtbfqAAoR4oMG4GyxFzVdfas1v2eAdfLxyjc4Ceo5B6w6zTpf7F2BuXCJ52i/<0;1>/*),older(26280))})#wfh9snmp
  desc.TEMPLATE=tr(xpub661MyMwAqRbcGxczJsm3XCG5byU2fCpmAm67Nd4mzYAxwLwKJ6QFJUzWJEoYHcFY2UhmpDmyBrPJgVobvHxrX8WUjRPZEj7czc6aGU6vPRu/**,{multi_a(2,[28645006/48'/0'/0'/3']xpub6DXuQW1Q2JpZzBjktn8K7bSVR737F65Z8HNqCFpV4UAnxRsNJA5zK9bTYASPue21CTqmJ55knWkoBAedX81cSXwtpTJzaUvUvjcZW8vBaJ3/**,[b8688df1/48'/0'/0'/3']xpub6DXuQW1Q2JpZzhem9yahH4CASHRvtGBvt4qzHi4Y1CziQ4pWbhKapCQNMND9csxg3rsoCxPtyXMQmvFhmwg3Kzhm6m6DQMbiFL1tnH4fhbA/**,[b8688df1/48'/0'/1'/3']xpub6DXuQW1Q2Jpa24MCYbGC2JWeaRjh5SxrpEDd8mG44CxoSVNa56XwxXREUmLQf5keJ654KrQpdoSNLvqMbyBGQvFye7GeYhaDaG5orPogipx/**),and_v(v:pk([73c5da0a/48'/0'/0'/3']xpub6DXuQW1Q2JpZyweiMewTZuMPvjG8hKhV2qoF6wL9VFxsMBExtbfqAAoR4oMG4GyxFzVdfas1v2eAdfLxyjc4Ceo5B6w6zTpf7F2BuXCJ52i/**),older(26280))})
  miniscript={multi_a(2,[28645006/48'/0'/0'/3']xpub6DXuQW1Q2JpZzBjktn8K7bSVR737F65Z8HNqCFpV4UAnxRsNJA5zK9bTYASPue21CTqmJ55knWkoBAedX81cSXwtpTJzaUvUvjcZW8vBaJ3/*,[b8688df1/48'/0'/0'/3']xpub6DXuQW1Q2JpZzhem9yahH4CASHRvtGBvt4qzHi4Y1CziQ4pWbhKapCQNMND9csxg3rsoCxPtyXMQmvFhmwg3Kzhm6m6DQMbiFL1tnH4fhbA/*,[b8688df1/48'/0'/1'/3']xpub6DXuQW1Q2Jpa24MCYbGC2JWeaRjh5SxrpEDd8mG44CxoSVNa56XwxXREUmLQf5keJ654KrQpdoSNLvqMbyBGQvFye7GeYhaDaG5orPogipx/*),and_v(v:pk([73c5da0a/48'/0'/0'/3']xpub6DXuQW1Q2JpZyweiMewTZuMPvjG8hKhV2qoF6wL9VFxsMBExtbfqAAoR4oMG4GyxFzVdfas1v2eAdfLxyjc4Ceo5B6w6zTpf7F2BuXCJ52i/*),older(26280))}
  scriptnode={multi(2,[28645006/48'/0'/0'/3']xpub6DXuQW1Q2JpZzBjktn8K7bSVR737F65Z8HNqCFpV4UAnxRsNJA5zK9bTYASPue21CTqmJ55knWkoBAedX81cSXwtpTJzaUvUvjcZW8vBaJ3/*,[b8688df1/48'/0'/0'/3']xpub6DXuQW1Q2JpZzhem9yahH4CASHRvtGBvt4qzHi4Y1CziQ4pWbhKapCQNMND9csxg3rsoCxPtyXMQmvFhmwg3Kzhm6m6DQMbiFL1tnH4fhbA/*,[b8688df1/48'/0'/1'/3']xpub6DXuQW1Q2Jpa24MCYbGC2JWeaRjh5SxrpEDd8mG44CxoSVNa56XwxXREUmLQf5keJ654KrQpdoSNLvqMbyBGQvFye7GeYhaDaG5orPogipx/*),and(pk([73c5da0a/48'/0'/0'/3']xpub6DXuQW1Q2JpZyweiMewTZuMPvjG8hKhV2qoF6wL9VFxsMBExtbfqAAoR4oMG4GyxFzVdfas1v2eAdfLxyjc4Ceo5B6w6zTpf7F2BuXCJ52i/*),older(26280))}
type=13 k=0 keys=0 id=1.
  type=12 k=2 keys=3 id=1.1.
  type=8 k=0 keys=0 id=1.2.
    type=1 k=0 keys=1 id=1.2.1.
    type=2 k=26280 keys=0 id=1.2.2.
  signing_paths=2: [1.1.,] [1.2.1.,1.2.2.,]
  check_valid=ok
  sanitize_signers=4
  receive=bc1px9hh6xclw8jmm7vts2rwc38tlggavu5mclmamf7npvadac3m62wszjj3a6 bc1p40nwwdmqq869tcvmln4euyjaamn3x7ekuhltqzwvhz8xc83apdaqzyp48x bc1pgehxh44sxf9gqyq4j99gg3k55fg23622mw49kxxuw8mqpqmdl5ysy3pzrf 
  change=bc1pcewgdfa2yevr838x9h5a2pza9refggyv573spvc52qe88fyzauysyeqpkk bc1p5mmsjgmses5y2ynvhyydwa0uptmdkrh9lpze95mj48eadzevm3jq3dzzmy bc1p3slzqptak386a0fqpxvrcayx4an5fnxd4gtwyw2c33z4872n8jcq2vhku9 
### tiered-3B-sorted
  ParseDescriptors=ACCEPT error=''
  IsValidTapscriptTemplate=true error=''
  ParseWalletDescriptor=ACCEPT
  wallet_type=MINISCRIPT address_type=TAPROOT template=DISABLE_KEY_PATH m=0 n=4 id=0f23euwx
  signer[0] xfp=b8688df1 path=m/48h/0h/0h/3h eii=0;1 xpub=xpub6DXuQW1Q2JpZzhem9yahH4CASHRvtGBvt4qzHi4Y1CziQ4pWbhKapCQNMND9csxg3rsoCxPtyXMQmvFhmwg3Kzhm6m6DQMbiFL1tnH4fhbA
  signer[1] xfp=b8688df1 path=m/48h/0h/1h/3h eii=0;1 xpub=xpub6DXuQW1Q2Jpa24MCYbGC2JWeaRjh5SxrpEDd8mG44CxoSVNa56XwxXREUmLQf5keJ654KrQpdoSNLvqMbyBGQvFye7GeYhaDaG5orPogipx
  signer[2] xfp=73c5da0a path=m/48h/0h/0h/3h eii=0;1 xpub=xpub6DXuQW1Q2JpZyweiMewTZuMPvjG8hKhV2qoF6wL9VFxsMBExtbfqAAoR4oMG4GyxFzVdfas1v2eAdfLxyjc4Ceo5B6w6zTpf7F2BuXCJ52i
  signer[3] xfp=b8688df1 path=m/48h/0h/2h/3h eii=0;1 xpub=xpub6DXuQW1Q2Jpa1o2QCG7M1xRa5SbAkbF5B1jrKwiHRwYwkAHhdMd6U4QiH9icmuVV6XooTsaahooEqo2vPbq46TTXg3VW2sNKjtsj7tr9ZNs
  desc.EXTERNAL_ALL=tr(xpub661MyMwAqRbcFsAUqaBYQngZmAGD4fHdCwGvTBDFUdLm5gykFvfeyph5HNiWSRvF1roZqAGnTtwF2ZLRUudiXqZDvdBAg29eNp4SZ3AsNmf/0/*,{multi_a(2,[b8688df1/48'/0'/0'/3']xpub6DXuQW1Q2JpZzhem9yahH4CASHRvtGBvt4qzHi4Y1CziQ4pWbhKapCQNMND9csxg3rsoCxPtyXMQmvFhmwg3Kzhm6m6DQMbiFL1tnH4fhbA/0/*,[b8688df1/48'/0'/1'/3']xpub6DXuQW1Q2Jpa24MCYbGC2JWeaRjh5SxrpEDd8mG44CxoSVNa56XwxXREUmLQf5keJ654KrQpdoSNLvqMbyBGQvFye7GeYhaDaG5orPogipx/0/*),and_v(v:multi_a(1,[b8688df1/48'/0'/2'/3']xpub6DXuQW1Q2Jpa1o2QCG7M1xRa5SbAkbF5B1jrKwiHRwYwkAHhdMd6U4QiH9icmuVV6XooTsaahooEqo2vPbq46TTXg3VW2sNKjtsj7tr9ZNs/0/*,[73c5da0a/48'/0'/0'/3']xpub6DXuQW1Q2JpZyweiMewTZuMPvjG8hKhV2qoF6wL9VFxsMBExtbfqAAoR4oMG4GyxFzVdfas1v2eAdfLxyjc4Ceo5B6w6zTpf7F2BuXCJ52i/0/*),older(26280))})#0f23euwx
  desc.INTERNAL_ALL=tr(xpub661MyMwAqRbcFsAUqaBYQngZmAGD4fHdCwGvTBDFUdLm5gykFvfeyph5HNiWSRvF1roZqAGnTtwF2ZLRUudiXqZDvdBAg29eNp4SZ3AsNmf/1/*,{multi_a(2,[b8688df1/48'/0'/0'/3']xpub6DXuQW1Q2JpZzhem9yahH4CASHRvtGBvt4qzHi4Y1CziQ4pWbhKapCQNMND9csxg3rsoCxPtyXMQmvFhmwg3Kzhm6m6DQMbiFL1tnH4fhbA/1/*,[b8688df1/48'/0'/1'/3']xpub6DXuQW1Q2Jpa24MCYbGC2JWeaRjh5SxrpEDd8mG44CxoSVNa56XwxXREUmLQf5keJ654KrQpdoSNLvqMbyBGQvFye7GeYhaDaG5orPogipx/1/*),and_v(v:multi_a(1,[b8688df1/48'/0'/2'/3']xpub6DXuQW1Q2Jpa1o2QCG7M1xRa5SbAkbF5B1jrKwiHRwYwkAHhdMd6U4QiH9icmuVV6XooTsaahooEqo2vPbq46TTXg3VW2sNKjtsj7tr9ZNs/1/*,[73c5da0a/48'/0'/0'/3']xpub6DXuQW1Q2JpZyweiMewTZuMPvjG8hKhV2qoF6wL9VFxsMBExtbfqAAoR4oMG4GyxFzVdfas1v2eAdfLxyjc4Ceo5B6w6zTpf7F2BuXCJ52i/1/*),older(26280))})#zq2xq457
  desc.EXTERNAL_INTERNAL=tr(xpub661MyMwAqRbcFsAUqaBYQngZmAGD4fHdCwGvTBDFUdLm5gykFvfeyph5HNiWSRvF1roZqAGnTtwF2ZLRUudiXqZDvdBAg29eNp4SZ3AsNmf/<0;1>/*,{multi_a(2,[b8688df1/48'/0'/0'/3']xpub6DXuQW1Q2JpZzhem9yahH4CASHRvtGBvt4qzHi4Y1CziQ4pWbhKapCQNMND9csxg3rsoCxPtyXMQmvFhmwg3Kzhm6m6DQMbiFL1tnH4fhbA/<0;1>/*,[b8688df1/48'/0'/1'/3']xpub6DXuQW1Q2Jpa24MCYbGC2JWeaRjh5SxrpEDd8mG44CxoSVNa56XwxXREUmLQf5keJ654KrQpdoSNLvqMbyBGQvFye7GeYhaDaG5orPogipx/<0;1>/*),and_v(v:multi_a(1,[b8688df1/48'/0'/2'/3']xpub6DXuQW1Q2Jpa1o2QCG7M1xRa5SbAkbF5B1jrKwiHRwYwkAHhdMd6U4QiH9icmuVV6XooTsaahooEqo2vPbq46TTXg3VW2sNKjtsj7tr9ZNs/<0;1>/*,[73c5da0a/48'/0'/0'/3']xpub6DXuQW1Q2JpZyweiMewTZuMPvjG8hKhV2qoF6wL9VFxsMBExtbfqAAoR4oMG4GyxFzVdfas1v2eAdfLxyjc4Ceo5B6w6zTpf7F2BuXCJ52i/<0;1>/*),older(26280))})#3xqkpkd3
  desc.TEMPLATE=tr(xpub661MyMwAqRbcFsAUqaBYQngZmAGD4fHdCwGvTBDFUdLm5gykFvfeyph5HNiWSRvF1roZqAGnTtwF2ZLRUudiXqZDvdBAg29eNp4SZ3AsNmf/**,{multi_a(2,[b8688df1/48'/0'/0'/3']xpub6DXuQW1Q2JpZzhem9yahH4CASHRvtGBvt4qzHi4Y1CziQ4pWbhKapCQNMND9csxg3rsoCxPtyXMQmvFhmwg3Kzhm6m6DQMbiFL1tnH4fhbA/**,[b8688df1/48'/0'/1'/3']xpub6DXuQW1Q2Jpa24MCYbGC2JWeaRjh5SxrpEDd8mG44CxoSVNa56XwxXREUmLQf5keJ654KrQpdoSNLvqMbyBGQvFye7GeYhaDaG5orPogipx/**),and_v(v:multi_a(1,[b8688df1/48'/0'/2'/3']xpub6DXuQW1Q2Jpa1o2QCG7M1xRa5SbAkbF5B1jrKwiHRwYwkAHhdMd6U4QiH9icmuVV6XooTsaahooEqo2vPbq46TTXg3VW2sNKjtsj7tr9ZNs/**,[73c5da0a/48'/0'/0'/3']xpub6DXuQW1Q2JpZyweiMewTZuMPvjG8hKhV2qoF6wL9VFxsMBExtbfqAAoR4oMG4GyxFzVdfas1v2eAdfLxyjc4Ceo5B6w6zTpf7F2BuXCJ52i/**),older(26280))})
  miniscript={multi_a(2,[b8688df1/48'/0'/0'/3']xpub6DXuQW1Q2JpZzhem9yahH4CASHRvtGBvt4qzHi4Y1CziQ4pWbhKapCQNMND9csxg3rsoCxPtyXMQmvFhmwg3Kzhm6m6DQMbiFL1tnH4fhbA/*,[b8688df1/48'/0'/1'/3']xpub6DXuQW1Q2Jpa24MCYbGC2JWeaRjh5SxrpEDd8mG44CxoSVNa56XwxXREUmLQf5keJ654KrQpdoSNLvqMbyBGQvFye7GeYhaDaG5orPogipx/*),and_v(v:multi_a(1,[b8688df1/48'/0'/2'/3']xpub6DXuQW1Q2Jpa1o2QCG7M1xRa5SbAkbF5B1jrKwiHRwYwkAHhdMd6U4QiH9icmuVV6XooTsaahooEqo2vPbq46TTXg3VW2sNKjtsj7tr9ZNs/*,[73c5da0a/48'/0'/0'/3']xpub6DXuQW1Q2JpZyweiMewTZuMPvjG8hKhV2qoF6wL9VFxsMBExtbfqAAoR4oMG4GyxFzVdfas1v2eAdfLxyjc4Ceo5B6w6zTpf7F2BuXCJ52i/*),older(26280))}
  scriptnode={multi(2,[b8688df1/48'/0'/0'/3']xpub6DXuQW1Q2JpZzhem9yahH4CASHRvtGBvt4qzHi4Y1CziQ4pWbhKapCQNMND9csxg3rsoCxPtyXMQmvFhmwg3Kzhm6m6DQMbiFL1tnH4fhbA/*,[b8688df1/48'/0'/1'/3']xpub6DXuQW1Q2Jpa24MCYbGC2JWeaRjh5SxrpEDd8mG44CxoSVNa56XwxXREUmLQf5keJ654KrQpdoSNLvqMbyBGQvFye7GeYhaDaG5orPogipx/*),and(multi(1,[b8688df1/48'/0'/2'/3']xpub6DXuQW1Q2Jpa1o2QCG7M1xRa5SbAkbF5B1jrKwiHRwYwkAHhdMd6U4QiH9icmuVV6XooTsaahooEqo2vPbq46TTXg3VW2sNKjtsj7tr9ZNs/*,[73c5da0a/48'/0'/0'/3']xpub6DXuQW1Q2JpZyweiMewTZuMPvjG8hKhV2qoF6wL9VFxsMBExtbfqAAoR4oMG4GyxFzVdfas1v2eAdfLxyjc4Ceo5B6w6zTpf7F2BuXCJ52i/*),older(26280))}
type=13 k=0 keys=0 id=1.
  type=12 k=2 keys=2 id=1.1.
  type=8 k=0 keys=0 id=1.2.
    type=12 k=1 keys=2 id=1.2.1.
    type=2 k=26280 keys=0 id=1.2.2.
  signing_paths=2: [1.1.,] [1.2.1.,1.2.2.,]
  check_valid=ok
  sanitize_signers=4
  receive=bc1pzv4s9ywe5ppjyum8ttcrcj09kfd2p9fvdhveqpcln3vw4jzuk50s7rmvew bc1pd30afu9xf47wx58u3al43xdpd4y4upzj5sgepprkj5x73njs9l6q2fdfj0 bc1p3yyatksjvege4suv5tqy5s7kcfqgvcmuem3jsphtz4avpyd27yhsmxg659 
  change=bc1p6vhw4zwl86fmuzusukery68x60fu62zdy9zg24zagr4l9yvlr2es65hk25 bc1pvfghmxnlh88tls0fnw5087j9srfleec0ggllfpwpukjk6ufy2qzq75942s bc1p066djzf0g6ge0v9epj29xjpu65t5m9up5qa6qdurl6ewdv3nsx4qqu6jjv 
### tiered-3B-sorted+pr1746
  ParseDescriptors=ACCEPT error=''
  IsValidTapscriptTemplate=true error=''
  ParseWalletDescriptor=ACCEPT
  wallet_type=MINISCRIPT address_type=TAPROOT template=DISABLE_KEY_PATH m=0 n=4 id=0f23euwx
  signer[0] xfp=b8688df1 path=m/48h/0h/0h/3h eii=0;1 xpub=xpub6DXuQW1Q2JpZzhem9yahH4CASHRvtGBvt4qzHi4Y1CziQ4pWbhKapCQNMND9csxg3rsoCxPtyXMQmvFhmwg3Kzhm6m6DQMbiFL1tnH4fhbA
  signer[1] xfp=b8688df1 path=m/48h/0h/1h/3h eii=0;1 xpub=xpub6DXuQW1Q2Jpa24MCYbGC2JWeaRjh5SxrpEDd8mG44CxoSVNa56XwxXREUmLQf5keJ654KrQpdoSNLvqMbyBGQvFye7GeYhaDaG5orPogipx
  signer[2] xfp=73c5da0a path=m/48h/0h/0h/3h eii=0;1 xpub=xpub6DXuQW1Q2JpZyweiMewTZuMPvjG8hKhV2qoF6wL9VFxsMBExtbfqAAoR4oMG4GyxFzVdfas1v2eAdfLxyjc4Ceo5B6w6zTpf7F2BuXCJ52i
  signer[3] xfp=b8688df1 path=m/48h/0h/2h/3h eii=0;1 xpub=xpub6DXuQW1Q2Jpa1o2QCG7M1xRa5SbAkbF5B1jrKwiHRwYwkAHhdMd6U4QiH9icmuVV6XooTsaahooEqo2vPbq46TTXg3VW2sNKjtsj7tr9ZNs
  desc.EXTERNAL_ALL=tr(xpub661MyMwAqRbcFsAUqaBYQngZmAGD4fHdCwGvTBDFUdLm5gykFvfeyph5HNiWSRvF1roZqAGnTtwF2ZLRUudiXqZDvdBAg29eNp4SZ3AsNmf/0/*,{multi_a(2,[b8688df1/48'/0'/0'/3']xpub6DXuQW1Q2JpZzhem9yahH4CASHRvtGBvt4qzHi4Y1CziQ4pWbhKapCQNMND9csxg3rsoCxPtyXMQmvFhmwg3Kzhm6m6DQMbiFL1tnH4fhbA/0/*,[b8688df1/48'/0'/1'/3']xpub6DXuQW1Q2Jpa24MCYbGC2JWeaRjh5SxrpEDd8mG44CxoSVNa56XwxXREUmLQf5keJ654KrQpdoSNLvqMbyBGQvFye7GeYhaDaG5orPogipx/0/*),and_v(v:multi_a(1,[b8688df1/48'/0'/2'/3']xpub6DXuQW1Q2Jpa1o2QCG7M1xRa5SbAkbF5B1jrKwiHRwYwkAHhdMd6U4QiH9icmuVV6XooTsaahooEqo2vPbq46TTXg3VW2sNKjtsj7tr9ZNs/0/*,[73c5da0a/48'/0'/0'/3']xpub6DXuQW1Q2JpZyweiMewTZuMPvjG8hKhV2qoF6wL9VFxsMBExtbfqAAoR4oMG4GyxFzVdfas1v2eAdfLxyjc4Ceo5B6w6zTpf7F2BuXCJ52i/0/*),older(26280))})#0f23euwx
  desc.INTERNAL_ALL=tr(xpub661MyMwAqRbcFsAUqaBYQngZmAGD4fHdCwGvTBDFUdLm5gykFvfeyph5HNiWSRvF1roZqAGnTtwF2ZLRUudiXqZDvdBAg29eNp4SZ3AsNmf/1/*,{multi_a(2,[b8688df1/48'/0'/0'/3']xpub6DXuQW1Q2JpZzhem9yahH4CASHRvtGBvt4qzHi4Y1CziQ4pWbhKapCQNMND9csxg3rsoCxPtyXMQmvFhmwg3Kzhm6m6DQMbiFL1tnH4fhbA/1/*,[b8688df1/48'/0'/1'/3']xpub6DXuQW1Q2Jpa24MCYbGC2JWeaRjh5SxrpEDd8mG44CxoSVNa56XwxXREUmLQf5keJ654KrQpdoSNLvqMbyBGQvFye7GeYhaDaG5orPogipx/1/*),and_v(v:multi_a(1,[b8688df1/48'/0'/2'/3']xpub6DXuQW1Q2Jpa1o2QCG7M1xRa5SbAkbF5B1jrKwiHRwYwkAHhdMd6U4QiH9icmuVV6XooTsaahooEqo2vPbq46TTXg3VW2sNKjtsj7tr9ZNs/1/*,[73c5da0a/48'/0'/0'/3']xpub6DXuQW1Q2JpZyweiMewTZuMPvjG8hKhV2qoF6wL9VFxsMBExtbfqAAoR4oMG4GyxFzVdfas1v2eAdfLxyjc4Ceo5B6w6zTpf7F2BuXCJ52i/1/*),older(26280))})#zq2xq457
  desc.EXTERNAL_INTERNAL=tr(xpub661MyMwAqRbcFsAUqaBYQngZmAGD4fHdCwGvTBDFUdLm5gykFvfeyph5HNiWSRvF1roZqAGnTtwF2ZLRUudiXqZDvdBAg29eNp4SZ3AsNmf/<0;1>/*,{multi_a(2,[b8688df1/48'/0'/0'/3']xpub6DXuQW1Q2JpZzhem9yahH4CASHRvtGBvt4qzHi4Y1CziQ4pWbhKapCQNMND9csxg3rsoCxPtyXMQmvFhmwg3Kzhm6m6DQMbiFL1tnH4fhbA/<0;1>/*,[b8688df1/48'/0'/1'/3']xpub6DXuQW1Q2Jpa24MCYbGC2JWeaRjh5SxrpEDd8mG44CxoSVNa56XwxXREUmLQf5keJ654KrQpdoSNLvqMbyBGQvFye7GeYhaDaG5orPogipx/<0;1>/*),and_v(v:multi_a(1,[b8688df1/48'/0'/2'/3']xpub6DXuQW1Q2Jpa1o2QCG7M1xRa5SbAkbF5B1jrKwiHRwYwkAHhdMd6U4QiH9icmuVV6XooTsaahooEqo2vPbq46TTXg3VW2sNKjtsj7tr9ZNs/<0;1>/*,[73c5da0a/48'/0'/0'/3']xpub6DXuQW1Q2JpZyweiMewTZuMPvjG8hKhV2qoF6wL9VFxsMBExtbfqAAoR4oMG4GyxFzVdfas1v2eAdfLxyjc4Ceo5B6w6zTpf7F2BuXCJ52i/<0;1>/*),older(26280))})#3xqkpkd3
  desc.TEMPLATE=tr(xpub661MyMwAqRbcFsAUqaBYQngZmAGD4fHdCwGvTBDFUdLm5gykFvfeyph5HNiWSRvF1roZqAGnTtwF2ZLRUudiXqZDvdBAg29eNp4SZ3AsNmf/**,{multi_a(2,[b8688df1/48'/0'/0'/3']xpub6DXuQW1Q2JpZzhem9yahH4CASHRvtGBvt4qzHi4Y1CziQ4pWbhKapCQNMND9csxg3rsoCxPtyXMQmvFhmwg3Kzhm6m6DQMbiFL1tnH4fhbA/**,[b8688df1/48'/0'/1'/3']xpub6DXuQW1Q2Jpa24MCYbGC2JWeaRjh5SxrpEDd8mG44CxoSVNa56XwxXREUmLQf5keJ654KrQpdoSNLvqMbyBGQvFye7GeYhaDaG5orPogipx/**),and_v(v:multi_a(1,[b8688df1/48'/0'/2'/3']xpub6DXuQW1Q2Jpa1o2QCG7M1xRa5SbAkbF5B1jrKwiHRwYwkAHhdMd6U4QiH9icmuVV6XooTsaahooEqo2vPbq46TTXg3VW2sNKjtsj7tr9ZNs/**,[73c5da0a/48'/0'/0'/3']xpub6DXuQW1Q2JpZyweiMewTZuMPvjG8hKhV2qoF6wL9VFxsMBExtbfqAAoR4oMG4GyxFzVdfas1v2eAdfLxyjc4Ceo5B6w6zTpf7F2BuXCJ52i/**),older(26280))})
  miniscript={multi_a(2,[b8688df1/48'/0'/0'/3']xpub6DXuQW1Q2JpZzhem9yahH4CASHRvtGBvt4qzHi4Y1CziQ4pWbhKapCQNMND9csxg3rsoCxPtyXMQmvFhmwg3Kzhm6m6DQMbiFL1tnH4fhbA/*,[b8688df1/48'/0'/1'/3']xpub6DXuQW1Q2Jpa24MCYbGC2JWeaRjh5SxrpEDd8mG44CxoSVNa56XwxXREUmLQf5keJ654KrQpdoSNLvqMbyBGQvFye7GeYhaDaG5orPogipx/*),and_v(v:multi_a(1,[b8688df1/48'/0'/2'/3']xpub6DXuQW1Q2Jpa1o2QCG7M1xRa5SbAkbF5B1jrKwiHRwYwkAHhdMd6U4QiH9icmuVV6XooTsaahooEqo2vPbq46TTXg3VW2sNKjtsj7tr9ZNs/*,[73c5da0a/48'/0'/0'/3']xpub6DXuQW1Q2JpZyweiMewTZuMPvjG8hKhV2qoF6wL9VFxsMBExtbfqAAoR4oMG4GyxFzVdfas1v2eAdfLxyjc4Ceo5B6w6zTpf7F2BuXCJ52i/*),older(26280))}
  scriptnode={multi(2,[b8688df1/48'/0'/0'/3']xpub6DXuQW1Q2JpZzhem9yahH4CASHRvtGBvt4qzHi4Y1CziQ4pWbhKapCQNMND9csxg3rsoCxPtyXMQmvFhmwg3Kzhm6m6DQMbiFL1tnH4fhbA/*,[b8688df1/48'/0'/1'/3']xpub6DXuQW1Q2Jpa24MCYbGC2JWeaRjh5SxrpEDd8mG44CxoSVNa56XwxXREUmLQf5keJ654KrQpdoSNLvqMbyBGQvFye7GeYhaDaG5orPogipx/*),and(multi(1,[b8688df1/48'/0'/2'/3']xpub6DXuQW1Q2Jpa1o2QCG7M1xRa5SbAkbF5B1jrKwiHRwYwkAHhdMd6U4QiH9icmuVV6XooTsaahooEqo2vPbq46TTXg3VW2sNKjtsj7tr9ZNs/*,[73c5da0a/48'/0'/0'/3']xpub6DXuQW1Q2JpZyweiMewTZuMPvjG8hKhV2qoF6wL9VFxsMBExtbfqAAoR4oMG4GyxFzVdfas1v2eAdfLxyjc4Ceo5B6w6zTpf7F2BuXCJ52i/*),older(26280))}
type=13 k=0 keys=0 id=1.
  type=12 k=2 keys=2 id=1.1.
  type=8 k=0 keys=0 id=1.2.
    type=12 k=1 keys=2 id=1.2.1.
    type=2 k=26280 keys=0 id=1.2.2.
  signing_paths=2: [1.1.,] [1.2.1.,1.2.2.,]
  check_valid=ok
  sanitize_signers=4
  receive=bc1pzv4s9ywe5ppjyum8ttcrcj09kfd2p9fvdhveqpcln3vw4jzuk50s7rmvew bc1pd30afu9xf47wx58u3al43xdpd4y4upzj5sgepprkj5x73njs9l6q2fdfj0 bc1p3yyatksjvege4suv5tqy5s7kcfqgvcmuem3jsphtz4avpyd27yhsmxg659 
  change=bc1p6vhw4zwl86fmuzusukery68x60fu62zdy9zg24zagr4l9yvlr2es65hk25 bc1pvfghmxnlh88tls0fnw5087j9srfleec0ggllfpwpukjk6ufy2qzq75942s bc1p066djzf0g6ge0v9epj29xjpu65t5m9up5qa6qdurl6ewdv3nsx4qqu6jjv 
### tiered-2Bp2-sorted
  ParseDescriptors=ACCEPT error=''
  IsValidTapscriptTemplate=true error=''
  ParseWalletDescriptor=ACCEPT
  wallet_type=MINISCRIPT address_type=TAPROOT template=DISABLE_KEY_PATH m=0 n=4 id=89dmh3ep
  signer[0] xfp=28645006 path=m/48h/0h/0h/3h eii=0;1 xpub=xpub6DXuQW1Q2JpZzBjktn8K7bSVR737F65Z8HNqCFpV4UAnxRsNJA5zK9bTYASPue21CTqmJ55knWkoBAedX81cSXwtpTJzaUvUvjcZW8vBaJ3
  signer[1] xfp=dd1fad4d path=m/48h/0h/0h/3h eii=0;1 xpub=xpub6DXuQW1Q2JpZzMGqJsp1JsXauGTVdDYeWNHMrVFftWgCY761Ekc12DbjBXZ4e7F9zuvF9KbWra1FMNw7wFqmBjnwY7yqUYEt1uxsdqy7QL4
  signer[2] xfp=b8688df1 path=m/48h/0h/0h/3h eii=0;1 xpub=xpub6DXuQW1Q2JpZzhem9yahH4CASHRvtGBvt4qzHi4Y1CziQ4pWbhKapCQNMND9csxg3rsoCxPtyXMQmvFhmwg3Kzhm6m6DQMbiFL1tnH4fhbA
  signer[3] xfp=b8688df1 path=m/48h/0h/1h/3h eii=0;1 xpub=xpub6DXuQW1Q2Jpa24MCYbGC2JWeaRjh5SxrpEDd8mG44CxoSVNa56XwxXREUmLQf5keJ654KrQpdoSNLvqMbyBGQvFye7GeYhaDaG5orPogipx
  desc.EXTERNAL_ALL=tr(xpub661MyMwAqRbcGsh2aPxyWYDpR4F56mgEp5LYMRjucZxjpduyF3WB6xGsMKGFb4XZQDbSXMV269gdiT1m7WoE2Z6b1LuR8DoZnKFsRQ1WKXE/0/*,{multi_a(2,[28645006/48'/0'/0'/3']xpub6DXuQW1Q2JpZzBjktn8K7bSVR737F65Z8HNqCFpV4UAnxRsNJA5zK9bTYASPue21CTqmJ55knWkoBAedX81cSXwtpTJzaUvUvjcZW8vBaJ3/0/*,[dd1fad4d/48'/0'/0'/3']xpub6DXuQW1Q2JpZzMGqJsp1JsXauGTVdDYeWNHMrVFftWgCY761Ekc12DbjBXZ4e7F9zuvF9KbWra1FMNw7wFqmBjnwY7yqUYEt1uxsdqy7QL4/0/*),and_v(v:multi_a(1,[b8688df1/48'/0'/0'/3']xpub6DXuQW1Q2JpZzhem9yahH4CASHRvtGBvt4qzHi4Y1CziQ4pWbhKapCQNMND9csxg3rsoCxPtyXMQmvFhmwg3Kzhm6m6DQMbiFL1tnH4fhbA/0/*,[b8688df1/48'/0'/1'/3']xpub6DXuQW1Q2Jpa24MCYbGC2JWeaRjh5SxrpEDd8mG44CxoSVNa56XwxXREUmLQf5keJ654KrQpdoSNLvqMbyBGQvFye7GeYhaDaG5orPogipx/0/*),older(26280))})#89dmh3ep
  desc.INTERNAL_ALL=tr(xpub661MyMwAqRbcGsh2aPxyWYDpR4F56mgEp5LYMRjucZxjpduyF3WB6xGsMKGFb4XZQDbSXMV269gdiT1m7WoE2Z6b1LuR8DoZnKFsRQ1WKXE/1/*,{multi_a(2,[28645006/48'/0'/0'/3']xpub6DXuQW1Q2JpZzBjktn8K7bSVR737F65Z8HNqCFpV4UAnxRsNJA5zK9bTYASPue21CTqmJ55knWkoBAedX81cSXwtpTJzaUvUvjcZW8vBaJ3/1/*,[dd1fad4d/48'/0'/0'/3']xpub6DXuQW1Q2JpZzMGqJsp1JsXauGTVdDYeWNHMrVFftWgCY761Ekc12DbjBXZ4e7F9zuvF9KbWra1FMNw7wFqmBjnwY7yqUYEt1uxsdqy7QL4/1/*),and_v(v:multi_a(1,[b8688df1/48'/0'/0'/3']xpub6DXuQW1Q2JpZzhem9yahH4CASHRvtGBvt4qzHi4Y1CziQ4pWbhKapCQNMND9csxg3rsoCxPtyXMQmvFhmwg3Kzhm6m6DQMbiFL1tnH4fhbA/1/*,[b8688df1/48'/0'/1'/3']xpub6DXuQW1Q2Jpa24MCYbGC2JWeaRjh5SxrpEDd8mG44CxoSVNa56XwxXREUmLQf5keJ654KrQpdoSNLvqMbyBGQvFye7GeYhaDaG5orPogipx/1/*),older(26280))})#2vdvwcre
  desc.EXTERNAL_INTERNAL=tr(xpub661MyMwAqRbcGsh2aPxyWYDpR4F56mgEp5LYMRjucZxjpduyF3WB6xGsMKGFb4XZQDbSXMV269gdiT1m7WoE2Z6b1LuR8DoZnKFsRQ1WKXE/<0;1>/*,{multi_a(2,[28645006/48'/0'/0'/3']xpub6DXuQW1Q2JpZzBjktn8K7bSVR737F65Z8HNqCFpV4UAnxRsNJA5zK9bTYASPue21CTqmJ55knWkoBAedX81cSXwtpTJzaUvUvjcZW8vBaJ3/<0;1>/*,[dd1fad4d/48'/0'/0'/3']xpub6DXuQW1Q2JpZzMGqJsp1JsXauGTVdDYeWNHMrVFftWgCY761Ekc12DbjBXZ4e7F9zuvF9KbWra1FMNw7wFqmBjnwY7yqUYEt1uxsdqy7QL4/<0;1>/*),and_v(v:multi_a(1,[b8688df1/48'/0'/0'/3']xpub6DXuQW1Q2JpZzhem9yahH4CASHRvtGBvt4qzHi4Y1CziQ4pWbhKapCQNMND9csxg3rsoCxPtyXMQmvFhmwg3Kzhm6m6DQMbiFL1tnH4fhbA/<0;1>/*,[b8688df1/48'/0'/1'/3']xpub6DXuQW1Q2Jpa24MCYbGC2JWeaRjh5SxrpEDd8mG44CxoSVNa56XwxXREUmLQf5keJ654KrQpdoSNLvqMbyBGQvFye7GeYhaDaG5orPogipx/<0;1>/*),older(26280))})#upm5ftyy
  desc.TEMPLATE=tr(xpub661MyMwAqRbcGsh2aPxyWYDpR4F56mgEp5LYMRjucZxjpduyF3WB6xGsMKGFb4XZQDbSXMV269gdiT1m7WoE2Z6b1LuR8DoZnKFsRQ1WKXE/**,{multi_a(2,[28645006/48'/0'/0'/3']xpub6DXuQW1Q2JpZzBjktn8K7bSVR737F65Z8HNqCFpV4UAnxRsNJA5zK9bTYASPue21CTqmJ55knWkoBAedX81cSXwtpTJzaUvUvjcZW8vBaJ3/**,[dd1fad4d/48'/0'/0'/3']xpub6DXuQW1Q2JpZzMGqJsp1JsXauGTVdDYeWNHMrVFftWgCY761Ekc12DbjBXZ4e7F9zuvF9KbWra1FMNw7wFqmBjnwY7yqUYEt1uxsdqy7QL4/**),and_v(v:multi_a(1,[b8688df1/48'/0'/0'/3']xpub6DXuQW1Q2JpZzhem9yahH4CASHRvtGBvt4qzHi4Y1CziQ4pWbhKapCQNMND9csxg3rsoCxPtyXMQmvFhmwg3Kzhm6m6DQMbiFL1tnH4fhbA/**,[b8688df1/48'/0'/1'/3']xpub6DXuQW1Q2Jpa24MCYbGC2JWeaRjh5SxrpEDd8mG44CxoSVNa56XwxXREUmLQf5keJ654KrQpdoSNLvqMbyBGQvFye7GeYhaDaG5orPogipx/**),older(26280))})
  miniscript={multi_a(2,[28645006/48'/0'/0'/3']xpub6DXuQW1Q2JpZzBjktn8K7bSVR737F65Z8HNqCFpV4UAnxRsNJA5zK9bTYASPue21CTqmJ55knWkoBAedX81cSXwtpTJzaUvUvjcZW8vBaJ3/*,[dd1fad4d/48'/0'/0'/3']xpub6DXuQW1Q2JpZzMGqJsp1JsXauGTVdDYeWNHMrVFftWgCY761Ekc12DbjBXZ4e7F9zuvF9KbWra1FMNw7wFqmBjnwY7yqUYEt1uxsdqy7QL4/*),and_v(v:multi_a(1,[b8688df1/48'/0'/0'/3']xpub6DXuQW1Q2JpZzhem9yahH4CASHRvtGBvt4qzHi4Y1CziQ4pWbhKapCQNMND9csxg3rsoCxPtyXMQmvFhmwg3Kzhm6m6DQMbiFL1tnH4fhbA/*,[b8688df1/48'/0'/1'/3']xpub6DXuQW1Q2Jpa24MCYbGC2JWeaRjh5SxrpEDd8mG44CxoSVNa56XwxXREUmLQf5keJ654KrQpdoSNLvqMbyBGQvFye7GeYhaDaG5orPogipx/*),older(26280))}
  scriptnode={multi(2,[28645006/48'/0'/0'/3']xpub6DXuQW1Q2JpZzBjktn8K7bSVR737F65Z8HNqCFpV4UAnxRsNJA5zK9bTYASPue21CTqmJ55knWkoBAedX81cSXwtpTJzaUvUvjcZW8vBaJ3/*,[dd1fad4d/48'/0'/0'/3']xpub6DXuQW1Q2JpZzMGqJsp1JsXauGTVdDYeWNHMrVFftWgCY761Ekc12DbjBXZ4e7F9zuvF9KbWra1FMNw7wFqmBjnwY7yqUYEt1uxsdqy7QL4/*),and(multi(1,[b8688df1/48'/0'/0'/3']xpub6DXuQW1Q2JpZzhem9yahH4CASHRvtGBvt4qzHi4Y1CziQ4pWbhKapCQNMND9csxg3rsoCxPtyXMQmvFhmwg3Kzhm6m6DQMbiFL1tnH4fhbA/*,[b8688df1/48'/0'/1'/3']xpub6DXuQW1Q2Jpa24MCYbGC2JWeaRjh5SxrpEDd8mG44CxoSVNa56XwxXREUmLQf5keJ654KrQpdoSNLvqMbyBGQvFye7GeYhaDaG5orPogipx/*),older(26280))}
type=13 k=0 keys=0 id=1.
  type=12 k=2 keys=2 id=1.1.
  type=8 k=0 keys=0 id=1.2.
    type=12 k=1 keys=2 id=1.2.1.
    type=2 k=26280 keys=0 id=1.2.2.
  signing_paths=2: [1.1.,] [1.2.1.,1.2.2.,]
  check_valid=ok
  sanitize_signers=4
  receive=bc1p7f2vp2nhvdfuxz7j2s45hp6k40nhdv3c2fhqhyw70755nhhn9vwq3kydan bc1plne5g0frt9vqg95tusgg5wclq36slfre2xzvq5wrw6p7zu5wlnqssmzqjg bc1px8lg9q7mt2tha2w5gvul4uamm8ym347cya0rsy39huu7gd2ggq9sdvy6xr 
  change=bc1pesrnw9hthkvelkct9a56fsw0g7jk2fpnafdvchus6gj8pyfuvwqqzxgnd6 bc1p6mlr0pzxg76tu8cy5wtc7l24nm4af3e7azzfurmejsp2lck0y03sttagx9 bc1p9vpskxnehgtjk28d3tncll563n4s4pe72ffpl2wal79m7d5urjesatl5wq 
### tiered-2Bp2-sorted+pr1746
  ParseDescriptors=ACCEPT error=''
  IsValidTapscriptTemplate=true error=''
  ParseWalletDescriptor=ACCEPT
  wallet_type=MINISCRIPT address_type=TAPROOT template=DISABLE_KEY_PATH m=0 n=4 id=89dmh3ep
  signer[0] xfp=28645006 path=m/48h/0h/0h/3h eii=0;1 xpub=xpub6DXuQW1Q2JpZzBjktn8K7bSVR737F65Z8HNqCFpV4UAnxRsNJA5zK9bTYASPue21CTqmJ55knWkoBAedX81cSXwtpTJzaUvUvjcZW8vBaJ3
  signer[1] xfp=dd1fad4d path=m/48h/0h/0h/3h eii=0;1 xpub=xpub6DXuQW1Q2JpZzMGqJsp1JsXauGTVdDYeWNHMrVFftWgCY761Ekc12DbjBXZ4e7F9zuvF9KbWra1FMNw7wFqmBjnwY7yqUYEt1uxsdqy7QL4
  signer[2] xfp=b8688df1 path=m/48h/0h/0h/3h eii=0;1 xpub=xpub6DXuQW1Q2JpZzhem9yahH4CASHRvtGBvt4qzHi4Y1CziQ4pWbhKapCQNMND9csxg3rsoCxPtyXMQmvFhmwg3Kzhm6m6DQMbiFL1tnH4fhbA
  signer[3] xfp=b8688df1 path=m/48h/0h/1h/3h eii=0;1 xpub=xpub6DXuQW1Q2Jpa24MCYbGC2JWeaRjh5SxrpEDd8mG44CxoSVNa56XwxXREUmLQf5keJ654KrQpdoSNLvqMbyBGQvFye7GeYhaDaG5orPogipx
  desc.EXTERNAL_ALL=tr(xpub661MyMwAqRbcGsh2aPxyWYDpR4F56mgEp5LYMRjucZxjpduyF3WB6xGsMKGFb4XZQDbSXMV269gdiT1m7WoE2Z6b1LuR8DoZnKFsRQ1WKXE/0/*,{multi_a(2,[28645006/48'/0'/0'/3']xpub6DXuQW1Q2JpZzBjktn8K7bSVR737F65Z8HNqCFpV4UAnxRsNJA5zK9bTYASPue21CTqmJ55knWkoBAedX81cSXwtpTJzaUvUvjcZW8vBaJ3/0/*,[dd1fad4d/48'/0'/0'/3']xpub6DXuQW1Q2JpZzMGqJsp1JsXauGTVdDYeWNHMrVFftWgCY761Ekc12DbjBXZ4e7F9zuvF9KbWra1FMNw7wFqmBjnwY7yqUYEt1uxsdqy7QL4/0/*),and_v(v:multi_a(1,[b8688df1/48'/0'/0'/3']xpub6DXuQW1Q2JpZzhem9yahH4CASHRvtGBvt4qzHi4Y1CziQ4pWbhKapCQNMND9csxg3rsoCxPtyXMQmvFhmwg3Kzhm6m6DQMbiFL1tnH4fhbA/0/*,[b8688df1/48'/0'/1'/3']xpub6DXuQW1Q2Jpa24MCYbGC2JWeaRjh5SxrpEDd8mG44CxoSVNa56XwxXREUmLQf5keJ654KrQpdoSNLvqMbyBGQvFye7GeYhaDaG5orPogipx/0/*),older(26280))})#89dmh3ep
  desc.INTERNAL_ALL=tr(xpub661MyMwAqRbcGsh2aPxyWYDpR4F56mgEp5LYMRjucZxjpduyF3WB6xGsMKGFb4XZQDbSXMV269gdiT1m7WoE2Z6b1LuR8DoZnKFsRQ1WKXE/1/*,{multi_a(2,[28645006/48'/0'/0'/3']xpub6DXuQW1Q2JpZzBjktn8K7bSVR737F65Z8HNqCFpV4UAnxRsNJA5zK9bTYASPue21CTqmJ55knWkoBAedX81cSXwtpTJzaUvUvjcZW8vBaJ3/1/*,[dd1fad4d/48'/0'/0'/3']xpub6DXuQW1Q2JpZzMGqJsp1JsXauGTVdDYeWNHMrVFftWgCY761Ekc12DbjBXZ4e7F9zuvF9KbWra1FMNw7wFqmBjnwY7yqUYEt1uxsdqy7QL4/1/*),and_v(v:multi_a(1,[b8688df1/48'/0'/0'/3']xpub6DXuQW1Q2JpZzhem9yahH4CASHRvtGBvt4qzHi4Y1CziQ4pWbhKapCQNMND9csxg3rsoCxPtyXMQmvFhmwg3Kzhm6m6DQMbiFL1tnH4fhbA/1/*,[b8688df1/48'/0'/1'/3']xpub6DXuQW1Q2Jpa24MCYbGC2JWeaRjh5SxrpEDd8mG44CxoSVNa56XwxXREUmLQf5keJ654KrQpdoSNLvqMbyBGQvFye7GeYhaDaG5orPogipx/1/*),older(26280))})#2vdvwcre
  desc.EXTERNAL_INTERNAL=tr(xpub661MyMwAqRbcGsh2aPxyWYDpR4F56mgEp5LYMRjucZxjpduyF3WB6xGsMKGFb4XZQDbSXMV269gdiT1m7WoE2Z6b1LuR8DoZnKFsRQ1WKXE/<0;1>/*,{multi_a(2,[28645006/48'/0'/0'/3']xpub6DXuQW1Q2JpZzBjktn8K7bSVR737F65Z8HNqCFpV4UAnxRsNJA5zK9bTYASPue21CTqmJ55knWkoBAedX81cSXwtpTJzaUvUvjcZW8vBaJ3/<0;1>/*,[dd1fad4d/48'/0'/0'/3']xpub6DXuQW1Q2JpZzMGqJsp1JsXauGTVdDYeWNHMrVFftWgCY761Ekc12DbjBXZ4e7F9zuvF9KbWra1FMNw7wFqmBjnwY7yqUYEt1uxsdqy7QL4/<0;1>/*),and_v(v:multi_a(1,[b8688df1/48'/0'/0'/3']xpub6DXuQW1Q2JpZzhem9yahH4CASHRvtGBvt4qzHi4Y1CziQ4pWbhKapCQNMND9csxg3rsoCxPtyXMQmvFhmwg3Kzhm6m6DQMbiFL1tnH4fhbA/<0;1>/*,[b8688df1/48'/0'/1'/3']xpub6DXuQW1Q2Jpa24MCYbGC2JWeaRjh5SxrpEDd8mG44CxoSVNa56XwxXREUmLQf5keJ654KrQpdoSNLvqMbyBGQvFye7GeYhaDaG5orPogipx/<0;1>/*),older(26280))})#upm5ftyy
  desc.TEMPLATE=tr(xpub661MyMwAqRbcGsh2aPxyWYDpR4F56mgEp5LYMRjucZxjpduyF3WB6xGsMKGFb4XZQDbSXMV269gdiT1m7WoE2Z6b1LuR8DoZnKFsRQ1WKXE/**,{multi_a(2,[28645006/48'/0'/0'/3']xpub6DXuQW1Q2JpZzBjktn8K7bSVR737F65Z8HNqCFpV4UAnxRsNJA5zK9bTYASPue21CTqmJ55knWkoBAedX81cSXwtpTJzaUvUvjcZW8vBaJ3/**,[dd1fad4d/48'/0'/0'/3']xpub6DXuQW1Q2JpZzMGqJsp1JsXauGTVdDYeWNHMrVFftWgCY761Ekc12DbjBXZ4e7F9zuvF9KbWra1FMNw7wFqmBjnwY7yqUYEt1uxsdqy7QL4/**),and_v(v:multi_a(1,[b8688df1/48'/0'/0'/3']xpub6DXuQW1Q2JpZzhem9yahH4CASHRvtGBvt4qzHi4Y1CziQ4pWbhKapCQNMND9csxg3rsoCxPtyXMQmvFhmwg3Kzhm6m6DQMbiFL1tnH4fhbA/**,[b8688df1/48'/0'/1'/3']xpub6DXuQW1Q2Jpa24MCYbGC2JWeaRjh5SxrpEDd8mG44CxoSVNa56XwxXREUmLQf5keJ654KrQpdoSNLvqMbyBGQvFye7GeYhaDaG5orPogipx/**),older(26280))})
  miniscript={multi_a(2,[28645006/48'/0'/0'/3']xpub6DXuQW1Q2JpZzBjktn8K7bSVR737F65Z8HNqCFpV4UAnxRsNJA5zK9bTYASPue21CTqmJ55knWkoBAedX81cSXwtpTJzaUvUvjcZW8vBaJ3/*,[dd1fad4d/48'/0'/0'/3']xpub6DXuQW1Q2JpZzMGqJsp1JsXauGTVdDYeWNHMrVFftWgCY761Ekc12DbjBXZ4e7F9zuvF9KbWra1FMNw7wFqmBjnwY7yqUYEt1uxsdqy7QL4/*),and_v(v:multi_a(1,[b8688df1/48'/0'/0'/3']xpub6DXuQW1Q2JpZzhem9yahH4CASHRvtGBvt4qzHi4Y1CziQ4pWbhKapCQNMND9csxg3rsoCxPtyXMQmvFhmwg3Kzhm6m6DQMbiFL1tnH4fhbA/*,[b8688df1/48'/0'/1'/3']xpub6DXuQW1Q2Jpa24MCYbGC2JWeaRjh5SxrpEDd8mG44CxoSVNa56XwxXREUmLQf5keJ654KrQpdoSNLvqMbyBGQvFye7GeYhaDaG5orPogipx/*),older(26280))}
  scriptnode={multi(2,[28645006/48'/0'/0'/3']xpub6DXuQW1Q2JpZzBjktn8K7bSVR737F65Z8HNqCFpV4UAnxRsNJA5zK9bTYASPue21CTqmJ55knWkoBAedX81cSXwtpTJzaUvUvjcZW8vBaJ3/*,[dd1fad4d/48'/0'/0'/3']xpub6DXuQW1Q2JpZzMGqJsp1JsXauGTVdDYeWNHMrVFftWgCY761Ekc12DbjBXZ4e7F9zuvF9KbWra1FMNw7wFqmBjnwY7yqUYEt1uxsdqy7QL4/*),and(multi(1,[b8688df1/48'/0'/0'/3']xpub6DXuQW1Q2JpZzhem9yahH4CASHRvtGBvt4qzHi4Y1CziQ4pWbhKapCQNMND9csxg3rsoCxPtyXMQmvFhmwg3Kzhm6m6DQMbiFL1tnH4fhbA/*,[b8688df1/48'/0'/1'/3']xpub6DXuQW1Q2Jpa24MCYbGC2JWeaRjh5SxrpEDd8mG44CxoSVNa56XwxXREUmLQf5keJ654KrQpdoSNLvqMbyBGQvFye7GeYhaDaG5orPogipx/*),older(26280))}
type=13 k=0 keys=0 id=1.
  type=12 k=2 keys=2 id=1.1.
  type=8 k=0 keys=0 id=1.2.
    type=12 k=1 keys=2 id=1.2.1.
    type=2 k=26280 keys=0 id=1.2.2.
  signing_paths=2: [1.1.,] [1.2.1.,1.2.2.,]
  check_valid=ok
  sanitize_signers=4
  receive=bc1p7f2vp2nhvdfuxz7j2s45hp6k40nhdv3c2fhqhyw70755nhhn9vwq3kydan bc1plne5g0frt9vqg95tusgg5wclq36slfre2xzvq5wrw6p7zu5wlnqssmzqjg bc1px8lg9q7mt2tha2w5gvul4uamm8ym347cya0rsy39huu7gd2ggq9sdvy6xr 
  change=bc1pesrnw9hthkvelkct9a56fsw0g7jk2fpnafdvchus6gj8pyfuvwqqzxgnd6 bc1p6mlr0pzxg76tu8cy5wtc7l24nm4af3e7azzfurmejsp2lck0y03sttagx9 bc1p9vpskxnehgtjk28d3tncll563n4s4pe72ffpl2wal79m7d5urjesatl5wq 
